Archive member included to satisfy reference by file (symbol)

c:/siliconlabs/simplicitystudio/v5/developer/toolchains/gnu_arm/10.3_2021.10/bin/../lib/gcc/arm-none-eabi/10.3.1/../../../../arm-none-eabi/lib/thumb/v7e-m+fp/softfp\libc_nano.a(lib_a-exit.o)
                              c:/siliconlabs/simplicitystudio/v5/developer/toolchains/gnu_arm/10.3_2021.10/bin/../lib/gcc/arm-none-eabi/10.3.1/../../../../arm-none-eabi/lib/thumb/v7e-m+fp/softfp/crt0.o (exit)
c:/siliconlabs/simplicitystudio/v5/developer/toolchains/gnu_arm/10.3_2021.10/bin/../lib/gcc/arm-none-eabi/10.3.1/../../../../arm-none-eabi/lib/thumb/v7e-m+fp/softfp\libc_nano.a(lib_a-impure.o)
                              c:/siliconlabs/simplicitystudio/v5/developer/toolchains/gnu_arm/10.3_2021.10/bin/../lib/gcc/arm-none-eabi/10.3.1/../../../../arm-none-eabi/lib/thumb/v7e-m+fp/softfp\libc_nano.a(lib_a-exit.o) (_global_impure_ptr)
c:/siliconlabs/simplicitystudio/v5/developer/toolchains/gnu_arm/10.3_2021.10/bin/../lib/gcc/arm-none-eabi/10.3.1/../../../../arm-none-eabi/lib/thumb/v7e-m+fp/softfp\libc_nano.a(lib_a-init.o)
                              c:/siliconlabs/simplicitystudio/v5/developer/toolchains/gnu_arm/10.3_2021.10/bin/../lib/gcc/arm-none-eabi/10.3.1/../../../../arm-none-eabi/lib/thumb/v7e-m+fp/softfp/crt0.o (__libc_init_array)
c:/siliconlabs/simplicitystudio/v5/developer/toolchains/gnu_arm/10.3_2021.10/bin/../lib/gcc/arm-none-eabi/10.3.1/../../../../arm-none-eabi/lib/thumb/v7e-m+fp/softfp\libc_nano.a(lib_a-memset.o)
                              c:/siliconlabs/simplicitystudio/v5/developer/toolchains/gnu_arm/10.3_2021.10/bin/../lib/gcc/arm-none-eabi/10.3.1/../../../../arm-none-eabi/lib/thumb/v7e-m+fp/softfp/crt0.o (memset)
c:/siliconlabs/simplicitystudio/v5/developer/toolchains/gnu_arm/10.3_2021.10/bin/../lib/gcc/arm-none-eabi/10.3.1/../../../../arm-none-eabi/lib/thumb/v7e-m+fp/softfp\libnosys.a(_exit.o)
                              c:/siliconlabs/simplicitystudio/v5/developer/toolchains/gnu_arm/10.3_2021.10/bin/../lib/gcc/arm-none-eabi/10.3.1/../../../../arm-none-eabi/lib/thumb/v7e-m+fp/softfp\libc_nano.a(lib_a-exit.o) (_exit)

Discarded input sections

 .text          0x00000000        0x0 c:/siliconlabs/simplicitystudio/v5/developer/toolchains/gnu_arm/10.3_2021.10/bin/../lib/gcc/arm-none-eabi/10.3.1/thumb/v7e-m+fp/softfp/crti.o
 .data          0x00000000        0x0 c:/siliconlabs/simplicitystudio/v5/developer/toolchains/gnu_arm/10.3_2021.10/bin/../lib/gcc/arm-none-eabi/10.3.1/thumb/v7e-m+fp/softfp/crti.o
 .bss           0x00000000        0x0 c:/siliconlabs/simplicitystudio/v5/developer/toolchains/gnu_arm/10.3_2021.10/bin/../lib/gcc/arm-none-eabi/10.3.1/thumb/v7e-m+fp/softfp/crti.o
 .data          0x00000000        0x4 c:/siliconlabs/simplicitystudio/v5/developer/toolchains/gnu_arm/10.3_2021.10/bin/../lib/gcc/arm-none-eabi/10.3.1/thumb/v7e-m+fp/softfp/crtbegin.o
 .rodata        0x00000000       0x24 c:/siliconlabs/simplicitystudio/v5/developer/toolchains/gnu_arm/10.3_2021.10/bin/../lib/gcc/arm-none-eabi/10.3.1/thumb/v7e-m+fp/softfp/crtbegin.o
 .data          0x00000000        0x0 c:/siliconlabs/simplicitystudio/v5/developer/toolchains/gnu_arm/10.3_2021.10/bin/../lib/gcc/arm-none-eabi/10.3.1/../../../../arm-none-eabi/lib/thumb/v7e-m+fp/softfp/crt0.o
 .bss           0x00000000        0x0 c:/siliconlabs/simplicitystudio/v5/developer/toolchains/gnu_arm/10.3_2021.10/bin/../lib/gcc/arm-none-eabi/10.3.1/../../../../arm-none-eabi/lib/thumb/v7e-m+fp/softfp/crt0.o
 .ARM.extab     0x00000000        0x0 c:/siliconlabs/simplicitystudio/v5/developer/toolchains/gnu_arm/10.3_2021.10/bin/../lib/gcc/arm-none-eabi/10.3.1/../../../../arm-none-eabi/lib/thumb/v7e-m+fp/softfp/crt0.o
 .group         0x00000000        0xc ./app.o
 .group         0x00000000        0xc ./app.o
 .group         0x00000000        0xc ./app.o
 .group         0x00000000        0xc ./app.o
 .group         0x00000000        0xc ./app.o
 .group         0x00000000        0xc ./app.o
 .group         0x00000000        0xc ./app.o
 .group         0x00000000        0xc ./app.o
 .group         0x00000000        0xc ./app.o
 .group         0x00000000        0xc ./app.o
 .group         0x00000000        0xc ./app.o
 .group         0x00000000        0xc ./app.o
 .group         0x00000000        0xc ./app.o
 .group         0x00000000        0xc ./app.o
 .group         0x00000000        0xc ./app.o
 .group         0x00000000        0xc ./app.o
 .group         0x00000000        0xc ./app.o
 .group         0x00000000        0xc ./app.o
 .group         0x00000000        0xc ./app.o
 .group         0x00000000        0xc ./app.o
 .group         0x00000000        0xc ./app.o
 .group         0x00000000        0xc ./app.o
 .group         0x00000000        0xc ./app.o
 .group         0x00000000        0xc ./app.o
 .group         0x00000000        0xc ./app.o
 .group         0x00000000        0xc ./app.o
 .group         0x00000000        0xc ./app.o
 .group         0x00000000        0xc ./app.o
[...]
Memory Configuration

Name             Origin             Length             Attributes
FLASH            0x00000000         0x00100000         xr
RAM              0x20000000         0x00040000         xrw
*default*        0x00000000         0xffffffff

Linker script and memory map

LOAD c:/siliconlabs/simplicitystudio/v5/developer/toolchains/gnu_arm/10.3_2021.10/bin/../lib/gcc/arm-none-eabi/10.3.1/thumb/v7e-m+fp/softfp/crti.o
LOAD c:/siliconlabs/simplicitystudio/v5/developer/toolchains/gnu_arm/10.3_2021.10/bin/../lib/gcc/arm-none-eabi/10.3.1/thumb/v7e-m+fp/softfp/crtbegin.o
LOAD c:/siliconlabs/simplicitystudio/v5/developer/toolchains/gnu_arm/10.3_2021.10/bin/../lib/gcc/arm-none-eabi/10.3.1/../../../../arm-none-eabi/lib/thumb/v7e-m+fp/softfp/crt0.o
START GROUP
LOAD ./app.o
LOAD ./main.o
LOAD ./autogen/sl_device_init_clocks.o
LOAD ./autogen/sl_event_handler.o
LOAD ./gecko_sdk_4.1.0/platform/Device/SiliconLabs/EFR32MG12P/Source/startup_efr32mg12p.o
LOAD ./gecko_sdk_4.1.0/platform/Device/SiliconLabs/EFR32MG12P/Source/system_efr32mg12p.o
LOAD ./gecko_sdk_4.1.0/platform/common/src/sl_assert.o
LOAD ./gecko_sdk_4.1.0/platform/common/toolchain/src/sl_memory.o
LOAD ./gecko_sdk_4.1.0/platform/emlib/src/em_cmu.o
LOAD ./gecko_sdk_4.1.0/platform/emlib/src/em_core.o
LOAD ./gecko_sdk_4.1.0/platform/emlib/src/em_emu.o
LOAD ./gecko_sdk_4.1.0/platform/emlib/src/em_gpio.o
LOAD ./gecko_sdk_4.1.0/platform/emlib/src/em_letimer.o
LOAD ./gecko_sdk_4.1.0/platform/emlib/src/em_msc.o
LOAD ./gecko_sdk_4.1.0/platform/emlib/src/em_rmu.o
LOAD ./gecko_sdk_4.1.0/platform/emlib/src/em_system.o
LOAD ./gecko_sdk_4.1.0/platform/emlib/src/em_timer.o
LOAD ./gecko_sdk_4.1.0/platform/emlib/src/em_wdog.o
LOAD ./gecko_sdk_4.1.0/platform/service/device_init/src/sl_device_init_dcdc_s1.o
LOAD ./gecko_sdk_4.1.0/platform/service/device_init/src/sl_device_init_emu_s1.o
LOAD ./gecko_sdk_4.1.0/platform/service/device_init/src/sl_device_init_hfxo_s1.o
LOAD ./gecko_sdk_4.1.0/platform/service/device_init/src/sl_device_init_lfxo_s1.o
LOAD ./gecko_sdk_4.1.0/platform/service/device_init/src/sl_device_init_nvic.o
LOAD ./gecko_sdk_4.1.0/platform/service/system/src/sl_system_init.o
LOAD ./gecko_sdk_4.1.0/platform/service/system/src/sl_system_process_action.o
LOAD ./gecko_sdk_4.1.0/platform/service/udelay/src/sl_udelay.o
LOAD ./gecko_sdk_4.1.0/platform/service/udelay/src/sl_udelay_armv6m_gcc.o
LOAD c:/siliconlabs/simplicitystudio/v5/developer/toolchains/gnu_arm/10.3_2021.10/bin/../lib/gcc/arm-none-eabi/10.3.1/thumb/v7e-m+fp/softfp\libgcc.a
LOAD c:/siliconlabs/simplicitystudio/v5/developer/toolchains/gnu_arm/10.3_2021.10/bin/../lib/gcc/arm-none-eabi/10.3.1/../../../../arm-none-eabi/lib/thumb/v7e-m+fp/softfp\libc_nano.a
LOAD c:/siliconlabs/simplicitystudio/v5/developer/toolchains/gnu_arm/10.3_2021.10/bin/../lib/gcc/arm-none-eabi/10.3.1/../../../../arm-none-eabi/lib/thumb/v7e-m+fp/softfp\libm.a
LOAD c:/siliconlabs/simplicitystudio/v5/developer/toolchains/gnu_arm/10.3_2021.10/bin/../lib/gcc/arm-none-eabi/10.3.1/../../../../arm-none-eabi/lib/thumb/v7e-m+fp/softfp\libnosys.a
END GROUP
START GROUP
LOAD c:/siliconlabs/simplicitystudio/v5/developer/toolchains/gnu_arm/10.3_2021.10/bin/../lib/gcc/arm-none-eabi/10.3.1/thumb/v7e-m+fp/softfp\libgcc.a
LOAD c:/siliconlabs/simplicitystudio/v5/developer/toolchains/gnu_arm/10.3_2021.10/bin/../lib/gcc/arm-none-eabi/10.3.1/../../../../arm-none-eabi/lib/thumb/v7e-m+fp/softfp\libc_nano.a
LOAD c:/siliconlabs/simplicitystudio/v5/developer/toolchains/gnu_arm/10.3_2021.10/bin/../lib/gcc/arm-none-eabi/10.3.1/../../../../arm-none-eabi/lib/thumb/v7e-m+fp/softfp\libnosys.a
END GROUP
START GROUP
LOAD c:/siliconlabs/simplicitystudio/v5/developer/toolchains/gnu_arm/10.3_2021.10/bin/../lib/gcc/arm-none-eabi/10.3.1/thumb/v7e-m+fp/softfp\libgcc.a
LOAD c:/siliconlabs/simplicitystudio/v5/developer/toolchains/gnu_arm/10.3_2021.10/bin/../lib/gcc/arm-none-eabi/10.3.1/../../../../arm-none-eabi/lib/thumb/v7e-m+fp/softfp\libg_nano.a
LOAD c:/siliconlabs/simplicitystudio/v5/developer/toolchains/gnu_arm/10.3_2021.10/bin/../lib/gcc/arm-none-eabi/10.3.1/../../../../arm-none-eabi/lib/thumb/v7e-m+fp/softfp\libc_nano.a
END GROUP
START GROUP
LOAD c:/siliconlabs/simplicitystudio/v5/developer/toolchains/gnu_arm/10.3_2021.10/bin/../lib/gcc/arm-none-eabi/10.3.1/thumb/v7e-m+fp/softfp\libgcc.a
LOAD c:/siliconlabs/simplicitystudio/v5/developer/toolchains/gnu_arm/10.3_2021.10/bin/../lib/gcc/arm-none-eabi/10.3.1/../../../../arm-none-eabi/lib/thumb/v7e-m+fp/softfp\libc_nano.a
END GROUP
LOAD c:/siliconlabs/simplicitystudio/v5/developer/toolchains/gnu_arm/10.3_2021.10/bin/../lib/gcc/arm-none-eabi/10.3.1/thumb/v7e-m+fp/softfp/crtend.o
LOAD c:/siliconlabs/simplicitystudio/v5/developer/toolchains/gnu_arm/10.3_2021.10/bin/../lib/gcc/arm-none-eabi/10.3.1/thumb/v7e-m+fp/softfp/crtn.o

.text           0x00000000     0x3ebc
                0x00000000                linker_vectors_begin = .
 *(.vectors)
 .vectors       0x00000000      0x10c ./gecko_sdk_4.1.0/platform/Device/SiliconLabs/EFR32MG12P/Source/startup_efr32mg12p.o
                0x00000000                __Vectors
                0x0000010c                linker_vectors_end = .
                0x0000010c                __Vectors_End = .
                0x0000010c                __Vectors_Size = (__Vectors_End - __Vectors)
                0x0000010c                linker_code_begin = .
 *(.text*)
 .text          0x0000010c       0x40 c:/siliconlabs/simplicitystudio/v5/developer/toolchains/gnu_arm/10.3_2021.10/bin/../lib/gcc/arm-none-eabi/10.3.1/thumb/v7e-m+fp/softfp/crtbegin.o
 .text          0x0000014c       0x7c c:/siliconlabs/simplicitystudio/v5/developer/toolchains/gnu_arm/10.3_2021.10/bin/../lib/gcc/arm-none-eabi/10.3.1/../../../../arm-none-eabi/lib/thumb/v7e-m+fp/softfp/crt0.o
                0x0000014c                _stack_init
                0x00000154                _start
                0x00000154                _mainCRTStartup
 .text.__NVIC_SetPriority
                0x000001c8       0x50 ./app.o
 .text.SysTick_Config
                0x00000218       0x40 ./app.o
 .text.BUS_RegBitRead
                0x00000258       0x24 ./app.o
 .text.BUS_RegMaskedSet
                0x0000027c       0x1a ./app.o
 *fill*         0x00000296        0x2 
 .text.GPIO_PinInGet
                0x00000298       0xe0 ./app.o
 .text.GPIO_PinOutSet
                0x00000378       0xe8 ./app.o
 .text.GPIO_PinOutToggle
                0x00000460       0xe0 ./app.o
 .text.initWDOG
                0x00000540       0x4c ./app.o
                0x00000540                initWDOG
 .text.app_init
                0x0000058c       0x80 ./app.o
                0x0000058c                app_init
 .text.app_process_action
                0x0000060c       0x50 ./app.o
                0x0000060c                app_process_action
 .text.main     0x0000065c       0x14 ./main.o
                0x0000065c                main
 .text.sl_device_init_clocks
                0x00000670       0x40 ./autogen/sl_device_init_clocks.o
                0x00000670                sl_device_init_clocks
 .text.SYSTEM_GetProdRev
                0x000006b0       0x10 ./autogen/sl_event_handler.o
 .text.CHIP_Init
                0x000006c0       0x94 ./autogen/sl_event_handler.o
 .text.sl_platform_init
                0x00000754       0x22 ./autogen/sl_event_handler.o
                0x00000754                sl_platform_init
 .text.sl_driver_init
                0x00000776        0x4 ./autogen/sl_event_handler.o
                0x00000776                sl_driver_init
 .text.sl_service_init
                0x0000077a        0x4 ./autogen/sl_event_handler.o
                0x0000077a                sl_service_init
 .text.sl_stack_init
                0x0000077e        0x4 ./autogen/sl_event_handler.o
                0x0000077e                sl_stack_init
 .text.sl_internal_app_init
                0x00000782        0x4 ./autogen/sl_event_handler.o
                0x00000782                sl_internal_app_init
 .text.sl_platform_process_action
                0x00000786        0x4 ./autogen/sl_event_handler.o
                0x00000786                sl_platform_process_action
 .text.sl_service_process_action
                0x0000078a        0x4 ./autogen/sl_event_handler.o
                0x0000078a                sl_service_process_action
 .text.sl_stack_process_action
                0x0000078e        0x4 ./autogen/sl_event_handler.o
                0x0000078e                sl_stack_process_action
 .text.sl_internal_app_process_action
                0x00000792        0x4 ./autogen/sl_event_handler.o
                0x00000792                sl_internal_app_process_action
 *fill*         0x00000796        0x2 
 .text.Reset_Handler
                0x00000798       0x98 ./gecko_sdk_4.1.0/platform/Device/SiliconLabs/EFR32MG12P/Source/startup_efr32mg12p.o
                0x00000798                Reset_Handler
 .text.Default_Handler
                0x00000830        0x2 ./gecko_sdk_4.1.0/platform/Device/SiliconLabs/EFR32MG12P/Source/startup_efr32mg12p.o
                0x00000830                DebugMon_Handler
                0x00000830                USART0_TX_IRQHandler
                0x00000830                I2C0_IRQHandler
                0x00000830                HardFault_Handler
                0x00000830                SysTick_Handler
                0x00000830                USART1_RX_IRQHandler
                0x00000830                PendSV_Handler
                0x00000830                NMI_Handler
                0x00000830                SYNTH_IRQHandler
                0x00000830                I2C1_IRQHandler
                0x00000830                WTIMER0_IRQHandler
                0x00000830                CRYPTO0_IRQHandler
                0x00000830                WDOG0_IRQHandler
                0x00000830                USART1_TX_IRQHandler
                0x00000830                SMU_IRQHandler
                0x00000830                MSC_IRQHandler
                0x00000830                ADC0_IRQHandler
                0x00000830                UsageFault_Handler
                0x00000830                WDOG1_IRQHandler
                0x00000830                LEUART0_IRQHandler
                0x00000830                FPUEH_IRQHandler
                0x00000830                WTIMER1_IRQHandler
                0x00000830                GPIO_EVEN_IRQHandler
                0x00000830                VDAC0_IRQHandler
                0x00000830                LDMA_IRQHandler
                0x00000830                CSEN_IRQHandler
                0x00000830                CRYPTO1_IRQHandler
                0x00000830                TIMER0_IRQHandler
                0x00000830                PCNT2_IRQHandler
                0x00000830                LETIMER0_IRQHandler
                0x00000830                TIMER1_IRQHandler
                0x00000830                TRNG0_IRQHandler
                0x00000830                RFSENSE_IRQHandler
                0x00000830                BUFC_IRQHandler
                0x00000830                MODEM_IRQHandler
                0x00000830                USART2_RX_IRQHandler
                0x00000830                Default_Handler
                0x00000830                RAC_SEQ_IRQHandler
                0x00000830                FRC_PRI_IRQHandler
                0x00000830                EMU_IRQHandler
                0x00000830                FRC_IRQHandler
                0x00000830                CRYOTIMER_IRQHandler
                0x00000830                PCNT0_IRQHandler
                0x00000830                AGC_IRQHandler
                0x00000830                sl_app_properties
                0x00000830                PCNT1_IRQHandler
                0x00000830                ACMP0_IRQHandler
                0x00000830                USART0_RX_IRQHandler
                0x00000830                MemManage_Handler
                0x00000830                SVC_Handler
                0x00000830                USART3_RX_IRQHandler
                0x00000830                RTCC_IRQHandler
                0x00000830                CMU_IRQHandler
                0x00000830                RAC_RSM_IRQHandler
                0x00000830                LESENSE_IRQHandler
                0x00000830                GPIO_ODD_IRQHandler
                0x00000830                USART3_TX_IRQHandler
                0x00000830                PROTIMER_IRQHandler
                0x00000830                BusFault_Handler
                0x00000830                USART2_TX_IRQHandler
                0x00000830                IDAC0_IRQHandler
 *fill*         0x00000832        0x2 
 .text.SystemCoreClockGet
                0x00000834       0x3c ./gecko_sdk_4.1.0/platform/Device/SiliconLabs/EFR32MG12P/Source/system_efr32mg12p.o
                0x00000834                SystemCoreClockGet
 .text.SystemMaxCoreClockGet
                0x00000870        0xc ./gecko_sdk_4.1.0/platform/Device/SiliconLabs/EFR32MG12P/Source/system_efr32mg12p.o
                0x00000870                SystemMaxCoreClockGet
 .text.SystemHFClockGet
                0x0000087c       0x7c ./gecko_sdk_4.1.0/platform/Device/SiliconLabs/EFR32MG12P/Source/system_efr32mg12p.o
                0x0000087c                SystemHFClockGet
 .text.SystemHFXOClockGet
                0x000008f8        0xc ./gecko_sdk_4.1.0/platform/Device/SiliconLabs/EFR32MG12P/Source/system_efr32mg12p.o
                0x000008f8                SystemHFXOClockGet
 .text.SystemHFXOClockSet
                0x00000904       0x30 ./gecko_sdk_4.1.0/platform/Device/SiliconLabs/EFR32MG12P/Source/system_efr32mg12p.o
                0x00000904                SystemHFXOClockSet
 .text.SystemInit
                0x00000934       0x24 ./gecko_sdk_4.1.0/platform/Device/SiliconLabs/EFR32MG12P/Source/system_efr32mg12p.o
                0x00000934                SystemInit
 .text.SystemLFRCOClockGet
                0x00000958        0x8 ./gecko_sdk_4.1.0/platform/Device/SiliconLabs/EFR32MG12P/Source/system_efr32mg12p.o
                0x00000958                SystemLFRCOClockGet
 .text.SystemULFRCOClockGet
                0x00000960        0x8 ./gecko_sdk_4.1.0/platform/Device/SiliconLabs/EFR32MG12P/Source/system_efr32mg12p.o
                0x00000960                SystemULFRCOClockGet
 .text.SystemLFXOClockGet
                0x00000968        0xc ./gecko_sdk_4.1.0/platform/Device/SiliconLabs/EFR32MG12P/Source/system_efr32mg12p.o
                0x00000968                SystemLFXOClockGet
 .text.assertEFM
                0x00000974        0x8 ./gecko_sdk_4.1.0/platform/common/src/sl_assert.o
                0x00000974                assertEFM
 .text.SL_Log2ToDiv
                0x0000097c       0x2c ./gecko_sdk_4.1.0/platform/emlib/src/em_cmu.o
 .text.BUS_RegBitWrite
                0x000009a8       0x40 ./gecko_sdk_4.1.0/platform/emlib/src/em_cmu.o
 .text.BUS_RegBitRead
                0x000009e8       0x24 ./gecko_sdk_4.1.0/platform/emlib/src/em_cmu.o
 .text.EMU_LDOStatusGet
                0x00000a0c       0x1c ./gecko_sdk_4.1.0/platform/emlib/src/em_cmu.o
 .text.EMU_VScaleWait
                0x00000a28       0x2c ./gecko_sdk_4.1.0/platform/emlib/src/em_cmu.o
 .text.EMU_VScaleGet
                0x00000a54       0x1c ./gecko_sdk_4.1.0/platform/emlib/src/em_cmu.o
 .text.MSC_LockGetLocked
                0x00000a70       0x1c ./gecko_sdk_4.1.0/platform/emlib/src/em_cmu.o
 .text.MSC_LockSetLocked
                0x00000a8c       0x10 ./gecko_sdk_4.1.0/platform/emlib/src/em_cmu.o
 .text.MSC_LockSetUnlocked
                0x00000a9c       0x10 ./gecko_sdk_4.1.0/platform/emlib/src/em_cmu.o
 .text.MSC_ReadCTRLGet
                0x00000aac        0xc ./gecko_sdk_4.1.0/platform/emlib/src/em_cmu.o
 .text.MSC_ReadCTRLSet
                0x00000ab8       0x14 ./gecko_sdk_4.1.0/platform/emlib/src/em_cmu.o
 .text.setHfLeConfig
                0x00000acc       0x64 ./gecko_sdk_4.1.0/platform/emlib/src/em_cmu.o
 .text.auxClkGet
                0x00000b30       0x14 ./gecko_sdk_4.1.0/platform/emlib/src/em_cmu.o
 .text.hfSrcClkGet
                0x00000b44       0x2c ./gecko_sdk_4.1.0/platform/emlib/src/em_cmu.o
 .text.dbgClkGet
                0x00000b70       0x50 ./gecko_sdk_4.1.0/platform/emlib/src/em_cmu.o
 .text.adcAsyncClkGet
                0x00000bc0       0x9c ./gecko_sdk_4.1.0/platform/emlib/src/em_cmu.o
 .text.flashWaitStateControl
                0x00000c5c       0x98 ./gecko_sdk_4.1.0/platform/emlib/src/em_cmu.o
 .text.flashWaitStateMax
                0x00000cf4       0x34 ./gecko_sdk_4.1.0/platform/emlib/src/em_cmu.o
 .text.CMU_UpdateWaitStates
                0x00000d28       0x32 ./gecko_sdk_4.1.0/platform/emlib/src/em_cmu.o
                0x00000d28                CMU_UpdateWaitStates
 .text.getRegIshUpperVal
                0x00000d5a       0x2c ./gecko_sdk_4.1.0/platform/emlib/src/em_cmu.o
 *fill*         0x00000d86        0x2 
 .text.getHfxoTuningMode
                0x00000d88       0x14 ./gecko_sdk_4.1.0/platform/emlib/src/em_cmu.o
 .text.setHfxoTuningMode
                0x00000d9c       0x20 ./gecko_sdk_4.1.0/platform/emlib/src/em_cmu.o
 .text.lfClkGet
                0x00000dbc      0x12c ./gecko_sdk_4.1.0/platform/emlib/src/em_cmu.o
 .text.syncReg  0x00000ee8       0x30 ./gecko_sdk_4.1.0/platform/emlib/src/em_cmu.o
 .text.hfperClkSafePrescaler
                0x00000f18        0x4 ./gecko_sdk_4.1.0/platform/emlib/src/em_cmu.o
 .text.hfperClkOptimizedPrescaler
                0x00000f1c        0x4 ./gecko_sdk_4.1.0/platform/emlib/src/em_cmu.o
 .text.CMU_ClockDivGet
                0x00000f20       0x18 ./gecko_sdk_4.1.0/platform/emlib/src/em_cmu.o
                0x00000f20                CMU_ClockDivGet
 .text.CMU_ClockEnable
                0x00000f38       0xdc ./gecko_sdk_4.1.0/platform/emlib/src/em_cmu.o
                0x00000f38                CMU_ClockEnable
 .text.CMU_ClockFreqGet
                0x00001014      0x28c ./gecko_sdk_4.1.0/platform/emlib/src/em_cmu.o
                0x00001014                CMU_ClockFreqGet
 .text.CMU_ClockPrescGet
                0x000012a0      0x1c0 ./gecko_sdk_4.1.0/platform/emlib/src/em_cmu.o
                0x000012a0                CMU_ClockPrescGet
 .text.CMU_ClockSelectGet
                0x00001460      0x214 ./gecko_sdk_4.1.0/platform/emlib/src/em_cmu.o
                0x00001460                CMU_ClockSelectGet
 .text.CMU_ClockSelectSet
                0x00001674      0x358 ./gecko_sdk_4.1.0/platform/emlib/src/em_cmu.o
                0x00001674                CMU_ClockSelectSet
 .text.CMU_HFRCOBandGet
                0x000019cc        0xc ./gecko_sdk_4.1.0/platform/emlib/src/em_cmu.o
                0x000019cc                CMU_HFRCOBandGet
 .text.CMU_HFXOInit
                0x000019d8      0x100 ./gecko_sdk_4.1.0/platform/emlib/src/em_cmu.o
                0x000019d8                CMU_HFXOInit
 .text.CMU_LFXOInit
                0x00001ad8       0x74 ./gecko_sdk_4.1.0/platform/emlib/src/em_cmu.o
                0x00001ad8                CMU_LFXOInit
 .text.CMU_LFXOPrecisionSet
                0x00001b4c       0x1c ./gecko_sdk_4.1.0/platform/emlib/src/em_cmu.o
                0x00001b4c                CMU_LFXOPrecisionSet
 .text.CMU_OscillatorEnable
                0x00001b68      0x1d0 ./gecko_sdk_4.1.0/platform/emlib/src/em_cmu.o
                0x00001b68                CMU_OscillatorEnable
 .text.CMU_OscillatorTuningGet
                0x00001d38       0x80 ./gecko_sdk_4.1.0/platform/emlib/src/em_cmu.o
                0x00001d38                CMU_OscillatorTuningGet
 .text.CMU_OscillatorTuningSet
                0x00001db8      0x158 ./gecko_sdk_4.1.0/platform/emlib/src/em_cmu.o
                0x00001db8                CMU_OscillatorTuningSet
 .text.CMU_OscillatorTuningWait
                0x00001f10       0xb8 ./gecko_sdk_4.1.0/platform/emlib/src/em_cmu.o
                0x00001f10                CMU_OscillatorTuningWait
 .text.CMU_OscillatorTuningOptimize
                0x00001fc8       0x68 ./gecko_sdk_4.1.0/platform/emlib/src/em_cmu.o
                0x00001fc8                CMU_OscillatorTuningOptimize
 .text.CORE_EnterCritical
                0x00002030       0x18 ./gecko_sdk_4.1.0/platform/emlib/src/em_core.o
                0x00002030                CORE_EnterCritical
 .text.CORE_ExitCritical
                0x00002048       0x14 ./gecko_sdk_4.1.0/platform/emlib/src/em_core.o
                0x00002048                CORE_ExitCritical
 .text.SystemCoreClockUpdate
                0x0000205c        0xa ./gecko_sdk_4.1.0/platform/emlib/src/em_emu.o
 *fill*         0x00002066        0x2 
 .text.BUS_RegBitWrite
                0x00002068       0x40 ./gecko_sdk_4.1.0/platform/emlib/src/em_emu.o
 .text.BUS_RegBitRead
                0x000020a8       0x24 ./gecko_sdk_4.1.0/platform/emlib/src/em_emu.o
 .text.EMU_LDOStatusGet
                0x000020cc       0x1c ./gecko_sdk_4.1.0/platform/emlib/src/em_emu.o
 .text.EMU_VScaleWait
                0x000020e8       0x2c ./gecko_sdk_4.1.0/platform/emlib/src/em_emu.o
 .text.EMU_VScaleGet
                0x00002114       0x1c ./gecko_sdk_4.1.0/platform/emlib/src/em_emu.o
 .text.EMU_IntClear
                0x00002130       0x14 ./gecko_sdk_4.1.0/platform/emlib/src/em_emu.o
 .text.EMU_IntGet
                0x00002144        0xc ./gecko_sdk_4.1.0/platform/emlib/src/em_emu.o
 .text.EMU_PowerLock
                0x00002150       0x10 ./gecko_sdk_4.1.0/platform/emlib/src/em_emu.o
 .text.EMU_PowerUnlock
                0x00002160       0x10 ./gecko_sdk_4.1.0/platform/emlib/src/em_emu.o
 .text.CMU_Lock
                0x00002170       0x10 ./gecko_sdk_4.1.0/platform/emlib/src/em_emu.o
 .text.CMU_Unlock
                0x00002180       0x14 ./gecko_sdk_4.1.0/platform/emlib/src/em_emu.o
 .text.vScaleEM01Cmd
                0x00002194       0x1c ./gecko_sdk_4.1.0/platform/emlib/src/em_emu.o
 .text.emState  0x000021b0      0x158 ./gecko_sdk_4.1.0/platform/emlib/src/em_emu.o
 .text.vScaleDownEM23Setup
                0x00002308       0x60 ./gecko_sdk_4.1.0/platform/emlib/src/em_emu.o
 .text.vScaleAfterWakeup
                0x00002368       0x3c ./gecko_sdk_4.1.0/platform/emlib/src/em_emu.o
 .text.EMU_EM23PresleepHook
                0x000023a4        0x4 ./gecko_sdk_4.1.0/platform/emlib/src/em_emu.o
                0x000023a4                EMU_EM23PresleepHook
 .text.EMU_EM23PostsleepHook
                0x000023a8        0x4 ./gecko_sdk_4.1.0/platform/emlib/src/em_emu.o
                0x000023a8                EMU_EM23PostsleepHook
 .text.EMU_EnterEM3
                0x000023ac       0xbc ./gecko_sdk_4.1.0/platform/emlib/src/em_emu.o
                0x000023ac                EMU_EnterEM3
 .text.EMU_EM4Init
                0x00002468       0x80 ./gecko_sdk_4.1.0/platform/emlib/src/em_emu.o
                0x00002468                EMU_EM4Init
 .text.EMU_VScaleEM01ByClock
                0x000024e8       0x88 ./gecko_sdk_4.1.0/platform/emlib/src/em_emu.o
                0x000024e8                EMU_VScaleEM01ByClock
 .text.EMU_VScaleEM01
                0x00002570       0xbc ./gecko_sdk_4.1.0/platform/emlib/src/em_emu.o
                0x00002570                EMU_VScaleEM01
 .text.dcdcConstCalibrationLoad
                0x0000262c        0x6 ./gecko_sdk_4.1.0/platform/emlib/src/em_emu.o
 *fill*         0x00002632        0x2 
 .text.dcdcValidatedConfigSet
                0x00002634       0x40 ./gecko_sdk_4.1.0/platform/emlib/src/em_emu.o
 .text.currentLimitersUpdate
                0x00002674      0x128 ./gecko_sdk_4.1.0/platform/emlib/src/em_emu.o
 .text.userCurrentLimitsSet
                0x0000279c       0x28 ./gecko_sdk_4.1.0/platform/emlib/src/em_emu.o
 .text.compCtrlSet
                0x000027c4       0x4c ./gecko_sdk_4.1.0/platform/emlib/src/em_emu.o
 .text.lpCmpHystCalibrationLoad
                0x00002810       0xf4 ./gecko_sdk_4.1.0/platform/emlib/src/em_emu.o
 .text.lpGetDevinfoVrefLowHigh
                0x00002904      0x19c ./gecko_sdk_4.1.0/platform/emlib/src/em_emu.o
 .text.EMU_DCDCInit
                0x00002aa0      0x1c8 ./gecko_sdk_4.1.0/platform/emlib/src/em_emu.o
                0x00002aa0                EMU_DCDCInit
 .text.EMU_DCDCModeSet
                0x00002c68      0x11c ./gecko_sdk_4.1.0/platform/emlib/src/em_emu.o
                0x00002c68                EMU_DCDCModeSet
 .text.EMU_DCDCOutputVoltageSet
                0x00002d84      0x2dc ./gecko_sdk_4.1.0/platform/emlib/src/em_emu.o
                0x00002d84                EMU_DCDCOutputVoltageSet
 .text.EMU_DCDCOptimizeSlice
                0x00003060       0xe4 ./gecko_sdk_4.1.0/platform/emlib/src/em_emu.o
                0x00003060                EMU_DCDCOptimizeSlice
 .text.EMU_DCDCLnRcoBandSet
                0x00003144       0x68 ./gecko_sdk_4.1.0/platform/emlib/src/em_emu.o
                0x00003144                EMU_DCDCLnRcoBandSet
 .text.BUS_RegMaskedSet
                0x000031ac       0x1a ./gecko_sdk_4.1.0/platform/emlib/src/em_gpio.o
 .text.BUS_RegMaskedClear
                0x000031c6       0x1a ./gecko_sdk_4.1.0/platform/emlib/src/em_gpio.o
 .text.BUS_RegMaskedWrite
                0x000031e0       0x34 ./gecko_sdk_4.1.0/platform/emlib/src/em_gpio.o
 .text.GPIO_PinOutClear
                0x00003214       0xe8 ./gecko_sdk_4.1.0/platform/emlib/src/em_gpio.o
 .text.GPIO_PinOutSet
                0x000032fc       0xe8 ./gecko_sdk_4.1.0/platform/emlib/src/em_gpio.o
 .text.GPIO_PinModeSet
                0x000033e4      0x180 ./gecko_sdk_4.1.0/platform/emlib/src/em_gpio.o
                0x000033e4                GPIO_PinModeSet
 .text.RMU_ResetCauseClear
                0x00003564       0x10 ./gecko_sdk_4.1.0/platform/emlib/src/em_rmu.o
                0x00003564                RMU_ResetCauseClear
 .text.RMU_ResetCauseGet
                0x00003574       0xb0 ./gecko_sdk_4.1.0/platform/emlib/src/em_rmu.o
                0x00003574                RMU_ResetCauseGet
 .text.WDOGn_Feed
                0x00003624       0x3c ./gecko_sdk_4.1.0/platform/emlib/src/em_wdog.o
                0x00003624                WDOGn_Feed
 .text.WDOGn_Init
                0x00003660       0xf4 ./gecko_sdk_4.1.0/platform/emlib/src/em_wdog.o
                0x00003660                WDOGn_Init
 .text.sl_device_init_dcdc
                0x00003754       0x24 ./gecko_sdk_4.1.0/platform/service/device_init/src/sl_device_init_dcdc_s1.o
                0x00003754                sl_device_init_dcdc
 .text.sl_device_init_emu
                0x00003778       0x42 ./gecko_sdk_4.1.0/platform/service/device_init/src/sl_device_init_emu_s1.o
                0x00003778                sl_device_init_emu
 *fill*         0x000037ba        0x2 
 .text.sl_device_init_hfxo
                0x000037bc       0x94 ./gecko_sdk_4.1.0/platform/service/device_init/src/sl_device_init_hfxo_s1.o
                0x000037bc                sl_device_init_hfxo
 .text.sl_device_init_lfxo
                0x00003850       0x38 ./gecko_sdk_4.1.0/platform/service/device_init/src/sl_device_init_lfxo_s1.o
                0x00003850                sl_device_init_lfxo
 .text.__NVIC_SetPriority
                0x00003888       0x50 ./gecko_sdk_4.1.0/platform/service/device_init/src/sl_device_init_nvic.o
 .text.sl_device_init_nvic
                0x000038d8       0x38 ./gecko_sdk_4.1.0/platform/service/device_init/src/sl_device_init_nvic.o
                0x000038d8                sl_device_init_nvic
 .text.sl_system_init
                0x00003910       0x1a ./gecko_sdk_4.1.0/platform/service/system/src/sl_system_init.o
                0x00003910                sl_system_init
 .text.sl_system_process_action
                0x0000392a       0x16 ./gecko_sdk_4.1.0/platform/service/system/src/sl_system_process_action.o
                0x0000392a                sl_system_process_action
 .text.sl_udelay_wait
                0x00003940       0x78 ./gecko_sdk_4.1.0/platform/service/udelay/src/sl_udelay.o
                0x00003940                sl_udelay_wait
 *fill*         0x000039b8        0x8 
 .text          0x000039c0        0x8 ./gecko_sdk_4.1.0/platform/service/udelay/src/sl_udelay_armv6m_gcc.o
                0x000039c0                sli_delay_loop
 .text.exit     0x000039c8       0x28 c:/siliconlabs/simplicitystudio/v5/developer/toolchains/gnu_arm/10.3_2021.10/bin/../lib/gcc/arm-none-eabi/10.3.1/../../../../arm-none-eabi/lib/thumb/v7e-m+fp/softfp\libc_nano.a(lib_a-exit.o)
                0x000039c8                exit
 .text.__libc_init_array
                0x000039f0       0x48 c:/siliconlabs/simplicitystudio/v5/developer/toolchains/gnu_arm/10.3_2021.10/bin/../lib/gcc/arm-none-eabi/10.3.1/../../../../arm-none-eabi/lib/thumb/v7e-m+fp/softfp\libc_nano.a(lib_a-init.o)
                0x000039f0                __libc_init_array
 .text.memset   0x00003a38       0x10 c:/siliconlabs/simplicitystudio/v5/developer/toolchains/gnu_arm/10.3_2021.10/bin/../lib/gcc/arm-none-eabi/10.3.1/../../../../arm-none-eabi/lib/thumb/v7e-m+fp/softfp\libc_nano.a(lib_a-memset.o)
                0x00003a38                memset
 .text._exit    0x00003a48        0x4 c:/siliconlabs/simplicitystudio/v5/developer/toolchains/gnu_arm/10.3_2021.10/bin/../lib/gcc/arm-none-eabi/10.3.1/../../../../arm-none-eabi/lib/thumb/v7e-m+fp/softfp\libnosys.a(_exit.o)
                0x00003a48                _exit
                0x00003a4c                linker_code_end = .
 *(.init)
 .init          0x00003a4c        0x4 c:/siliconlabs/simplicitystudio/v5/developer/toolchains/gnu_arm/10.3_2021.10/bin/../lib/gcc/arm-none-eabi/10.3.1/thumb/v7e-m+fp/softfp/crti.o
                0x00003a4c                _init
 .init          0x00003a50        0x8 c:/siliconlabs/simplicitystudio/v5/developer/toolchains/gnu_arm/10.3_2021.10/bin/../lib/gcc/arm-none-eabi/10.3.1/thumb/v7e-m+fp/softfp/crtn.o
 *(.fini)
 .fini          0x00003a58        0x4 c:/siliconlabs/simplicitystudio/v5/developer/toolchains/gnu_arm/10.3_2021.10/bin/../lib/gcc/arm-none-eabi/10.3.1/thumb/v7e-m+fp/softfp/crti.o
                0x00003a58                _fini
 .fini          0x00003a5c        0x8 c:/siliconlabs/simplicitystudio/v5/developer/toolchains/gnu_arm/10.3_2021.10/bin/../lib/gcc/arm-none-eabi/10.3.1/thumb/v7e-m+fp/softfp/crtn.o
 *fill*         0x00003a64        0x4 
 .fini.__stub   0x00003a68        0x8 linker stubs
 *crtbegin.o(.ctors)
 *crtbegin?.o(.ctors)
 *(EXCLUDE_FILE(*crtend.o *crtend?.o) .ctors)
 *(SORT_BY_NAME(.ctors.*))
 *(.ctors)
 *crtbegin.o(.dtors)
 *crtbegin?.o(.dtors)
 *(EXCLUDE_FILE(*crtend.o *crtend?.o) .dtors)
 *(SORT_BY_NAME(.dtors.*))
 *(.dtors)
 *(.rodata*)
 .rodata        0x00003a70       0x74 ./app.o
 .rodata        0x00003ae4      0x144 ./gecko_sdk_4.1.0/platform/emlib/src/em_cmu.o
 .rodata.flashWsTable
                0x00003c28       0x28 ./gecko_sdk_4.1.0/platform/emlib/src/em_cmu.o
 .rodata        0x00003c50       0xa3 ./gecko_sdk_4.1.0/platform/emlib/src/em_emu.o
 *fill*         0x00003cf3        0x1 
 .rodata        0x00003cf4       0xf5 ./gecko_sdk_4.1.0/platform/emlib/src/em_gpio.o
 *fill*         0x00003de9        0x3 
 .rodata.resetCauseMasks
                0x00003dec       0x48 ./gecko_sdk_4.1.0/platform/emlib/src/em_rmu.o
 .rodata        0x00003e34       0x10 ./gecko_sdk_4.1.0/platform/service/device_init/src/sl_device_init_dcdc_s1.o
 .rodata        0x00003e44       0x12 ./gecko_sdk_4.1.0/platform/service/device_init/src/sl_device_init_hfxo_s1.o
 *fill*         0x00003e56        0x2 
 .rodata        0x00003e58        0x4 ./gecko_sdk_4.1.0/platform/service/device_init/src/sl_device_init_lfxo_s1.o
 .rodata        0x00003e5c       0x5c ./gecko_sdk_4.1.0/platform/service/udelay/src/sl_udelay.o
 .rodata._global_impure_ptr
                0x00003eb8        0x4 c:/siliconlabs/simplicitystudio/v5/developer/toolchains/gnu_arm/10.3_2021.10/bin/../lib/gcc/arm-none-eabi/10.3.1/../../../../arm-none-eabi/lib/thumb/v7e-m+fp/softfp\libc_nano.a(lib_a-impure.o)
                0x00003eb8                _global_impure_ptr
 *(.eh_frame*)
 .eh_frame      0x00003ebc        0x0 c:/siliconlabs/simplicitystudio/v5/developer/toolchains/gnu_arm/10.3_2021.10/bin/../lib/gcc/arm-none-eabi/10.3.1/thumb/v7e-m+fp/softfp/crtbegin.o

.glue_7         0x00003ebc        0x0
 .glue_7        0x00003ebc        0x0 linker stubs

.glue_7t        0x00003ebc        0x0
 .glue_7t       0x00003ebc        0x0 linker stubs

.vfp11_veneer   0x00003ebc        0x0
 .vfp11_veneer  0x00003ebc        0x0 linker stubs

.v4_bx          0x00003ebc        0x0
 .v4_bx         0x00003ebc        0x0 linker stubs

.iplt           0x00003ebc        0x0
 .iplt          0x00003ebc        0x0 c:/siliconlabs/simplicitystudio/v5/developer/toolchains/gnu_arm/10.3_2021.10/bin/../lib/gcc/arm-none-eabi/10.3.1/thumb/v7e-m+fp/softfp/crtbegin.o

.ARM.extab
 *(.ARM.extab* .gnu.linkonce.armextab.*)
                0x00003ebc                __exidx_start = .

.ARM.exidx      0x00003ebc        0x8
 *(.ARM.exidx* .gnu.linkonce.armexidx.*)
 .ARM.exidx     0x00003ebc        0x8 c:/siliconlabs/simplicitystudio/v5/developer/toolchains/gnu_arm/10.3_2021.10/bin/../lib/gcc/arm-none-eabi/10.3.1/../../../../arm-none-eabi/lib/thumb/v7e-m+fp/softfp/crt0.o
                                 0x10 (size before relaxing)
                0x00003ec4                __exidx_end = .

.rel.dyn        0x00003ec4        0x0
 .rel.iplt      0x00003ec4        0x0 c:/siliconlabs/simplicitystudio/v5/developer/toolchains/gnu_arm/10.3_2021.10/bin/../lib/gcc/arm-none-eabi/10.3.1/thumb/v7e-m+fp/softfp/crtbegin.o

.copy.table     0x00003ec4        0xc
                0x00003ec4                . = ALIGN (0x4)
                0x00003ec4                __copy_table_start__ = .
                0x00003ec4        0x4 LONG 0x3ed0 __etext
                0x00003ec8        0x4 LONG 0x20001000 __data_start__
                0x00003ecc        0x4 LONG 0x28 ((__data_end__ - __data_start__) / 0x4)
                0x00003ed0                __copy_table_end__ = .

.zero.table     0x00003ed0        0x0
                0x00003ed0                . = ALIGN (0x4)
                0x00003ed0                __zero_table_start__ = .
                0x00003ed0                __zero_table_end__ = .
                0x00003ed0                __etext = .
                0x20000000                . = ORIGIN (RAM)

.stack          0x20000000     0x1000
                0x20000000                __StackLimit = .
 *(.stack*)
 .stack         0x20000000     0x1000 ./gecko_sdk_4.1.0/platform/common/toolchain/src/sl_memory.o
                0x20001000                . = ALIGN (0x4)
                0x20001000                __StackTop = .
                0x20001000                PROVIDE (__stack = __StackTop)

.noinit
 *(.noinit*)

.data           0x20001000       0xa0 load address 0x00003ed0
                0x20001000                . = ALIGN (0x4)
                0x20001000                __data_start__ = .
 *(vtable)
 *(.data*)
 .data.SystemHFXOClock
                0x20001000        0x4 ./gecko_sdk_4.1.0/platform/Device/SiliconLabs/EFR32MG12P/Source/system_efr32mg12p.o
 .data.SystemLFXOClock
                0x20001004        0x4 ./gecko_sdk_4.1.0/platform/Device/SiliconLabs/EFR32MG12P/Source/system_efr32mg12p.o
 .data.SystemCoreClock
                0x20001008        0x4 ./gecko_sdk_4.1.0/platform/Device/SiliconLabs/EFR32MG12P/Source/system_efr32mg12p.o
                0x20001008                SystemCoreClock
 .data.SystemHfrcoFreq
                0x2000100c        0x4 ./gecko_sdk_4.1.0/platform/Device/SiliconLabs/EFR32MG12P/Source/system_efr32mg12p.o
                0x2000100c                SystemHfrcoFreq
 .data.auxHfrcoFreq
                0x20001010        0x4 ./gecko_sdk_4.1.0/platform/emlib/src/em_cmu.o
 .data.lfxo_precision
                0x20001014        0x2 ./gecko_sdk_4.1.0/platform/emlib/src/em_cmu.o
 *fill*         0x20001016        0x2 
 .data.impure_data
                0x20001018       0x60 c:/siliconlabs/simplicitystudio/v5/developer/toolchains/gnu_arm/10.3_2021.10/bin/../lib/gcc/arm-none-eabi/10.3.1/../../../../arm-none-eabi/lib/thumb/v7e-m+fp/softfp\libc_nano.a(lib_a-impure.o)
                0x20001078                . = ALIGN (0x4)
                [!provide]                PROVIDE (__ram_func_section_start = .)
 *(.ram)
 .ram           0x20001078       0x20 ./gecko_sdk_4.1.0/platform/emlib/src/em_emu.o
                [!provide]                PROVIDE (__ram_func_section_end = .)
                0x20001098                . = ALIGN (0x4)
                0x20001098                PROVIDE (__preinit_array_start = .)
 *(.preinit_array)
                0x20001098                PROVIDE (__preinit_array_end = .)
                0x20001098                . = ALIGN (0x4)
                0x20001098                PROVIDE (__init_array_start = .)
 *(SORT_BY_NAME(.init_array.*))
 *(.init_array)
 .init_array    0x20001098        0x4 c:/siliconlabs/simplicitystudio/v5/developer/toolchains/gnu_arm/10.3_2021.10/bin/../lib/gcc/arm-none-eabi/10.3.1/thumb/v7e-m+fp/softfp/crtbegin.o
                0x2000109c                PROVIDE (__init_array_end = .)
                0x2000109c                . = ALIGN (0x4)
                [!provide]                PROVIDE (__fini_array_start = .)
 *(SORT_BY_NAME(.fini_array.*))
 *(.fini_array)
 .fini_array    0x2000109c        0x4 c:/siliconlabs/simplicitystudio/v5/developer/toolchains/gnu_arm/10.3_2021.10/bin/../lib/gcc/arm-none-eabi/10.3.1/thumb/v7e-m+fp/softfp/crtbegin.o
                [!provide]                PROVIDE (__fini_array_end = .)
                0x200010a0                . = ALIGN (0x4)
                0x200010a0                __data_end__ = .

.igot.plt       0x200010a0        0x0 load address 0x00003f70
 .igot.plt      0x200010a0        0x0 c:/siliconlabs/simplicitystudio/v5/developer/toolchains/gnu_arm/10.3_2021.10/bin/../lib/gcc/arm-none-eabi/10.3.1/thumb/v7e-m+fp/softfp/crtbegin.o

.bss            0x200010a0       0x38 load address 0x00003f70
                0x200010a0                . = ALIGN (0x4)
                0x200010a0                __bss_start__ = .
 *(.bss*)
 .bss           0x200010a0       0x1c c:/siliconlabs/simplicitystudio/v5/developer/toolchains/gnu_arm/10.3_2021.10/bin/../lib/gcc/arm-none-eabi/10.3.1/thumb/v7e-m+fp/softfp/crtbegin.o
 .bss.resetCause
                0x200010bc        0x4 ./app.o
                0x200010bc                resetCause
 .bss.dcdcMaxCurrent_mA
                0x200010c0        0x2 ./gecko_sdk_4.1.0/platform/emlib/src/em_emu.o
 .bss.dcdcEm01LoadCurrent_mA
                0x200010c2        0x2 ./gecko_sdk_4.1.0/platform/emlib/src/em_emu.o
 .bss.dcdcReverseCurrentControl
                0x200010c4        0x2 ./gecko_sdk_4.1.0/platform/emlib/src/em_emu.o
 *fill*         0x200010c6        0x2 
 .bss.vScaleEM01Config
                0x200010c8        0x1 ./gecko_sdk_4.1.0/platform/emlib/src/em_emu.o
 *fill*         0x200010c9        0x3 
 .bss.cmuStatus.3
                0x200010cc        0x4 ./gecko_sdk_4.1.0/platform/emlib/src/em_emu.o
 .bss.hfClock.2
                0x200010d0        0x1 ./gecko_sdk_4.1.0/platform/emlib/src/em_emu.o
 .bss.vScaleStatus.1
                0x200010d1        0x1 ./gecko_sdk_4.1.0/platform/emlib/src/em_emu.o
 *fill*         0x200010d2        0x2 
 .bss.hfrcoCtrl.0
                0x200010d4        0x4 ./gecko_sdk_4.1.0/platform/emlib/src/em_emu.o
 *(COMMON)
                0x200010d8                . = ALIGN (0x4)
                0x200010d8                __bss_end__ = .

.heap           0x200010d8    0x3ef28
                0x200010d8                __HeapBase = .
                0x200010d8                __end__ = .
                0x200010d8                end = __end__
                0x200010d8                _end = __end__
 *(.heap*)
 .heap          0x200010d8      0x800 ./gecko_sdk_4.1.0/platform/common/toolchain/src/sl_memory.o
                0x20040000                . = (ORIGIN (RAM) + LENGTH (RAM))
 *fill*         0x200018d8    0x3e728 
                0x20040000                __HeapLimit = .
                0x0003ef28                __heap_size = (__HeapLimit - __HeapBase)
                0x00100000                __main_flash_end__ = 0x100000

.internal_storage
                0x00003ed0        0x0
 *(.internal_storage*)

.nvm            0x00003ed0        0x0
 *(.simee*)
                0x00100000                linker_nvm_end = __main_flash_end__
                0x00100000                linker_nvm_begin = (linker_nvm_end - SIZEOF (.nvm))
                0x00000000                linker_nvm_size = SIZEOF (.nvm)
                0x00100000                linker_storage_end = linker_nvm_begin
                0x00100000                linker_storage_begin = (linker_storage_end - SIZEOF (.internal_storage))
                0x00000000                linker_storage_size = SIZEOF (.internal_storage)
                0x00100000                __nvm3Base = linker_nvm_begin
                0x00000001                ASSERT ((linker_storage_begin >= (__etext + SIZEOF (.data))), FLASH memory overflowed !)
OUTPUT(wdog.axf elf32-littlearm)
LOAD linker stubs

.ARM.attributes
                0x00000000       0x2e
 .ARM.attributes
                0x00000000       0x1e c:/siliconlabs/simplicitystudio/v5/developer/toolchains/gnu_arm/10.3_2021.10/bin/../lib/gcc/arm-none-eabi/10.3.1/thumb/v7e-m+fp/softfp/crti.o
 .ARM.attributes
                0x0000001e       0x32 c:/siliconlabs/simplicitystudio/v5/developer/toolchains/gnu_arm/10.3_2021.10/bin/../lib/gcc/arm-none-eabi/10.3.1/thumb/v7e-m+fp/softfp/crtbegin.o
 .ARM.attributes
                0x00000050       0x1c c:/siliconlabs/simplicitystudio/v5/developer/toolchains/gnu_arm/10.3_2021.10/bin/../lib/gcc/arm-none-eabi/10.3.1/../../../../arm-none-eabi/lib/thumb/v7e-m+fp/softfp/crt0.o
 .ARM.attributes
                0x0000006c       0x32 ./app.o
 .ARM.attributes
                0x0000009e       0x32 ./main.o
 .ARM.attributes
                0x000000d0       0x32 ./autogen/sl_device_init_clocks.o
 .ARM.attributes
                0x00000102       0x32 ./autogen/sl_event_handler.o
 .ARM.attributes
                0x00000134       0x32 ./gecko_sdk_4.1.0/platform/Device/SiliconLabs/EFR32MG12P/Source/startup_efr32mg12p.o
 .ARM.attributes
                0x00000166       0x32 ./gecko_sdk_4.1.0/platform/Device/SiliconLabs/EFR32MG12P/Source/system_efr32mg12p.o
 .ARM.attributes
                0x00000198       0x32 ./gecko_sdk_4.1.0/platform/common/src/sl_assert.o
 .ARM.attributes
                0x000001ca       0x32 ./gecko_sdk_4.1.0/platform/common/toolchain/src/sl_memory.o
 .ARM.attributes
                0x000001fc       0x32 ./gecko_sdk_4.1.0/platform/emlib/src/em_cmu.o
 .ARM.attributes
                0x0000022e       0x32 ./gecko_sdk_4.1.0/platform/emlib/src/em_core.o
 .ARM.attributes
                0x00000260       0x32 ./gecko_sdk_4.1.0/platform/emlib/src/em_emu.o
 .ARM.attributes
                0x00000292       0x32 ./gecko_sdk_4.1.0/platform/emlib/src/em_gpio.o
 .ARM.attributes
                0x000002c4       0x32 ./gecko_sdk_4.1.0/platform/emlib/src/em_rmu.o
 .ARM.attributes
                0x000002f6       0x32 ./gecko_sdk_4.1.0/platform/emlib/src/em_wdog.o
 .ARM.attributes
                0x00000328       0x32 ./gecko_sdk_4.1.0/platform/service/device_init/src/sl_device_init_dcdc_s1.o
 .ARM.attributes
                0x0000035a       0x32 ./gecko_sdk_4.1.0/platform/service/device_init/src/sl_device_init_emu_s1.o
 .ARM.attributes
                0x0000038c       0x32 ./gecko_sdk_4.1.0/platform/service/device_init/src/sl_device_init_hfxo_s1.o
 .ARM.attributes
                0x000003be       0x32 ./gecko_sdk_4.1.0/platform/service/device_init/src/sl_device_init_lfxo_s1.o
 .ARM.attributes
                0x000003f0       0x32 ./gecko_sdk_4.1.0/platform/service/device_init/src/sl_device_init_nvic.o
 .ARM.attributes
                0x00000422       0x32 ./gecko_sdk_4.1.0/platform/service/system/src/sl_system_init.o
 .ARM.attributes
                0x00000454       0x32 ./gecko_sdk_4.1.0/platform/service/system/src/sl_system_process_action.o
 .ARM.attributes
                0x00000486       0x32 ./gecko_sdk_4.1.0/platform/service/udelay/src/sl_udelay.o
 .ARM.attributes
                0x000004b8       0x20 ./gecko_sdk_4.1.0/platform/service/udelay/src/sl_udelay_armv6m_gcc.o
 .ARM.attributes
                0x000004d8       0x32 c:/siliconlabs/simplicitystudio/v5/developer/toolchains/gnu_arm/10.3_2021.10/bin/../lib/gcc/arm-none-eabi/10.3.1/../../../../arm-none-eabi/lib/thumb/v7e-m+fp/softfp\libc_nano.a(lib_a-exit.o)
 .ARM.attributes
                0x0000050a       0x32 c:/siliconlabs/simplicitystudio/v5/developer/toolchains/gnu_arm/10.3_2021.10/bin/../lib/gcc/arm-none-eabi/10.3.1/../../../../arm-none-eabi/lib/thumb/v7e-m+fp/softfp\libc_nano.a(lib_a-impure.o)
 .ARM.attributes
                0x0000053c       0x32 c:/siliconlabs/simplicitystudio/v5/developer/toolchains/gnu_arm/10.3_2021.10/bin/../lib/gcc/arm-none-eabi/10.3.1/../../../../arm-none-eabi/lib/thumb/v7e-m+fp/softfp\libc_nano.a(lib_a-init.o)
 .ARM.attributes
                0x0000056e       0x32 c:/siliconlabs/simplicitystudio/v5/developer/toolchains/gnu_arm/10.3_2021.10/bin/../lib/gcc/arm-none-eabi/10.3.1/../../../../arm-none-eabi/lib/thumb/v7e-m+fp/softfp\libc_nano.a(lib_a-memset.o)
 .ARM.attributes
                0x000005a0       0x32 c:/siliconlabs/simplicitystudio/v5/developer/toolchains/gnu_arm/10.3_2021.10/bin/../lib/gcc/arm-none-eabi/10.3.1/../../../../arm-none-eabi/lib/thumb/v7e-m+fp/softfp\libnosys.a(_exit.o)
 .ARM.attributes
                0x000005d2       0x1e c:/siliconlabs/simplicitystudio/v5/developer/toolchains/gnu_arm/10.3_2021.10/bin/../lib/gcc/arm-none-eabi/10.3.1/thumb/v7e-m+fp/softfp/crtn.o

.comment        0x00000000       0x49
 .comment       0x00000000       0x49 ./app.o
                                 0x4a (size before relaxing)
 .comment       0x00000049       0x4a ./main.o
 .comment       0x00000049       0x4a ./autogen/sl_device_init_clocks.o
 .comment       0x00000049       0x4a ./autogen/sl_event_handler.o
 .comment       0x00000049       0x4a ./gecko_sdk_4.1.0/platform/Device/SiliconLabs/EFR32MG12P/Source/startup_efr32mg12p.o
 .comment       0x00000049       0x4a ./gecko_sdk_4.1.0/platform/Device/SiliconLabs/EFR32MG12P/Source/system_efr32mg12p.o
 .comment       0x00000049       0x4a ./gecko_sdk_4.1.0/platform/common/src/sl_assert.o
 .comment       0x00000049       0x4a ./gecko_sdk_4.1.0/platform/common/toolchain/src/sl_memory.o
 .comment       0x00000049       0x4a ./gecko_sdk_4.1.0/platform/emlib/src/em_cmu.o
 .comment       0x00000049       0x4a ./gecko_sdk_4.1.0/platform/emlib/src/em_core.o
 .comment       0x00000049       0x4a ./gecko_sdk_4.1.0/platform/emlib/src/em_emu.o
 .comment       0x00000049       0x4a ./gecko_sdk_4.1.0/platform/emlib/src/em_gpio.o
 .comment       0x00000049       0x4a ./gecko_sdk_4.1.0/platform/emlib/src/em_rmu.o
 .comment       0x00000049       0x4a ./gecko_sdk_4.1.0/platform/emlib/src/em_wdog.o
 .comment       0x00000049       0x4a ./gecko_sdk_4.1.0/platform/service/device_init/src/sl_device_init_dcdc_s1.o
 .comment       0x00000049       0x4a ./gecko_sdk_4.1.0/platform/service/device_init/src/sl_device_init_emu_s1.o
 .comment       0x00000049       0x4a ./gecko_sdk_4.1.0/platform/service/device_init/src/sl_device_init_hfxo_s1.o
 .comment       0x00000049       0x4a ./gecko_sdk_4.1.0/platform/service/device_init/src/sl_device_init_lfxo_s1.o
 .comment       0x00000049       0x4a ./gecko_sdk_4.1.0/platform/service/device_init/src/sl_device_init_nvic.o
 .comment       0x00000049       0x4a ./gecko_sdk_4.1.0/platform/service/system/src/sl_system_init.o
 .comment       0x00000049       0x4a ./gecko_sdk_4.1.0/platform/service/system/src/sl_system_process_action.o
 .comment       0x00000049       0x4a ./gecko_sdk_4.1.0/platform/service/udelay/src/sl_udelay.o

.debug_info     0x00000000     0xb903
 .debug_info    0x00000000     0x1148 ./app.o
 .debug_info    0x00001148       0x50 ./main.o
 .debug_info    0x00001198      0x2c8 ./autogen/sl_device_init_clocks.o
 .debug_info    0x00001460      0xe62 ./autogen/sl_event_handler.o
 .debug_info    0x000022c2      0x2ec ./gecko_sdk_4.1.0/platform/Device/SiliconLabs/EFR32MG12P/Source/startup_efr32mg12p.o
 .debug_info    0x000025ae      0x996 ./gecko_sdk_4.1.0/platform/Device/SiliconLabs/EFR32MG12P/Source/system_efr32mg12p.o
 .debug_info    0x00002f44       0x81 ./gecko_sdk_4.1.0/platform/common/src/sl_assert.o
 .debug_info    0x00002fc5      0x1f8 ./gecko_sdk_4.1.0/platform/common/toolchain/src/sl_memory.o
 .debug_info    0x000031bd     0x2773 ./gecko_sdk_4.1.0/platform/emlib/src/em_cmu.o
 .debug_info    0x00005930      0xe7b ./gecko_sdk_4.1.0/platform/emlib/src/em_core.o
 .debug_info    0x000067ab     0x2827 ./gecko_sdk_4.1.0/platform/emlib/src/em_emu.o
 .debug_info    0x00008fd2      0xb1d ./gecko_sdk_4.1.0/platform/emlib/src/em_gpio.o
 .debug_info    0x00009aef      0x36d ./gecko_sdk_4.1.0/platform/emlib/src/em_rmu.o
 .debug_info    0x00009e5c      0x54a ./gecko_sdk_4.1.0/platform/emlib/src/em_wdog.o
 .debug_info    0x0000a3a6      0x250 ./gecko_sdk_4.1.0/platform/service/device_init/src/sl_device_init_dcdc_s1.o
 .debug_info    0x0000a5f6      0x1c0 ./gecko_sdk_4.1.0/platform/service/device_init/src/sl_device_init_emu_s1.o
 .debug_info    0x0000a7b6      0x84f ./gecko_sdk_4.1.0/platform/service/device_init/src/sl_device_init_hfxo_s1.o
 .debug_info    0x0000b005      0x16e ./gecko_sdk_4.1.0/platform/service/device_init/src/sl_device_init_lfxo_s1.o
 .debug_info    0x0000b173      0x5f2 ./gecko_sdk_4.1.0/platform/service/device_init/src/sl_device_init_nvic.o
 .debug_info    0x0000b765       0x45 ./gecko_sdk_4.1.0/platform/service/system/src/sl_system_init.o
 .debug_info    0x0000b7aa       0x45 ./gecko_sdk_4.1.0/platform/service/system/src/sl_system_process_action.o
 .debug_info    0x0000b7ef       0xee ./gecko_sdk_4.1.0/platform/service/udelay/src/sl_udelay.o
 .debug_info    0x0000b8dd       0x26 ./gecko_sdk_4.1.0/platform/service/udelay/src/sl_udelay_armv6m_gcc.o

.debug_abbrev   0x00000000     0x1e98
 .debug_abbrev  0x00000000      0x295 ./app.o
 .debug_abbrev  0x00000295       0x40 ./main.o
 .debug_abbrev  0x000002d5       0x99 ./autogen/sl_device_init_clocks.o
 .debug_abbrev  0x0000036e      0x108 ./autogen/sl_event_handler.o
 .debug_abbrev  0x00000476      0x1a7 ./gecko_sdk_4.1.0/platform/Device/SiliconLabs/EFR32MG12P/Source/startup_efr32mg12p.o
 .debug_abbrev  0x0000061d      0x201 ./gecko_sdk_4.1.0/platform/Device/SiliconLabs/EFR32MG12P/Source/system_efr32mg12p.o
 .debug_abbrev  0x0000081e       0x6c ./gecko_sdk_4.1.0/platform/common/src/sl_assert.o
 .debug_abbrev  0x0000088a      0x10a ./gecko_sdk_4.1.0/platform/common/toolchain/src/sl_memory.o
 .debug_abbrev  0x00000994      0x3ad ./gecko_sdk_4.1.0/platform/emlib/src/em_cmu.o
 .debug_abbrev  0x00000d41      0x28f ./gecko_sdk_4.1.0/platform/emlib/src/em_core.o
 .debug_abbrev  0x00000fd0      0x392 ./gecko_sdk_4.1.0/platform/emlib/src/em_emu.o
 .debug_abbrev  0x00001362      0x207 ./gecko_sdk_4.1.0/platform/emlib/src/em_gpio.o
 .debug_abbrev  0x00001569      0x206 ./gecko_sdk_4.1.0/platform/emlib/src/em_rmu.o
 .debug_abbrev  0x0000176f      0x1a4 ./gecko_sdk_4.1.0/platform/emlib/src/em_wdog.o
 .debug_abbrev  0x00001913       0xc9 ./gecko_sdk_4.1.0/platform/service/device_init/src/sl_device_init_dcdc_s1.o
 .debug_abbrev  0x000019dc       0xc9 ./gecko_sdk_4.1.0/platform/service/device_init/src/sl_device_init_emu_s1.o
 .debug_abbrev  0x00001aa5      0x109 ./gecko_sdk_4.1.0/platform/service/device_init/src/sl_device_init_hfxo_s1.o
 .debug_abbrev  0x00001bae       0xb8 ./gecko_sdk_4.1.0/platform/service/device_init/src/sl_device_init_lfxo_s1.o
 .debug_abbrev  0x00001c66      0x13e ./gecko_sdk_4.1.0/platform/service/device_init/src/sl_device_init_nvic.o
 .debug_abbrev  0x00001da4       0x33 ./gecko_sdk_4.1.0/platform/service/system/src/sl_system_init.o
 .debug_abbrev  0x00001dd7       0x33 ./gecko_sdk_4.1.0/platform/service/system/src/sl_system_process_action.o
 .debug_abbrev  0x00001e0a       0x7a ./gecko_sdk_4.1.0/platform/service/udelay/src/sl_udelay.o
 .debug_abbrev  0x00001e84       0x14 ./gecko_sdk_4.1.0/platform/service/udelay/src/sl_udelay_armv6m_gcc.o

.debug_loc      0x00000000     0x22a6
 .debug_loc     0x00000000      0x1f4 ./app.o
 .debug_loc     0x000001f4       0x20 ./main.o
 .debug_loc     0x00000214       0x20 ./autogen/sl_device_init_clocks.o
 .debug_loc     0x00000234       0x58 ./autogen/sl_event_handler.o
 .debug_loc     0x0000028c       0x2c ./gecko_sdk_4.1.0/platform/Device/SiliconLabs/EFR32MG12P/Source/startup_efr32mg12p.o
 .debug_loc     0x000002b8       0xd4 ./gecko_sdk_4.1.0/platform/Device/SiliconLabs/EFR32MG12P/Source/system_efr32mg12p.o
 .debug_loc     0x0000038c       0x20 ./gecko_sdk_4.1.0/platform/common/src/sl_assert.o
 .debug_loc     0x000003ac       0x84 ./gecko_sdk_4.1.0/platform/common/toolchain/src/sl_memory.o
 .debug_loc     0x00000430      0xa18 ./gecko_sdk_4.1.0/platform/emlib/src/em_cmu.o
 .debug_loc     0x00000e48      0x490 ./gecko_sdk_4.1.0/platform/emlib/src/em_core.o
 .debug_loc     0x000012d8      0x911 ./gecko_sdk_4.1.0/platform/emlib/src/em_emu.o
 .debug_loc     0x00001be9      0x318 ./gecko_sdk_4.1.0/platform/emlib/src/em_gpio.o
 .debug_loc     0x00001f01       0x90 ./gecko_sdk_4.1.0/platform/emlib/src/em_rmu.o
 .debug_loc     0x00001f91      0x158 ./gecko_sdk_4.1.0/platform/emlib/src/em_wdog.o
 .debug_loc     0x000020e9       0x38 ./gecko_sdk_4.1.0/platform/service/device_init/src/sl_device_init_dcdc_s1.o
 .debug_loc     0x00002121       0x38 ./gecko_sdk_4.1.0/platform/service/device_init/src/sl_device_init_emu_s1.o
 .debug_loc     0x00002159       0x39 ./gecko_sdk_4.1.0/platform/service/device_init/src/sl_device_init_hfxo_s1.o
 .debug_loc     0x00002192       0x38 ./gecko_sdk_4.1.0/platform/service/device_init/src/sl_device_init_lfxo_s1.o
 .debug_loc     0x000021ca       0x64 ./gecko_sdk_4.1.0/platform/service/device_init/src/sl_device_init_nvic.o
 .debug_loc     0x0000222e       0x20 ./gecko_sdk_4.1.0/platform/service/system/src/sl_system_init.o
 .debug_loc     0x0000224e       0x20 ./gecko_sdk_4.1.0/platform/service/system/src/sl_system_process_action.o
 .debug_loc     0x0000226e       0x38 ./gecko_sdk_4.1.0/platform/service/udelay/src/sl_udelay.o

.debug_aranges  0x00000000      0x928
 .debug_aranges
                0x00000000       0x68 ./app.o
 .debug_aranges
                0x00000068       0x20 ./main.o
 .debug_aranges
                0x00000088       0x20 ./autogen/sl_device_init_clocks.o
 .debug_aranges
                0x000000a8       0x70 ./autogen/sl_event_handler.o
 .debug_aranges
                0x00000118       0x28 ./gecko_sdk_4.1.0/platform/Device/SiliconLabs/EFR32MG12P/Source/startup_efr32mg12p.o
 .debug_aranges
                0x00000140       0x68 ./gecko_sdk_4.1.0/platform/Device/SiliconLabs/EFR32MG12P/Source/system_efr32mg12p.o
 .debug_aranges
                0x000001a8       0x20 ./gecko_sdk_4.1.0/platform/common/src/sl_assert.o
 .debug_aranges
                0x000001c8       0x30 ./gecko_sdk_4.1.0/platform/common/toolchain/src/sl_memory.o
 .debug_aranges
                0x000001f8      0x200 ./gecko_sdk_4.1.0/platform/emlib/src/em_cmu.o
 .debug_aranges
                0x000003f8       0xe8 ./gecko_sdk_4.1.0/platform/emlib/src/em_core.o
 .debug_aranges
                0x000004e0      0x208 ./gecko_sdk_4.1.0/platform/emlib/src/em_emu.o
 .debug_aranges
                0x000006e8       0x90 ./gecko_sdk_4.1.0/platform/emlib/src/em_gpio.o
 .debug_aranges
                0x00000778       0x38 ./gecko_sdk_4.1.0/platform/emlib/src/em_rmu.o
 .debug_aranges
                0x000007b0       0x50 ./gecko_sdk_4.1.0/platform/emlib/src/em_wdog.o
 .debug_aranges
                0x00000800       0x20 ./gecko_sdk_4.1.0/platform/service/device_init/src/sl_device_init_dcdc_s1.o
 .debug_aranges
                0x00000820       0x20 ./gecko_sdk_4.1.0/platform/service/device_init/src/sl_device_init_emu_s1.o
 .debug_aranges
                0x00000840       0x20 ./gecko_sdk_4.1.0/platform/service/device_init/src/sl_device_init_hfxo_s1.o
 .debug_aranges
                0x00000860       0x20 ./gecko_sdk_4.1.0/platform/service/device_init/src/sl_device_init_lfxo_s1.o
 .debug_aranges
                0x00000880       0x28 ./gecko_sdk_4.1.0/platform/service/device_init/src/sl_device_init_nvic.o
 .debug_aranges
                0x000008a8       0x20 ./gecko_sdk_4.1.0/platform/service/system/src/sl_system_init.o
 .debug_aranges
                0x000008c8       0x20 ./gecko_sdk_4.1.0/platform/service/system/src/sl_system_process_action.o
 .debug_aranges
                0x000008e8       0x20 ./gecko_sdk_4.1.0/platform/service/udelay/src/sl_udelay.o
 .debug_aranges
                0x00000908       0x20 ./gecko_sdk_4.1.0/platform/service/udelay/src/sl_udelay_armv6m_gcc.o

.debug_ranges   0x00000000      0x7a8
 .debug_ranges  0x00000000       0x58 ./app.o
 .debug_ranges  0x00000058       0x10 ./main.o
 .debug_ranges  0x00000068       0x10 ./autogen/sl_device_init_clocks.o
 .debug_ranges  0x00000078       0x60 ./autogen/sl_event_handler.o
 .debug_ranges  0x000000d8       0x18 ./gecko_sdk_4.1.0/platform/Device/SiliconLabs/EFR32MG12P/Source/startup_efr32mg12p.o
 .debug_ranges  0x000000f0       0x58 ./gecko_sdk_4.1.0/platform/Device/SiliconLabs/EFR32MG12P/Source/system_efr32mg12p.o
 .debug_ranges  0x00000148       0x10 ./gecko_sdk_4.1.0/platform/common/src/sl_assert.o
 .debug_ranges  0x00000158       0x20 ./gecko_sdk_4.1.0/platform/common/toolchain/src/sl_memory.o
 .debug_ranges  0x00000178      0x1f0 ./gecko_sdk_4.1.0/platform/emlib/src/em_cmu.o
 .debug_ranges  0x00000368       0xd8 ./gecko_sdk_4.1.0/platform/emlib/src/em_core.o
 .debug_ranges  0x00000440      0x1f8 ./gecko_sdk_4.1.0/platform/emlib/src/em_emu.o
 .debug_ranges  0x00000638       0x80 ./gecko_sdk_4.1.0/platform/emlib/src/em_gpio.o
 .debug_ranges  0x000006b8       0x28 ./gecko_sdk_4.1.0/platform/emlib/src/em_rmu.o
 .debug_ranges  0x000006e0       0x40 ./gecko_sdk_4.1.0/platform/emlib/src/em_wdog.o
 .debug_ranges  0x00000720       0x10 ./gecko_sdk_4.1.0/platform/service/device_init/src/sl_device_init_dcdc_s1.o
 .debug_ranges  0x00000730       0x10 ./gecko_sdk_4.1.0/platform/service/device_init/src/sl_device_init_emu_s1.o
 .debug_ranges  0x00000740       0x10 ./gecko_sdk_4.1.0/platform/service/device_init/src/sl_device_init_hfxo_s1.o
 .debug_ranges  0x00000750       0x10 ./gecko_sdk_4.1.0/platform/service/device_init/src/sl_device_init_lfxo_s1.o
 .debug_ranges  0x00000760       0x18 ./gecko_sdk_4.1.0/platform/service/device_init/src/sl_device_init_nvic.o
 .debug_ranges  0x00000778       0x10 ./gecko_sdk_4.1.0/platform/service/system/src/sl_system_init.o
 .debug_ranges  0x00000788       0x10 ./gecko_sdk_4.1.0/platform/service/system/src/sl_system_process_action.o
 .debug_ranges  0x00000798       0x10 ./gecko_sdk_4.1.0/platform/service/udelay/src/sl_udelay.o

.debug_macro    0x00000000    0x34eb4
 .debug_macro   0x00000000      0x332 ./app.o
 .debug_macro   0x00000332      0xa72 ./app.o
 .debug_macro   0x00000da4       0x10 ./app.o
 .debug_macro   0x00000db4       0x22 ./app.o
 .debug_macro   0x00000dd6      0x4d2 ./app.o
 .debug_macro   0x000012a8       0x22 ./app.o
 .debug_macro   0x000012ca       0x56 ./app.o
 .debug_macro   0x00001320       0x51 ./app.o
 .debug_macro   0x00001371      0x103 ./app.o
 .debug_macro   0x00001474       0x6a ./app.o
 .debug_macro   0x000014de      0x1df ./app.o
 .debug_macro   0x000016bd       0x1c ./app.o
 .debug_macro   0x000016d9       0x22 ./app.o
 .debug_macro   0x000016fb       0xfb ./app.o
 .debug_macro   0x000017f6     0x1011 ./app.o
 .debug_macro   0x00002807      0x11f ./app.o
 .debug_macro   0x00002926      0xe1c ./app.o
 .debug_macro   0x00003742     0x2275 ./app.o
 .debug_macro   0x000059b7      0x329 ./app.o
 .debug_macro   0x00005ce0     0x3119 ./app.o
 .debug_macro   0x00008df9     0x1bba ./app.o
 .debug_macro   0x0000a9b3     0x2674 ./app.o
 .debug_macro   0x0000d027     0x1b19 ./app.o
 .debug_macro   0x0000eb40      0xe2b ./app.o
 .debug_macro   0x0000f96b      0x344 ./app.o
 .debug_macro   0x0000fcaf      0x29d ./app.o
 .debug_macro   0x0000ff4c     0x2763 ./app.o
 .debug_macro   0x000126af     0x31cc ./app.o
 .debug_macro   0x0001587b     0x136b ./app.o
 .debug_macro   0x00016be6      0xde2 ./app.o
 .debug_macro   0x000179c8      0x249 ./app.o
 .debug_macro   0x00017c11     0x1042 ./app.o
 .debug_macro   0x00018c53     0x1605 ./app.o
 .debug_macro   0x0001a258     0x3cb7 ./app.o
 .debug_macro   0x0001df0f     0x23fc ./app.o
 .debug_macro   0x0002030b      0x70c ./app.o
 .debug_macro   0x00020a17     0x26ef ./app.o
 .debug_macro   0x00023106     0x1700 ./app.o
 .debug_macro   0x00024806     0x2efb ./app.o
 .debug_macro   0x00027701      0xfaf ./app.o
 .debug_macro   0x000286b0      0x6c3 ./app.o
 .debug_macro   0x00028d73     0x1021 ./app.o
 .debug_macro   0x00029d94      0x888 ./app.o
 .debug_macro   0x0002a61c      0x4ff ./app.o
 .debug_macro   0x0002ab1b     0x1dee ./app.o
 .debug_macro   0x0002c909       0x40 ./app.o
 .debug_macro   0x0002c949      0x2ce ./app.o
 .debug_macro   0x0002cc17      0x381 ./app.o
 .debug_macro   0x0002cf98      0x190 ./app.o
 .debug_macro   0x0002d128     0x27bf ./app.o
 .debug_macro   0x0002f8e7      0x303 ./app.o
 .debug_macro   0x0002fbea      0x303 ./app.o
 .debug_macro   0x0002feed       0x10 ./app.o
 .debug_macro   0x0002fefd       0x8d ./app.o
 .debug_macro   0x0002ff8a       0x16 ./app.o
 .debug_macro   0x0002ffa0       0x10 ./app.o
 .debug_macro   0x0002ffb0       0xf6 ./app.o
 .debug_macro   0x000300a6       0x16 ./app.o
 .debug_macro   0x000300bc       0xe4 ./app.o
 .debug_macro   0x000301a0      0x35a ./app.o
 .debug_macro   0x000304fa       0x93 ./app.o
 .debug_macro   0x0003058d       0x10 ./app.o
 .debug_macro   0x0003059d       0x22 ./app.o
 .debug_macro   0x000305bf       0x17 ./app.o
 .debug_macro   0x000305d6       0x41 ./main.o
 .debug_macro   0x00030617      0x301 ./autogen/sl_device_init_clocks.o
 .debug_macro   0x00030918      0x72f ./autogen/sl_device_init_clocks.o
 .debug_macro   0x00031047      0x332 ./autogen/sl_event_handler.o
 .debug_macro   0x00031379      0x735 ./autogen/sl_event_handler.o
 .debug_macro   0x00031aae      0x276 ./gecko_sdk_4.1.0/platform/Device/SiliconLabs/EFR32MG12P/Source/startup_efr32mg12p.o
 .debug_macro   0x00031d24      0x28b ./gecko_sdk_4.1.0/platform/Device/SiliconLabs/EFR32MG12P/Source/system_efr32mg12p.o
 .debug_macro   0x00031faf       0x2c ./gecko_sdk_4.1.0/platform/common/src/sl_assert.o
 .debug_macro   0x00031fdb       0x92 ./gecko_sdk_4.1.0/platform/common/toolchain/src/sl_memory.o
 .debug_macro   0x0003206d      0x16d ./gecko_sdk_4.1.0/platform/common/toolchain/src/sl_memory.o
 .debug_macro   0x000321da       0x16 ./gecko_sdk_4.1.0/platform/common/toolchain/src/sl_memory.o
 .debug_macro   0x000321f0      0x419 ./gecko_sdk_4.1.0/platform/emlib/src/em_cmu.o
 .debug_macro   0x00032609       0x64 ./gecko_sdk_4.1.0/platform/emlib/src/em_cmu.o
 .debug_macro   0x0003266d      0x35d ./gecko_sdk_4.1.0/platform/emlib/src/em_cmu.o
 .debug_macro   0x000329ca       0x7c ./gecko_sdk_4.1.0/platform/emlib/src/em_cmu.o
 .debug_macro   0x00032a46       0x17 ./gecko_sdk_4.1.0/platform/emlib/src/em_cmu.o
 .debug_macro   0x00032a5d       0xee ./gecko_sdk_4.1.0/platform/emlib/src/em_cmu.o
 .debug_macro   0x00032b4b       0x34 ./gecko_sdk_4.1.0/platform/emlib/src/em_cmu.o
 .debug_macro   0x00032b7f       0x34 ./gecko_sdk_4.1.0/platform/emlib/src/em_cmu.o
 .debug_macro   0x00032bb3      0x2bb ./gecko_sdk_4.1.0/platform/emlib/src/em_core.o
 .debug_macro   0x00032e6e      0x40c ./gecko_sdk_4.1.0/platform/emlib/src/em_emu.o
 .debug_macro   0x0003327a       0x5e ./gecko_sdk_4.1.0/platform/emlib/src/em_emu.o
 .debug_macro   0x000332d8       0x5c ./gecko_sdk_4.1.0/platform/emlib/src/em_emu.o
 .debug_macro   0x00033334       0x8d ./gecko_sdk_4.1.0/platform/emlib/src/em_emu.o
 .debug_macro   0x000333c1      0x2db ./gecko_sdk_4.1.0/platform/emlib/src/em_gpio.o
 .debug_macro   0x0003369c      0x324 ./gecko_sdk_4.1.0/platform/emlib/src/em_rmu.o
 .debug_macro   0x000339c0      0x2d0 ./gecko_sdk_4.1.0/platform/emlib/src/em_wdog.o
 .debug_macro   0x00033c90       0x11 ./gecko_sdk_4.1.0/platform/emlib/src/em_wdog.o
 .debug_macro   0x00033ca1      0x2e8 ./gecko_sdk_4.1.0/platform/service/device_init/src/sl_device_init_dcdc_s1.o
 .debug_macro   0x00033f89       0x22 ./gecko_sdk_4.1.0/platform/service/device_init/src/sl_device_init_dcdc_s1.o
 .debug_macro   0x00033fab      0x2ee ./gecko_sdk_4.1.0/platform/service/device_init/src/sl_device_init_emu_s1.o
 .debug_macro   0x00034299       0x28 ./gecko_sdk_4.1.0/platform/service/device_init/src/sl_device_init_emu_s1.o
 .debug_macro   0x000342c1      0x316 ./gecko_sdk_4.1.0/platform/service/device_init/src/sl_device_init_hfxo_s1.o
 .debug_macro   0x000345d7       0x28 ./gecko_sdk_4.1.0/platform/service/device_init/src/sl_device_init_hfxo_s1.o
 .debug_macro   0x000345ff      0x30a ./gecko_sdk_4.1.0/platform/service/device_init/src/sl_device_init_lfxo_s1.o
 .debug_macro   0x00034909       0x22 ./gecko_sdk_4.1.0/platform/service/device_init/src/sl_device_init_lfxo_s1.o
 .debug_macro   0x0003492b      0x2b8 ./gecko_sdk_4.1.0/platform/service/device_init/src/sl_device_init_nvic.o
 .debug_macro   0x00034be3       0x24 ./gecko_sdk_4.1.0/platform/service/system/src/sl_system_init.o
 .debug_macro   0x00034c07       0x24 ./gecko_sdk_4.1.0/platform/service/system/src/sl_system_process_action.o
 .debug_macro   0x00034c2b      0x289 ./gecko_sdk_4.1.0/platform/service/udelay/src/sl_udelay.o

.debug_line     0x00000000     0xfaf4
 .debug_line    0x00000000      0xda1 ./app.o
 .debug_line    0x00000da1      0x1a2 ./main.o
 .debug_line    0x00000f43      0xa7f ./autogen/sl_device_init_clocks.o
 .debug_line    0x000019c2      0xc1b ./autogen/sl_event_handler.o
 .debug_line    0x000025dd      0x908 ./gecko_sdk_4.1.0/platform/Device/SiliconLabs/EFR32MG12P/Source/startup_efr32mg12p.o
 .debug_line    0x00002ee5      0x9ce ./gecko_sdk_4.1.0/platform/Device/SiliconLabs/EFR32MG12P/Source/system_efr32mg12p.o
 .debug_line    0x000038b3      0x1cc ./gecko_sdk_4.1.0/platform/common/src/sl_assert.o
 .debug_line    0x00003a7f      0x3e5 ./gecko_sdk_4.1.0/platform/common/toolchain/src/sl_memory.o
 .debug_line    0x00003e64     0x21b4 ./gecko_sdk_4.1.0/platform/emlib/src/em_cmu.o
 .debug_line    0x00006018      0xfcb ./gecko_sdk_4.1.0/platform/emlib/src/em_core.o
 .debug_line    0x00006fe3     0x20b0 ./gecko_sdk_4.1.0/platform/emlib/src/em_emu.o
 .debug_line    0x00009093     0x101b ./gecko_sdk_4.1.0/platform/emlib/src/em_gpio.o
 .debug_line    0x0000a0ae      0xae2 ./gecko_sdk_4.1.0/platform/emlib/src/em_rmu.o
 .debug_line    0x0000ab90      0xcc0 ./gecko_sdk_4.1.0/platform/emlib/src/em_wdog.o
 .debug_line    0x0000b850      0xaba ./gecko_sdk_4.1.0/platform/service/device_init/src/sl_device_init_dcdc_s1.o
 .debug_line    0x0000c30a      0xac7 ./gecko_sdk_4.1.0/platform/service/device_init/src/sl_device_init_emu_s1.o
 .debug_line    0x0000cdd1      0xb20 ./gecko_sdk_4.1.0/platform/service/device_init/src/sl_device_init_hfxo_s1.o
 .debug_line    0x0000d8f1      0xaf1 ./gecko_sdk_4.1.0/platform/service/device_init/src/sl_device_init_lfxo_s1.o
 .debug_line    0x0000e3e2      0xa64 ./gecko_sdk_4.1.0/platform/service/device_init/src/sl_device_init_nvic.o
 .debug_line    0x0000ee46      0x15a ./gecko_sdk_4.1.0/platform/service/system/src/sl_system_init.o
 .debug_line    0x0000efa0      0x163 ./gecko_sdk_4.1.0/platform/service/system/src/sl_system_process_action.o
 .debug_line    0x0000f103      0x958 ./gecko_sdk_4.1.0/platform/service/udelay/src/sl_udelay.o
 .debug_line    0x0000fa5b       0x99 ./gecko_sdk_4.1.0/platform/service/udelay/src/sl_udelay_armv6m_gcc.o

.debug_str      0x00000000   0x15c951
 .debug_str     0x00000000   0x152a6c ./app.o
                             0x1539c1 (size before relaxing)
 .debug_str     0x00152a6c       0x44 ./main.o
                               0x2dd0 (size before relaxing)
 .debug_str     0x00152ab0     0x3d9d ./autogen/sl_device_init_clocks.o
                             0x1564ba (size before relaxing)
 .debug_str     0x0015684d      0x71e ./autogen/sl_event_handler.o
                             0x155b34 (size before relaxing)
 .debug_str     0x00156f6b      0x164 ./gecko_sdk_4.1.0/platform/Device/SiliconLabs/EFR32MG12P/Source/startup_efr32mg12p.o
                             0x1503b2 (size before relaxing)
 .debug_str     0x001570cf      0x239 ./gecko_sdk_4.1.0/platform/Device/SiliconLabs/EFR32MG12P/Source/system_efr32mg12p.o
                             0x150784 (size before relaxing)
 .debug_str     0x00157308       0x63 ./gecko_sdk_4.1.0/platform/common/src/sl_assert.o
                               0x2e29 (size before relaxing)
 .debug_str     0x0015736b      0x3d6 ./gecko_sdk_4.1.0/platform/common/toolchain/src/sl_memory.o
                               0x4019 (size before relaxing)
 .debug_str     0x00157741     0x2e1e ./gecko_sdk_4.1.0/platform/emlib/src/em_cmu.o
                             0x156505 (size before relaxing)
 .debug_str     0x0015a55f      0x38d ./gecko_sdk_4.1.0/platform/emlib/src/em_core.o
                             0x1515d7 (size before relaxing)
 .debug_str     0x0015a8ec     0x112b ./gecko_sdk_4.1.0/platform/emlib/src/em_emu.o
                             0x156749 (size before relaxing)
 .debug_str     0x0015ba17      0x261 ./gecko_sdk_4.1.0/platform/emlib/src/em_gpio.o
                             0x151db7 (size before relaxing)
 .debug_str     0x0015bc78      0x3b3 ./gecko_sdk_4.1.0/platform/emlib/src/em_rmu.o
                             0x15168c (size before relaxing)
 .debug_str     0x0015c02b       0xc2 ./gecko_sdk_4.1.0/platform/emlib/src/em_wdog.o
                             0x15133e (size before relaxing)
 .debug_str     0x0015c0ed      0x142 ./gecko_sdk_4.1.0/platform/service/device_init/src/sl_device_init_dcdc_s1.o
                             0x15522c (size before relaxing)
 .debug_str     0x0015c22f      0x1b9 ./gecko_sdk_4.1.0/platform/service/device_init/src/sl_device_init_emu_s1.o
                             0x1551bd (size before relaxing)
 .debug_str     0x0015c3e8      0x1a2 ./gecko_sdk_4.1.0/platform/service/device_init/src/sl_device_init_hfxo_s1.o
                             0x1567a6 (size before relaxing)
 .debug_str     0x0015c58a      0x144 ./gecko_sdk_4.1.0/platform/service/device_init/src/sl_device_init_lfxo_s1.o
                             0x1562a8 (size before relaxing)
 .debug_str     0x0015c6ce       0x7f ./gecko_sdk_4.1.0/platform/service/device_init/src/sl_device_init_nvic.o
                             0x154ef5 (size before relaxing)
 .debug_str     0x0015c74d       0x70 ./gecko_sdk_4.1.0/platform/service/system/src/sl_system_init.o
                               0x2da7 (size before relaxing)
 .debug_str     0x0015c7bd       0x84 ./gecko_sdk_4.1.0/platform/service/system/src/sl_system_process_action.o
                               0x2dbb (size before relaxing)
 .debug_str     0x0015c841       0x9b ./gecko_sdk_4.1.0/platform/service/udelay/src/sl_udelay.o
                             0x15031c (size before relaxing)
 .debug_str     0x0015c8dc       0x75 ./gecko_sdk_4.1.0/platform/service/udelay/src/sl_udelay_armv6m_gcc.o
                                 0xc4 (size before relaxing)

.debug_frame    0x00000000     0x1750
 .debug_frame   0x00000000      0x120 ./app.o
 .debug_frame   0x00000120       0x28 ./main.o
 .debug_frame   0x00000148       0x28 ./autogen/sl_device_init_clocks.o
 .debug_frame   0x00000170       0xd4 ./autogen/sl_event_handler.o
 .debug_frame   0x00000244       0x38 ./gecko_sdk_4.1.0/platform/Device/SiliconLabs/EFR32MG12P/Source/startup_efr32mg12p.o
 .debug_frame   0x0000027c       0xdc ./gecko_sdk_4.1.0/platform/Device/SiliconLabs/EFR32MG12P/Source/system_efr32mg12p.o
 .debug_frame   0x00000358       0x24 ./gecko_sdk_4.1.0/platform/common/src/sl_assert.o
 .debug_frame   0x0000037c       0x58 ./gecko_sdk_4.1.0/platform/common/toolchain/src/sl_memory.o
 .debug_frame   0x000003d4      0x618 ./gecko_sdk_4.1.0/platform/emlib/src/em_cmu.o
 .debug_frame   0x000009ec      0x29c ./gecko_sdk_4.1.0/platform/emlib/src/em_core.o
 .debug_frame   0x00000c88      0x5e8 ./gecko_sdk_4.1.0/platform/emlib/src/em_emu.o
 .debug_frame   0x00001270      0x1a4 ./gecko_sdk_4.1.0/platform/emlib/src/em_gpio.o
 .debug_frame   0x00001414       0x6c ./gecko_sdk_4.1.0/platform/emlib/src/em_rmu.o
 .debug_frame   0x00001480       0xc4 ./gecko_sdk_4.1.0/platform/emlib/src/em_wdog.o
 .debug_frame   0x00001544       0x30 ./gecko_sdk_4.1.0/platform/service/device_init/src/sl_device_init_dcdc_s1.o
 .debug_frame   0x00001574       0x2c ./gecko_sdk_4.1.0/platform/service/device_init/src/sl_device_init_emu_s1.o
 .debug_frame   0x000015a0       0x30 ./gecko_sdk_4.1.0/platform/service/device_init/src/sl_device_init_hfxo_s1.o
 .debug_frame   0x000015d0       0x2c ./gecko_sdk_4.1.0/platform/service/device_init/src/sl_device_init_lfxo_s1.o
 .debug_frame   0x000015fc       0x44 ./gecko_sdk_4.1.0/platform/service/device_init/src/sl_device_init_nvic.o
 .debug_frame   0x00001640       0x28 ./gecko_sdk_4.1.0/platform/service/system/src/sl_system_init.o
 .debug_frame   0x00001668       0x28 ./gecko_sdk_4.1.0/platform/service/system/src/sl_system_process_action.o
 .debug_frame   0x00001690       0x2c ./gecko_sdk_4.1.0/platform/service/udelay/src/sl_udelay.o
 .debug_frame   0x000016bc       0x28 c:/siliconlabs/simplicitystudio/v5/developer/toolchains/gnu_arm/10.3_2021.10/bin/../lib/gcc/arm-none-eabi/10.3.1/../../../../arm-none-eabi/lib/thumb/v7e-m+fp/softfp\libc_nano.a(lib_a-exit.o)
 .debug_frame   0x000016e4       0x2c c:/siliconlabs/simplicitystudio/v5/developer/toolchains/gnu_arm/10.3_2021.10/bin/../lib/gcc/arm-none-eabi/10.3.1/../../../../arm-none-eabi/lib/thumb/v7e-m+fp/softfp\libc_nano.a(lib_a-init.o)
 .debug_frame   0x00001710       0x20 c:/siliconlabs/simplicitystudio/v5/developer/toolchains/gnu_arm/10.3_2021.10/bin/../lib/gcc/arm-none-eabi/10.3.1/../../../../arm-none-eabi/lib/thumb/v7e-m+fp/softfp\libc_nano.a(lib_a-memset.o)
 .debug_frame   0x00001730       0x20 c:/siliconlabs/simplicitystudio/v5/developer/toolchains/gnu_arm/10.3_2021.10/bin/../lib/gcc/arm-none-eabi/10.3.1/../../../../arm-none-eabi/lib/thumb/v7e-m+fp/softfp\libnosys.a(_exit.o)
