Archive member included to satisfy reference by file (symbol)

c:/siliconlabs/simplicitystudio/v5/developer/toolchains/gnu_arm/10.3_2021.10/bin/../lib/gcc/arm-none-eabi/10.3.1/../../../../arm-none-eabi/lib/thumb/v7e-m+fp/softfp\libc_nano.a(lib_a-exit.o)
                              c:/siliconlabs/simplicitystudio/v5/developer/toolchains/gnu_arm/10.3_2021.10/bin/../lib/gcc/arm-none-eabi/10.3.1/../../../../arm-none-eabi/lib/thumb/v7e-m+fp/softfp/crt0.o (exit)
c:/siliconlabs/simplicitystudio/v5/developer/toolchains/gnu_arm/10.3_2021.10/bin/../lib/gcc/arm-none-eabi/10.3.1/../../../../arm-none-eabi/lib/thumb/v7e-m+fp/softfp\libc_nano.a(lib_a-impure.o)
                              c:/siliconlabs/simplicitystudio/v5/developer/toolchains/gnu_arm/10.3_2021.10/bin/../lib/gcc/arm-none-eabi/10.3.1/../../../../arm-none-eabi/lib/thumb/v7e-m+fp/softfp\libc_nano.a(lib_a-exit.o) (_global_impure_ptr)
c:/siliconlabs/simplicitystudio/v5/developer/toolchains/gnu_arm/10.3_2021.10/bin/../lib/gcc/arm-none-eabi/10.3.1/../../../../arm-none-eabi/lib/thumb/v7e-m+fp/softfp\libc_nano.a(lib_a-init.o)
                              c:/siliconlabs/simplicitystudio/v5/developer/toolchains/gnu_arm/10.3_2021.10/bin/../lib/gcc/arm-none-eabi/10.3.1/../../../../arm-none-eabi/lib/thumb/v7e-m+fp/softfp/crt0.o (__libc_init_array)
c:/siliconlabs/simplicitystudio/v5/developer/toolchains/gnu_arm/10.3_2021.10/bin/../lib/gcc/arm-none-eabi/10.3.1/../../../../arm-none-eabi/lib/thumb/v7e-m+fp/softfp\libc_nano.a(lib_a-memset.o)
                              c:/siliconlabs/simplicitystudio/v5/developer/toolchains/gnu_arm/10.3_2021.10/bin/../lib/gcc/arm-none-eabi/10.3.1/../../../../arm-none-eabi/lib/thumb/v7e-m+fp/softfp/crt0.o (memset)
c:/siliconlabs/simplicitystudio/v5/developer/toolchains/gnu_arm/10.3_2021.10/bin/../lib/gcc/arm-none-eabi/10.3.1/../../../../arm-none-eabi/lib/thumb/v7e-m+fp/softfp\libnosys.a(_exit.o)
                              c:/siliconlabs/simplicitystudio/v5/developer/toolchains/gnu_arm/10.3_2021.10/bin/../lib/gcc/arm-none-eabi/10.3.1/../../../../arm-none-eabi/lib/thumb/v7e-m+fp/softfp\libc_nano.a(lib_a-exit.o) (_exit)

Discarded input sections

 .text          0x00000000        0x0 c:/siliconlabs/simplicitystudio/v5/developer/toolchains/gnu_arm/10.3_2021.10/bin/../lib/gcc/arm-none-eabi/10.3.1/thumb/v7e-m+fp/softfp/crti.o
 .data          0x00000000        0x0 c:/siliconlabs/simplicitystudio/v5/developer/toolchains/gnu_arm/10.3_2021.10/bin/../lib/gcc/arm-none-eabi/10.3.1/thumb/v7e-m+fp/softfp/crti.o
 .bss           0x00000000        0x0 c:/siliconlabs/simplicitystudio/v5/developer/toolchains/gnu_arm/10.3_2021.10/bin/../lib/gcc/arm-none-eabi/10.3.1/thumb/v7e-m+fp/softfp/crti.o
 .data          0x00000000        0x4 c:/siliconlabs/simplicitystudio/v5/developer/toolchains/gnu_arm/10.3_2021.10/bin/../lib/gcc/arm-none-eabi/10.3.1/thumb/v7e-m+fp/softfp/crtbegin.o
 .rodata        0x00000000       0x24 c:/siliconlabs/simplicitystudio/v5/developer/toolchains/gnu_arm/10.3_2021.10/bin/../lib/gcc/arm-none-eabi/10.3.1/thumb/v7e-m+fp/softfp/crtbegin.o
 .data          0x00000000        0x0 c:/siliconlabs/simplicitystudio/v5/developer/toolchains/gnu_arm/10.3_2021.10/bin/../lib/gcc/arm-none-eabi/10.3.1/../../../../arm-none-eabi/lib/thumb/v7e-m+fp/softfp/crt0.o
 .bss           0x00000000        0x0 c:/siliconlabs/simplicitystudio/v5/developer/toolchains/gnu_arm/10.3_2021.10/bin/../lib/gcc/arm-none-eabi/10.3.1/../../../../arm-none-eabi/lib/thumb/v7e-m+fp/softfp/crt0.o
 .ARM.extab     0x00000000        0x0 c:/siliconlabs/simplicitystudio/v5/developer/toolchains/gnu_arm/10.3_2021.10/bin/../lib/gcc/arm-none-eabi/10.3.1/../../../../arm-none-eabi/lib/thumb/v7e-m+fp/softfp/crt0.o
 .group         0x00000000        0xc ./app.o
 .group         0x00000000        0xc ./app.o
 .group         0x00000000        0xc ./app.o
 .group         0x00000000        0xc ./app.o
 .group         0x00000000        0xc ./app.o
 .group         0x00000000        0xc ./app.o
 .group         0x00000000        0xc ./app.o
 .group         0x00000000        0xc ./app.o
 .group         0x00000000        0xc ./app.o
 .group         0x00000000        0xc ./app.o
 .group         0x00000000        0xc ./app.o
 .group         0x00000000        0xc ./app.o
 .group         0x00000000        0xc ./app.o
 .group         0x00000000        0xc ./app.o
 .group         0x00000000        0xc ./app.o
 .group         0x00000000        0xc ./app.o
 .group         0x00000000        0xc ./app.o
 .group         0x00000000        0xc ./app.o
 .group         0x00000000        0xc ./app.o
 .group         0x00000000        0xc ./app.o
 .group         0x00000000        0xc ./app.o
 .group         0x00000000        0xc ./app.o
 .group         0x00000000        0xc ./app.o
 .group         0x00000000        0xc ./app.o
 .group         0x00000000        0xc ./app.o
 .group         0x00000000        0xc ./app.o
 .group         0x00000000        0xc ./app.o
 .group         0x00000000        0xc ./app.o
[...]
Memory Configuration

Name             Origin             Length             Attributes
FLASH            0x00000000         0x00100000         xr
RAM              0x20000000         0x00040000         xrw
*default*        0x00000000         0xffffffff

Linker script and memory map

LOAD c:/siliconlabs/simplicitystudio/v5/developer/toolchains/gnu_arm/10.3_2021.10/bin/../lib/gcc/arm-none-eabi/10.3.1/thumb/v7e-m+fp/softfp/crti.o
LOAD c:/siliconlabs/simplicitystudio/v5/developer/toolchains/gnu_arm/10.3_2021.10/bin/../lib/gcc/arm-none-eabi/10.3.1/thumb/v7e-m+fp/softfp/crtbegin.o
LOAD c:/siliconlabs/simplicitystudio/v5/developer/toolchains/gnu_arm/10.3_2021.10/bin/../lib/gcc/arm-none-eabi/10.3.1/../../../../arm-none-eabi/lib/thumb/v7e-m+fp/softfp/crt0.o
START GROUP
LOAD ./app.o
LOAD ./main.o
LOAD ./autogen/sl_device_init_clocks.o
LOAD ./autogen/sl_event_handler.o
LOAD ./gecko_sdk_4.1.0/platform/Device/SiliconLabs/EFR32MG12P/Source/startup_efr32mg12p.o
LOAD ./gecko_sdk_4.1.0/platform/Device/SiliconLabs/EFR32MG12P/Source/system_efr32mg12p.o
LOAD ./gecko_sdk_4.1.0/platform/common/src/sl_assert.o
LOAD ./gecko_sdk_4.1.0/platform/common/toolchain/src/sl_memory.o
LOAD ./gecko_sdk_4.1.0/platform/emlib/src/em_adc.o
LOAD ./gecko_sdk_4.1.0/platform/emlib/src/em_cmu.o
LOAD ./gecko_sdk_4.1.0/platform/emlib/src/em_core.o
LOAD ./gecko_sdk_4.1.0/platform/emlib/src/em_emu.o
LOAD ./gecko_sdk_4.1.0/platform/emlib/src/em_gpio.o
LOAD ./gecko_sdk_4.1.0/platform/emlib/src/em_letimer.o
LOAD ./gecko_sdk_4.1.0/platform/emlib/src/em_msc.o
LOAD ./gecko_sdk_4.1.0/platform/emlib/src/em_system.o
LOAD ./gecko_sdk_4.1.0/platform/emlib/src/em_timer.o
LOAD ./gecko_sdk_4.1.0/platform/service/device_init/src/sl_device_init_dcdc_s1.o
LOAD ./gecko_sdk_4.1.0/platform/service/device_init/src/sl_device_init_emu_s1.o
LOAD ./gecko_sdk_4.1.0/platform/service/device_init/src/sl_device_init_hfxo_s1.o
LOAD ./gecko_sdk_4.1.0/platform/service/device_init/src/sl_device_init_lfxo_s1.o
LOAD ./gecko_sdk_4.1.0/platform/service/device_init/src/sl_device_init_nvic.o
LOAD ./gecko_sdk_4.1.0/platform/service/system/src/sl_system_init.o
LOAD ./gecko_sdk_4.1.0/platform/service/system/src/sl_system_process_action.o
LOAD ./gecko_sdk_4.1.0/platform/service/udelay/src/sl_udelay.o
LOAD ./gecko_sdk_4.1.0/platform/service/udelay/src/sl_udelay_armv6m_gcc.o
LOAD c:/siliconlabs/simplicitystudio/v5/developer/toolchains/gnu_arm/10.3_2021.10/bin/../lib/gcc/arm-none-eabi/10.3.1/thumb/v7e-m+fp/softfp\libgcc.a
LOAD c:/siliconlabs/simplicitystudio/v5/developer/toolchains/gnu_arm/10.3_2021.10/bin/../lib/gcc/arm-none-eabi/10.3.1/../../../../arm-none-eabi/lib/thumb/v7e-m+fp/softfp\libc_nano.a
LOAD c:/siliconlabs/simplicitystudio/v5/developer/toolchains/gnu_arm/10.3_2021.10/bin/../lib/gcc/arm-none-eabi/10.3.1/../../../../arm-none-eabi/lib/thumb/v7e-m+fp/softfp\libm.a
LOAD c:/siliconlabs/simplicitystudio/v5/developer/toolchains/gnu_arm/10.3_2021.10/bin/../lib/gcc/arm-none-eabi/10.3.1/../../../../arm-none-eabi/lib/thumb/v7e-m+fp/softfp\libnosys.a
END GROUP
START GROUP
LOAD c:/siliconlabs/simplicitystudio/v5/developer/toolchains/gnu_arm/10.3_2021.10/bin/../lib/gcc/arm-none-eabi/10.3.1/thumb/v7e-m+fp/softfp\libgcc.a
LOAD c:/siliconlabs/simplicitystudio/v5/developer/toolchains/gnu_arm/10.3_2021.10/bin/../lib/gcc/arm-none-eabi/10.3.1/../../../../arm-none-eabi/lib/thumb/v7e-m+fp/softfp\libc_nano.a
LOAD c:/siliconlabs/simplicitystudio/v5/developer/toolchains/gnu_arm/10.3_2021.10/bin/../lib/gcc/arm-none-eabi/10.3.1/../../../../arm-none-eabi/lib/thumb/v7e-m+fp/softfp\libnosys.a
END GROUP
START GROUP
LOAD c:/siliconlabs/simplicitystudio/v5/developer/toolchains/gnu_arm/10.3_2021.10/bin/../lib/gcc/arm-none-eabi/10.3.1/thumb/v7e-m+fp/softfp\libgcc.a
LOAD c:/siliconlabs/simplicitystudio/v5/developer/toolchains/gnu_arm/10.3_2021.10/bin/../lib/gcc/arm-none-eabi/10.3.1/../../../../arm-none-eabi/lib/thumb/v7e-m+fp/softfp\libg_nano.a
LOAD c:/siliconlabs/simplicitystudio/v5/developer/toolchains/gnu_arm/10.3_2021.10/bin/../lib/gcc/arm-none-eabi/10.3.1/../../../../arm-none-eabi/lib/thumb/v7e-m+fp/softfp\libc_nano.a
END GROUP
START GROUP
LOAD c:/siliconlabs/simplicitystudio/v5/developer/toolchains/gnu_arm/10.3_2021.10/bin/../lib/gcc/arm-none-eabi/10.3.1/thumb/v7e-m+fp/softfp\libgcc.a
LOAD c:/siliconlabs/simplicitystudio/v5/developer/toolchains/gnu_arm/10.3_2021.10/bin/../lib/gcc/arm-none-eabi/10.3.1/../../../../arm-none-eabi/lib/thumb/v7e-m+fp/softfp\libc_nano.a
END GROUP
LOAD c:/siliconlabs/simplicitystudio/v5/developer/toolchains/gnu_arm/10.3_2021.10/bin/../lib/gcc/arm-none-eabi/10.3.1/thumb/v7e-m+fp/softfp/crtend.o
LOAD c:/siliconlabs/simplicitystudio/v5/developer/toolchains/gnu_arm/10.3_2021.10/bin/../lib/gcc/arm-none-eabi/10.3.1/thumb/v7e-m+fp/softfp/crtn.o

.text           0x00000000     0x3668
                0x00000000                linker_vectors_begin = .
 *(.vectors)
 .vectors       0x00000000      0x10c ./gecko_sdk_4.1.0/platform/Device/SiliconLabs/EFR32MG12P/Source/startup_efr32mg12p.o
                0x00000000                __Vectors
                0x0000010c                linker_vectors_end = .
                0x0000010c                __Vectors_End = .
                0x0000010c                __Vectors_Size = (__Vectors_End - __Vectors)
                0x0000010c                linker_code_begin = .
 *(.text*)
 .text          0x0000010c       0x40 c:/siliconlabs/simplicitystudio/v5/developer/toolchains/gnu_arm/10.3_2021.10/bin/../lib/gcc/arm-none-eabi/10.3.1/thumb/v7e-m+fp/softfp/crtbegin.o
 .text          0x0000014c       0x7c c:/siliconlabs/simplicitystudio/v5/developer/toolchains/gnu_arm/10.3_2021.10/bin/../lib/gcc/arm-none-eabi/10.3.1/../../../../arm-none-eabi/lib/thumb/v7e-m+fp/softfp/crt0.o
                0x0000014c                _stack_init
                0x00000154                _start
                0x00000154                _mainCRTStartup
 .text.ADC_DataSingleGet
                0x000001c8        0xe ./app.o
 .text.ADC_Start
                0x000001d6       0x18 ./app.o
 *fill*         0x000001ee        0x2 
 .text.initADC  0x000001f0       0xa0 ./app.o
                0x000001f0                initADC
 .text.app_init
                0x00000290        0xa ./app.o
                0x00000290                app_init
 *fill*         0x0000029a        0x2 
 .text.app_process_action
                0x0000029c       0x44 ./app.o
                0x0000029c                app_process_action
 .text.main     0x000002e0       0x14 ./main.o
                0x000002e0                main
 .text.sl_device_init_clocks
                0x000002f4       0x40 ./autogen/sl_device_init_clocks.o
                0x000002f4                sl_device_init_clocks
 .text.SYSTEM_GetProdRev
                0x00000334       0x10 ./autogen/sl_event_handler.o
 .text.CHIP_Init
                0x00000344       0x94 ./autogen/sl_event_handler.o
 .text.sl_platform_init
                0x000003d8       0x22 ./autogen/sl_event_handler.o
                0x000003d8                sl_platform_init
 .text.sl_driver_init
                0x000003fa        0x4 ./autogen/sl_event_handler.o
                0x000003fa                sl_driver_init
 .text.sl_service_init
                0x000003fe        0x4 ./autogen/sl_event_handler.o
                0x000003fe                sl_service_init
 .text.sl_stack_init
                0x00000402        0x4 ./autogen/sl_event_handler.o
                0x00000402                sl_stack_init
 .text.sl_internal_app_init
                0x00000406        0x4 ./autogen/sl_event_handler.o
                0x00000406                sl_internal_app_init
 .text.sl_platform_process_action
                0x0000040a        0x4 ./autogen/sl_event_handler.o
                0x0000040a                sl_platform_process_action
 .text.sl_service_process_action
                0x0000040e        0x4 ./autogen/sl_event_handler.o
                0x0000040e                sl_service_process_action
 .text.sl_stack_process_action
                0x00000412        0x4 ./autogen/sl_event_handler.o
                0x00000412                sl_stack_process_action
 .text.sl_internal_app_process_action
                0x00000416        0x4 ./autogen/sl_event_handler.o
                0x00000416                sl_internal_app_process_action
 *fill*         0x0000041a        0x2 
 .text.Reset_Handler
                0x0000041c       0x98 ./gecko_sdk_4.1.0/platform/Device/SiliconLabs/EFR32MG12P/Source/startup_efr32mg12p.o
                0x0000041c                Reset_Handler
 .text.Default_Handler
                0x000004b4        0x2 ./gecko_sdk_4.1.0/platform/Device/SiliconLabs/EFR32MG12P/Source/startup_efr32mg12p.o
                0x000004b4                DebugMon_Handler
                0x000004b4                USART0_TX_IRQHandler
                0x000004b4                I2C0_IRQHandler
                0x000004b4                HardFault_Handler
                0x000004b4                SysTick_Handler
                0x000004b4                USART1_RX_IRQHandler
                0x000004b4                PendSV_Handler
                0x000004b4                NMI_Handler
                0x000004b4                SYNTH_IRQHandler
                0x000004b4                I2C1_IRQHandler
                0x000004b4                WTIMER0_IRQHandler
                0x000004b4                CRYPTO0_IRQHandler
                0x000004b4                WDOG0_IRQHandler
                0x000004b4                USART1_TX_IRQHandler
                0x000004b4                SMU_IRQHandler
                0x000004b4                MSC_IRQHandler
                0x000004b4                ADC0_IRQHandler
                0x000004b4                UsageFault_Handler
                0x000004b4                WDOG1_IRQHandler
                0x000004b4                LEUART0_IRQHandler
                0x000004b4                FPUEH_IRQHandler
                0x000004b4                WTIMER1_IRQHandler
                0x000004b4                GPIO_EVEN_IRQHandler
                0x000004b4                VDAC0_IRQHandler
                0x000004b4                LDMA_IRQHandler
                0x000004b4                CSEN_IRQHandler
                0x000004b4                CRYPTO1_IRQHandler
                0x000004b4                TIMER0_IRQHandler
                0x000004b4                PCNT2_IRQHandler
                0x000004b4                LETIMER0_IRQHandler
                0x000004b4                TIMER1_IRQHandler
                0x000004b4                TRNG0_IRQHandler
                0x000004b4                RFSENSE_IRQHandler
                0x000004b4                BUFC_IRQHandler
                0x000004b4                MODEM_IRQHandler
                0x000004b4                USART2_RX_IRQHandler
                0x000004b4                Default_Handler
                0x000004b4                RAC_SEQ_IRQHandler
                0x000004b4                FRC_PRI_IRQHandler
                0x000004b4                EMU_IRQHandler
                0x000004b4                FRC_IRQHandler
                0x000004b4                CRYOTIMER_IRQHandler
                0x000004b4                PCNT0_IRQHandler
                0x000004b4                AGC_IRQHandler
                0x000004b4                sl_app_properties
                0x000004b4                PCNT1_IRQHandler
                0x000004b4                ACMP0_IRQHandler
                0x000004b4                USART0_RX_IRQHandler
                0x000004b4                MemManage_Handler
                0x000004b4                SVC_Handler
                0x000004b4                USART3_RX_IRQHandler
                0x000004b4                RTCC_IRQHandler
                0x000004b4                CMU_IRQHandler
                0x000004b4                RAC_RSM_IRQHandler
                0x000004b4                LESENSE_IRQHandler
                0x000004b4                GPIO_ODD_IRQHandler
                0x000004b4                USART3_TX_IRQHandler
                0x000004b4                PROTIMER_IRQHandler
                0x000004b4                BusFault_Handler
                0x000004b4                USART2_TX_IRQHandler
                0x000004b4                IDAC0_IRQHandler
 *fill*         0x000004b6        0x2 
 .text.SystemCoreClockGet
                0x000004b8       0x3c ./gecko_sdk_4.1.0/platform/Device/SiliconLabs/EFR32MG12P/Source/system_efr32mg12p.o
                0x000004b8                SystemCoreClockGet
 .text.SystemMaxCoreClockGet
                0x000004f4        0xc ./gecko_sdk_4.1.0/platform/Device/SiliconLabs/EFR32MG12P/Source/system_efr32mg12p.o
                0x000004f4                SystemMaxCoreClockGet
 .text.SystemHFClockGet
                0x00000500       0x7c ./gecko_sdk_4.1.0/platform/Device/SiliconLabs/EFR32MG12P/Source/system_efr32mg12p.o
                0x00000500                SystemHFClockGet
 .text.SystemHFXOClockGet
                0x0000057c        0xc ./gecko_sdk_4.1.0/platform/Device/SiliconLabs/EFR32MG12P/Source/system_efr32mg12p.o
                0x0000057c                SystemHFXOClockGet
 .text.SystemHFXOClockSet
                0x00000588       0x30 ./gecko_sdk_4.1.0/platform/Device/SiliconLabs/EFR32MG12P/Source/system_efr32mg12p.o
                0x00000588                SystemHFXOClockSet
 .text.SystemInit
                0x000005b8       0x24 ./gecko_sdk_4.1.0/platform/Device/SiliconLabs/EFR32MG12P/Source/system_efr32mg12p.o
                0x000005b8                SystemInit
 .text.SystemLFRCOClockGet
                0x000005dc        0x8 ./gecko_sdk_4.1.0/platform/Device/SiliconLabs/EFR32MG12P/Source/system_efr32mg12p.o
                0x000005dc                SystemLFRCOClockGet
 .text.SystemULFRCOClockGet
                0x000005e4        0x8 ./gecko_sdk_4.1.0/platform/Device/SiliconLabs/EFR32MG12P/Source/system_efr32mg12p.o
                0x000005e4                SystemULFRCOClockGet
 .text.SystemLFXOClockGet
                0x000005ec        0xc ./gecko_sdk_4.1.0/platform/Device/SiliconLabs/EFR32MG12P/Source/system_efr32mg12p.o
                0x000005ec                SystemLFXOClockGet
 .text.assertEFM
                0x000005f8        0x8 ./gecko_sdk_4.1.0/platform/common/src/sl_assert.o
                0x000005f8                assertEFM
 .text.BUS_RegBitWrite
                0x00000600       0x40 ./gecko_sdk_4.1.0/platform/emlib/src/em_adc.o
 .text.BUS_RegMaskedWrite
                0x00000640       0x34 ./gecko_sdk_4.1.0/platform/emlib/src/em_adc.o
 .text.ADC_LoadDevinfoCal
                0x00000674      0x1d4 ./gecko_sdk_4.1.0/platform/emlib/src/em_adc.o
 .text.ADC_Init
                0x00000848      0x144 ./gecko_sdk_4.1.0/platform/emlib/src/em_adc.o
                0x00000848                ADC_Init
 .text.ADC_InitSingle
                0x0000098c      0x174 ./gecko_sdk_4.1.0/platform/emlib/src/em_adc.o
                0x0000098c                ADC_InitSingle
 .text.ADC_PrescaleCalc
                0x00000b00       0x6c ./gecko_sdk_4.1.0/platform/emlib/src/em_adc.o
                0x00000b00                ADC_PrescaleCalc
 .text.ADC_TimebaseCalc
                0x00000b6c       0x50 ./gecko_sdk_4.1.0/platform/emlib/src/em_adc.o
                0x00000b6c                ADC_TimebaseCalc
 .text.SL_Log2ToDiv
                0x00000bbc       0x2c ./gecko_sdk_4.1.0/platform/emlib/src/em_cmu.o
 .text.BUS_RegBitWrite
                0x00000be8       0x40 ./gecko_sdk_4.1.0/platform/emlib/src/em_cmu.o
 .text.BUS_RegBitRead
                0x00000c28       0x24 ./gecko_sdk_4.1.0/platform/emlib/src/em_cmu.o
 .text.EMU_LDOStatusGet
                0x00000c4c       0x1c ./gecko_sdk_4.1.0/platform/emlib/src/em_cmu.o
 .text.EMU_VScaleWait
                0x00000c68       0x2c ./gecko_sdk_4.1.0/platform/emlib/src/em_cmu.o
 .text.EMU_VScaleGet
                0x00000c94       0x1c ./gecko_sdk_4.1.0/platform/emlib/src/em_cmu.o
 .text.MSC_LockGetLocked
                0x00000cb0       0x1c ./gecko_sdk_4.1.0/platform/emlib/src/em_cmu.o
 .text.MSC_LockSetLocked
                0x00000ccc       0x10 ./gecko_sdk_4.1.0/platform/emlib/src/em_cmu.o
 .text.MSC_LockSetUnlocked
                0x00000cdc       0x10 ./gecko_sdk_4.1.0/platform/emlib/src/em_cmu.o
 .text.MSC_ReadCTRLGet
                0x00000cec        0xc ./gecko_sdk_4.1.0/platform/emlib/src/em_cmu.o
 .text.MSC_ReadCTRLSet
                0x00000cf8       0x14 ./gecko_sdk_4.1.0/platform/emlib/src/em_cmu.o
 .text.setHfLeConfig
                0x00000d0c       0x64 ./gecko_sdk_4.1.0/platform/emlib/src/em_cmu.o
 .text.auxClkGet
                0x00000d70       0x14 ./gecko_sdk_4.1.0/platform/emlib/src/em_cmu.o
 .text.hfSrcClkGet
                0x00000d84       0x2c ./gecko_sdk_4.1.0/platform/emlib/src/em_cmu.o
 .text.dbgClkGet
                0x00000db0       0x50 ./gecko_sdk_4.1.0/platform/emlib/src/em_cmu.o
 .text.adcAsyncClkGet
                0x00000e00       0x9c ./gecko_sdk_4.1.0/platform/emlib/src/em_cmu.o
 .text.flashWaitStateControl
                0x00000e9c       0x98 ./gecko_sdk_4.1.0/platform/emlib/src/em_cmu.o
 .text.flashWaitStateMax
                0x00000f34       0x34 ./gecko_sdk_4.1.0/platform/emlib/src/em_cmu.o
 .text.CMU_UpdateWaitStates
                0x00000f68       0x32 ./gecko_sdk_4.1.0/platform/emlib/src/em_cmu.o
                0x00000f68                CMU_UpdateWaitStates
 .text.getRegIshUpperVal
                0x00000f9a       0x2c ./gecko_sdk_4.1.0/platform/emlib/src/em_cmu.o
 *fill*         0x00000fc6        0x2 
 .text.getHfxoTuningMode
                0x00000fc8       0x14 ./gecko_sdk_4.1.0/platform/emlib/src/em_cmu.o
 .text.setHfxoTuningMode
                0x00000fdc       0x20 ./gecko_sdk_4.1.0/platform/emlib/src/em_cmu.o
 .text.lfClkGet
                0x00000ffc      0x12c ./gecko_sdk_4.1.0/platform/emlib/src/em_cmu.o
 .text.syncReg  0x00001128       0x30 ./gecko_sdk_4.1.0/platform/emlib/src/em_cmu.o
 .text.hfperClkSafePrescaler
                0x00001158        0x4 ./gecko_sdk_4.1.0/platform/emlib/src/em_cmu.o
 .text.hfperClkOptimizedPrescaler
                0x0000115c        0x4 ./gecko_sdk_4.1.0/platform/emlib/src/em_cmu.o
 .text.CMU_ClockDivGet
                0x00001160       0x18 ./gecko_sdk_4.1.0/platform/emlib/src/em_cmu.o
                0x00001160                CMU_ClockDivGet
 .text.CMU_ClockEnable
                0x00001178       0xdc ./gecko_sdk_4.1.0/platform/emlib/src/em_cmu.o
                0x00001178                CMU_ClockEnable
 .text.CMU_ClockFreqGet
                0x00001254      0x28c ./gecko_sdk_4.1.0/platform/emlib/src/em_cmu.o
                0x00001254                CMU_ClockFreqGet
 .text.CMU_ClockPrescGet
                0x000014e0      0x1c0 ./gecko_sdk_4.1.0/platform/emlib/src/em_cmu.o
                0x000014e0                CMU_ClockPrescGet
 .text.CMU_ClockSelectGet
                0x000016a0      0x214 ./gecko_sdk_4.1.0/platform/emlib/src/em_cmu.o
                0x000016a0                CMU_ClockSelectGet
 .text.CMU_ClockSelectSet
                0x000018b4      0x358 ./gecko_sdk_4.1.0/platform/emlib/src/em_cmu.o
                0x000018b4                CMU_ClockSelectSet
 .text.CMU_HFRCOBandGet
                0x00001c0c        0xc ./gecko_sdk_4.1.0/platform/emlib/src/em_cmu.o
                0x00001c0c                CMU_HFRCOBandGet
 .text.CMU_HFXOInit
                0x00001c18      0x100 ./gecko_sdk_4.1.0/platform/emlib/src/em_cmu.o
                0x00001c18                CMU_HFXOInit
 .text.CMU_LFXOInit
                0x00001d18       0x74 ./gecko_sdk_4.1.0/platform/emlib/src/em_cmu.o
                0x00001d18                CMU_LFXOInit
 .text.CMU_LFXOPrecisionSet
                0x00001d8c       0x1c ./gecko_sdk_4.1.0/platform/emlib/src/em_cmu.o
                0x00001d8c                CMU_LFXOPrecisionSet
 .text.CMU_OscillatorEnable
                0x00001da8      0x1d0 ./gecko_sdk_4.1.0/platform/emlib/src/em_cmu.o
                0x00001da8                CMU_OscillatorEnable
 .text.CMU_OscillatorTuningGet
                0x00001f78       0x80 ./gecko_sdk_4.1.0/platform/emlib/src/em_cmu.o
                0x00001f78                CMU_OscillatorTuningGet
 .text.CMU_OscillatorTuningSet
                0x00001ff8      0x158 ./gecko_sdk_4.1.0/platform/emlib/src/em_cmu.o
                0x00001ff8                CMU_OscillatorTuningSet
 .text.CMU_OscillatorTuningWait
                0x00002150       0xb8 ./gecko_sdk_4.1.0/platform/emlib/src/em_cmu.o
                0x00002150                CMU_OscillatorTuningWait
 .text.CMU_OscillatorTuningOptimize
                0x00002208       0x68 ./gecko_sdk_4.1.0/platform/emlib/src/em_cmu.o
                0x00002208                CMU_OscillatorTuningOptimize
 .text.CORE_EnterCritical
                0x00002270       0x18 ./gecko_sdk_4.1.0/platform/emlib/src/em_core.o
                0x00002270                CORE_EnterCritical
 .text.CORE_ExitCritical
                0x00002288       0x14 ./gecko_sdk_4.1.0/platform/emlib/src/em_core.o
                0x00002288                CORE_ExitCritical
 .text.BUS_RegBitWrite
                0x0000229c       0x40 ./gecko_sdk_4.1.0/platform/emlib/src/em_emu.o
 .text.BUS_RegBitRead
                0x000022dc       0x24 ./gecko_sdk_4.1.0/platform/emlib/src/em_emu.o
 .text.EMU_LDOStatusGet
                0x00002300       0x1c ./gecko_sdk_4.1.0/platform/emlib/src/em_emu.o
 .text.EMU_VScaleWait
                0x0000231c       0x2c ./gecko_sdk_4.1.0/platform/emlib/src/em_emu.o
 .text.EMU_VScaleGet
                0x00002348       0x1c ./gecko_sdk_4.1.0/platform/emlib/src/em_emu.o
 .text.EMU_IntClear
                0x00002364       0x14 ./gecko_sdk_4.1.0/platform/emlib/src/em_emu.o
 .text.EMU_IntGet
                0x00002378        0xc ./gecko_sdk_4.1.0/platform/emlib/src/em_emu.o
 .text.EMU_PowerLock
                0x00002384       0x10 ./gecko_sdk_4.1.0/platform/emlib/src/em_emu.o
 .text.EMU_PowerUnlock
                0x00002394       0x10 ./gecko_sdk_4.1.0/platform/emlib/src/em_emu.o
 .text.vScaleEM01Cmd
                0x000023a4       0x1c ./gecko_sdk_4.1.0/platform/emlib/src/em_emu.o
 .text.EMU_EM4Init
                0x000023c0       0x80 ./gecko_sdk_4.1.0/platform/emlib/src/em_emu.o
                0x000023c0                EMU_EM4Init
 .text.EMU_VScaleEM01ByClock
                0x00002440       0x88 ./gecko_sdk_4.1.0/platform/emlib/src/em_emu.o
                0x00002440                EMU_VScaleEM01ByClock
 .text.EMU_VScaleEM01
                0x000024c8       0xbc ./gecko_sdk_4.1.0/platform/emlib/src/em_emu.o
                0x000024c8                EMU_VScaleEM01
 .text.dcdcConstCalibrationLoad
                0x00002584        0x6 ./gecko_sdk_4.1.0/platform/emlib/src/em_emu.o
 *fill*         0x0000258a        0x2 
 .text.dcdcValidatedConfigSet
                0x0000258c       0x40 ./gecko_sdk_4.1.0/platform/emlib/src/em_emu.o
 .text.currentLimitersUpdate
                0x000025cc      0x128 ./gecko_sdk_4.1.0/platform/emlib/src/em_emu.o
 .text.userCurrentLimitsSet
                0x000026f4       0x28 ./gecko_sdk_4.1.0/platform/emlib/src/em_emu.o
 .text.compCtrlSet
                0x0000271c       0x4c ./gecko_sdk_4.1.0/platform/emlib/src/em_emu.o
 .text.lpCmpHystCalibrationLoad
                0x00002768       0xf4 ./gecko_sdk_4.1.0/platform/emlib/src/em_emu.o
 .text.lpGetDevinfoVrefLowHigh
                0x0000285c      0x19c ./gecko_sdk_4.1.0/platform/emlib/src/em_emu.o
 .text.EMU_DCDCInit
                0x000029f8      0x1c8 ./gecko_sdk_4.1.0/platform/emlib/src/em_emu.o
                0x000029f8                EMU_DCDCInit
 .text.EMU_DCDCModeSet
                0x00002bc0      0x11c ./gecko_sdk_4.1.0/platform/emlib/src/em_emu.o
                0x00002bc0                EMU_DCDCModeSet
 .text.EMU_DCDCOutputVoltageSet
                0x00002cdc      0x2dc ./gecko_sdk_4.1.0/platform/emlib/src/em_emu.o
                0x00002cdc                EMU_DCDCOutputVoltageSet
 .text.EMU_DCDCOptimizeSlice
                0x00002fb8       0xe4 ./gecko_sdk_4.1.0/platform/emlib/src/em_emu.o
                0x00002fb8                EMU_DCDCOptimizeSlice
 .text.EMU_DCDCLnRcoBandSet
                0x0000309c       0x68 ./gecko_sdk_4.1.0/platform/emlib/src/em_emu.o
                0x0000309c                EMU_DCDCLnRcoBandSet
 .text.sl_device_init_dcdc
                0x00003104       0x24 ./gecko_sdk_4.1.0/platform/service/device_init/src/sl_device_init_dcdc_s1.o
                0x00003104                sl_device_init_dcdc
 .text.sl_device_init_emu
                0x00003128       0x42 ./gecko_sdk_4.1.0/platform/service/device_init/src/sl_device_init_emu_s1.o
                0x00003128                sl_device_init_emu
 *fill*         0x0000316a        0x2 
 .text.sl_device_init_hfxo
                0x0000316c       0x94 ./gecko_sdk_4.1.0/platform/service/device_init/src/sl_device_init_hfxo_s1.o
                0x0000316c                sl_device_init_hfxo
 .text.sl_device_init_lfxo
                0x00003200       0x38 ./gecko_sdk_4.1.0/platform/service/device_init/src/sl_device_init_lfxo_s1.o
                0x00003200                sl_device_init_lfxo
 .text.__NVIC_SetPriority
                0x00003238       0x50 ./gecko_sdk_4.1.0/platform/service/device_init/src/sl_device_init_nvic.o
 .text.sl_device_init_nvic
                0x00003288       0x38 ./gecko_sdk_4.1.0/platform/service/device_init/src/sl_device_init_nvic.o
                0x00003288                sl_device_init_nvic
 .text.sl_system_init
                0x000032c0       0x1a ./gecko_sdk_4.1.0/platform/service/system/src/sl_system_init.o
                0x000032c0                sl_system_init
 .text.sl_system_process_action
                0x000032da       0x16 ./gecko_sdk_4.1.0/platform/service/system/src/sl_system_process_action.o
                0x000032da                sl_system_process_action
 .text.exit     0x000032f0       0x28 c:/siliconlabs/simplicitystudio/v5/developer/toolchains/gnu_arm/10.3_2021.10/bin/../lib/gcc/arm-none-eabi/10.3.1/../../../../arm-none-eabi/lib/thumb/v7e-m+fp/softfp\libc_nano.a(lib_a-exit.o)
                0x000032f0                exit
 .text.__libc_init_array
                0x00003318       0x48 c:/siliconlabs/simplicitystudio/v5/developer/toolchains/gnu_arm/10.3_2021.10/bin/../lib/gcc/arm-none-eabi/10.3.1/../../../../arm-none-eabi/lib/thumb/v7e-m+fp/softfp\libc_nano.a(lib_a-init.o)
                0x00003318                __libc_init_array
 .text.memset   0x00003360       0x10 c:/siliconlabs/simplicitystudio/v5/developer/toolchains/gnu_arm/10.3_2021.10/bin/../lib/gcc/arm-none-eabi/10.3.1/../../../../arm-none-eabi/lib/thumb/v7e-m+fp/softfp\libc_nano.a(lib_a-memset.o)
                0x00003360                memset
 .text._exit    0x00003370        0x4 c:/siliconlabs/simplicitystudio/v5/developer/toolchains/gnu_arm/10.3_2021.10/bin/../lib/gcc/arm-none-eabi/10.3.1/../../../../arm-none-eabi/lib/thumb/v7e-m+fp/softfp\libnosys.a(_exit.o)
                0x00003370                _exit
                0x00003374                linker_code_end = .
 *(.init)
 .init          0x00003374        0x4 c:/siliconlabs/simplicitystudio/v5/developer/toolchains/gnu_arm/10.3_2021.10/bin/../lib/gcc/arm-none-eabi/10.3.1/thumb/v7e-m+fp/softfp/crti.o
                0x00003374                _init
 .init          0x00003378        0x8 c:/siliconlabs/simplicitystudio/v5/developer/toolchains/gnu_arm/10.3_2021.10/bin/../lib/gcc/arm-none-eabi/10.3.1/thumb/v7e-m+fp/softfp/crtn.o
 *(.fini)
 .fini          0x00003380        0x4 c:/siliconlabs/simplicitystudio/v5/developer/toolchains/gnu_arm/10.3_2021.10/bin/../lib/gcc/arm-none-eabi/10.3.1/thumb/v7e-m+fp/softfp/crti.o
                0x00003380                _fini
 .fini          0x00003384        0x8 c:/siliconlabs/simplicitystudio/v5/developer/toolchains/gnu_arm/10.3_2021.10/bin/../lib/gcc/arm-none-eabi/10.3.1/thumb/v7e-m+fp/softfp/crtn.o
 *crtbegin.o(.ctors)
 *crtbegin?.o(.ctors)
 *(EXCLUDE_FILE(*crtend.o *crtend?.o) .ctors)
 *(SORT_BY_NAME(.ctors.*))
 *(.ctors)
 *crtbegin.o(.dtors)
 *crtbegin?.o(.dtors)
 *(EXCLUDE_FILE(*crtend.o *crtend?.o) .dtors)
 *(SORT_BY_NAME(.dtors.*))
 *(.dtors)
 *(.rodata*)
 .rodata        0x0000338c       0xa0 ./gecko_sdk_4.1.0/platform/emlib/src/em_adc.o
 .rodata        0x0000342c      0x144 ./gecko_sdk_4.1.0/platform/emlib/src/em_cmu.o
 .rodata.flashWsTable
                0x00003570       0x28 ./gecko_sdk_4.1.0/platform/emlib/src/em_cmu.o
 .rodata        0x00003598       0xa3 ./gecko_sdk_4.1.0/platform/emlib/src/em_emu.o
 *fill*         0x0000363b        0x1 
 .rodata        0x0000363c       0x10 ./gecko_sdk_4.1.0/platform/service/device_init/src/sl_device_init_dcdc_s1.o
 .rodata        0x0000364c       0x12 ./gecko_sdk_4.1.0/platform/service/device_init/src/sl_device_init_hfxo_s1.o
 *fill*         0x0000365e        0x2 
 .rodata        0x00003660        0x4 ./gecko_sdk_4.1.0/platform/service/device_init/src/sl_device_init_lfxo_s1.o
 .rodata._global_impure_ptr
                0x00003664        0x4 c:/siliconlabs/simplicitystudio/v5/developer/toolchains/gnu_arm/10.3_2021.10/bin/../lib/gcc/arm-none-eabi/10.3.1/../../../../arm-none-eabi/lib/thumb/v7e-m+fp/softfp\libc_nano.a(lib_a-impure.o)
                0x00003664                _global_impure_ptr
 *(.eh_frame*)
 .eh_frame      0x00003668        0x0 c:/siliconlabs/simplicitystudio/v5/developer/toolchains/gnu_arm/10.3_2021.10/bin/../lib/gcc/arm-none-eabi/10.3.1/thumb/v7e-m+fp/softfp/crtbegin.o

.glue_7         0x00003668        0x0
 .glue_7        0x00003668        0x0 linker stubs

.glue_7t        0x00003668        0x0
 .glue_7t       0x00003668        0x0 linker stubs

.vfp11_veneer   0x00003668        0x0
 .vfp11_veneer  0x00003668        0x0 linker stubs

.v4_bx          0x00003668        0x0
 .v4_bx         0x00003668        0x0 linker stubs

.iplt           0x00003668        0x0
 .iplt          0x00003668        0x0 c:/siliconlabs/simplicitystudio/v5/developer/toolchains/gnu_arm/10.3_2021.10/bin/../lib/gcc/arm-none-eabi/10.3.1/thumb/v7e-m+fp/softfp/crtbegin.o

.ARM.extab
 *(.ARM.extab* .gnu.linkonce.armextab.*)
                0x00003668                __exidx_start = .

.ARM.exidx      0x00003668        0x8
 *(.ARM.exidx* .gnu.linkonce.armexidx.*)
 .ARM.exidx     0x00003668        0x8 c:/siliconlabs/simplicitystudio/v5/developer/toolchains/gnu_arm/10.3_2021.10/bin/../lib/gcc/arm-none-eabi/10.3.1/../../../../arm-none-eabi/lib/thumb/v7e-m+fp/softfp/crt0.o
                                 0x10 (size before relaxing)
                0x00003670                __exidx_end = .

.rel.dyn        0x00003670        0x0
 .rel.iplt      0x00003670        0x0 c:/siliconlabs/simplicitystudio/v5/developer/toolchains/gnu_arm/10.3_2021.10/bin/../lib/gcc/arm-none-eabi/10.3.1/thumb/v7e-m+fp/softfp/crtbegin.o

.copy.table     0x00003670        0xc
                0x00003670                . = ALIGN (0x4)
                0x00003670                __copy_table_start__ = .
                0x00003670        0x4 LONG 0x367c __etext
                0x00003674        0x4 LONG 0x20001000 __data_start__
                0x00003678        0x4 LONG 0x20 ((__data_end__ - __data_start__) / 0x4)
                0x0000367c                __copy_table_end__ = .

.zero.table     0x0000367c        0x0
                0x0000367c                . = ALIGN (0x4)
                0x0000367c                __zero_table_start__ = .
                0x0000367c                __zero_table_end__ = .
                0x0000367c                __etext = .
                0x20000000                . = ORIGIN (RAM)

.stack          0x20000000     0x1000
                0x20000000                __StackLimit = .
 *(.stack*)
 .stack         0x20000000     0x1000 ./gecko_sdk_4.1.0/platform/common/toolchain/src/sl_memory.o
                0x20001000                . = ALIGN (0x4)
                0x20001000                __StackTop = .
                0x20001000                PROVIDE (__stack = __StackTop)

.noinit
 *(.noinit*)

.data           0x20001000       0x80 load address 0x0000367c
                0x20001000                . = ALIGN (0x4)
                0x20001000                __data_start__ = .
 *(vtable)
 *(.data*)
 .data.SystemHFXOClock
                0x20001000        0x4 ./gecko_sdk_4.1.0/platform/Device/SiliconLabs/EFR32MG12P/Source/system_efr32mg12p.o
 .data.SystemLFXOClock
                0x20001004        0x4 ./gecko_sdk_4.1.0/platform/Device/SiliconLabs/EFR32MG12P/Source/system_efr32mg12p.o
 .data.SystemCoreClock
                0x20001008        0x4 ./gecko_sdk_4.1.0/platform/Device/SiliconLabs/EFR32MG12P/Source/system_efr32mg12p.o
                0x20001008                SystemCoreClock
 .data.SystemHfrcoFreq
                0x2000100c        0x4 ./gecko_sdk_4.1.0/platform/Device/SiliconLabs/EFR32MG12P/Source/system_efr32mg12p.o
                0x2000100c                SystemHfrcoFreq
 .data.auxHfrcoFreq
                0x20001010        0x4 ./gecko_sdk_4.1.0/platform/emlib/src/em_cmu.o
 .data.lfxo_precision
                0x20001014        0x2 ./gecko_sdk_4.1.0/platform/emlib/src/em_cmu.o
 *fill*         0x20001016        0x2 
 .data.impure_data
                0x20001018       0x60 c:/siliconlabs/simplicitystudio/v5/developer/toolchains/gnu_arm/10.3_2021.10/bin/../lib/gcc/arm-none-eabi/10.3.1/../../../../arm-none-eabi/lib/thumb/v7e-m+fp/softfp\libc_nano.a(lib_a-impure.o)
                0x20001078                . = ALIGN (0x4)
                [!provide]                PROVIDE (__ram_func_section_start = .)
 *(.ram)
                [!provide]                PROVIDE (__ram_func_section_end = .)
                0x20001078                . = ALIGN (0x4)
                0x20001078                PROVIDE (__preinit_array_start = .)
 *(.preinit_array)
                0x20001078                PROVIDE (__preinit_array_end = .)
                0x20001078                . = ALIGN (0x4)
                0x20001078                PROVIDE (__init_array_start = .)
 *(SORT_BY_NAME(.init_array.*))
 *(.init_array)
 .init_array    0x20001078        0x4 c:/siliconlabs/simplicitystudio/v5/developer/toolchains/gnu_arm/10.3_2021.10/bin/../lib/gcc/arm-none-eabi/10.3.1/thumb/v7e-m+fp/softfp/crtbegin.o
                0x2000107c                PROVIDE (__init_array_end = .)
                0x2000107c                . = ALIGN (0x4)
                [!provide]                PROVIDE (__fini_array_start = .)
 *(SORT_BY_NAME(.fini_array.*))
 *(.fini_array)
 .fini_array    0x2000107c        0x4 c:/siliconlabs/simplicitystudio/v5/developer/toolchains/gnu_arm/10.3_2021.10/bin/../lib/gcc/arm-none-eabi/10.3.1/thumb/v7e-m+fp/softfp/crtbegin.o
                [!provide]                PROVIDE (__fini_array_end = .)
                0x20001080                . = ALIGN (0x4)
                0x20001080                __data_end__ = .

.igot.plt       0x20001080        0x0 load address 0x000036fc
 .igot.plt      0x20001080        0x0 c:/siliconlabs/simplicitystudio/v5/developer/toolchains/gnu_arm/10.3_2021.10/bin/../lib/gcc/arm-none-eabi/10.3.1/thumb/v7e-m+fp/softfp/crtbegin.o

.bss            0x20001080       0x30 load address 0x000036fc
                0x20001080                . = ALIGN (0x4)
                0x20001080                __bss_start__ = .
 *(.bss*)
 .bss           0x20001080       0x1c c:/siliconlabs/simplicitystudio/v5/developer/toolchains/gnu_arm/10.3_2021.10/bin/../lib/gcc/arm-none-eabi/10.3.1/thumb/v7e-m+fp/softfp/crtbegin.o
 .bss.sample    0x2000109c        0x4 ./app.o
                0x2000109c                sample
 .bss.millivolts
                0x200010a0        0x4 ./app.o
                0x200010a0                millivolts
 .bss.dcdcMaxCurrent_mA
                0x200010a4        0x2 ./gecko_sdk_4.1.0/platform/emlib/src/em_emu.o
 .bss.dcdcEm01LoadCurrent_mA
                0x200010a6        0x2 ./gecko_sdk_4.1.0/platform/emlib/src/em_emu.o
 .bss.dcdcReverseCurrentControl
                0x200010a8        0x2 ./gecko_sdk_4.1.0/platform/emlib/src/em_emu.o
 *fill*         0x200010aa        0x2 
 .bss.vScaleEM01Config
                0x200010ac        0x1 ./gecko_sdk_4.1.0/platform/emlib/src/em_emu.o
 *(COMMON)
                0x200010b0                . = ALIGN (0x4)
 *fill*         0x200010ad        0x3 
                0x200010b0                __bss_end__ = .

.heap           0x200010b0    0x3ef50
                0x200010b0                __HeapBase = .
                0x200010b0                __end__ = .
                0x200010b0                end = __end__
                0x200010b0                _end = __end__
 *(.heap*)
 .heap          0x200010b0      0x800 ./gecko_sdk_4.1.0/platform/common/toolchain/src/sl_memory.o
                0x20040000                . = (ORIGIN (RAM) + LENGTH (RAM))
 *fill*         0x200018b0    0x3e750 
                0x20040000                __HeapLimit = .
                0x0003ef50                __heap_size = (__HeapLimit - __HeapBase)
                0x00100000                __main_flash_end__ = 0x100000

.internal_storage
                0x0000367c        0x0
 *(.internal_storage*)

.nvm            0x0000367c        0x0
 *(.simee*)
                0x00100000                linker_nvm_end = __main_flash_end__
                0x00100000                linker_nvm_begin = (linker_nvm_end - SIZEOF (.nvm))
                0x00000000                linker_nvm_size = SIZEOF (.nvm)
                0x00100000                linker_storage_end = linker_nvm_begin
                0x00100000                linker_storage_begin = (linker_storage_end - SIZEOF (.internal_storage))
                0x00000000                linker_storage_size = SIZEOF (.internal_storage)
                0x00100000                __nvm3Base = linker_nvm_begin
                0x00000001                ASSERT ((linker_storage_begin >= (__etext + SIZEOF (.data))), FLASH memory overflowed !)
OUTPUT(adc.axf elf32-littlearm)
LOAD linker stubs

.ARM.attributes
                0x00000000       0x2e
 .ARM.attributes
                0x00000000       0x1e c:/siliconlabs/simplicitystudio/v5/developer/toolchains/gnu_arm/10.3_2021.10/bin/../lib/gcc/arm-none-eabi/10.3.1/thumb/v7e-m+fp/softfp/crti.o
 .ARM.attributes
                0x0000001e       0x32 c:/siliconlabs/simplicitystudio/v5/developer/toolchains/gnu_arm/10.3_2021.10/bin/../lib/gcc/arm-none-eabi/10.3.1/thumb/v7e-m+fp/softfp/crtbegin.o
 .ARM.attributes
                0x00000050       0x1c c:/siliconlabs/simplicitystudio/v5/developer/toolchains/gnu_arm/10.3_2021.10/bin/../lib/gcc/arm-none-eabi/10.3.1/../../../../arm-none-eabi/lib/thumb/v7e-m+fp/softfp/crt0.o
 .ARM.attributes
                0x0000006c       0x32 ./app.o
 .ARM.attributes
                0x0000009e       0x32 ./main.o
 .ARM.attributes
                0x000000d0       0x32 ./autogen/sl_device_init_clocks.o
 .ARM.attributes
                0x00000102       0x32 ./autogen/sl_event_handler.o
 .ARM.attributes
                0x00000134       0x32 ./gecko_sdk_4.1.0/platform/Device/SiliconLabs/EFR32MG12P/Source/startup_efr32mg12p.o
 .ARM.attributes
                0x00000166       0x32 ./gecko_sdk_4.1.0/platform/Device/SiliconLabs/EFR32MG12P/Source/system_efr32mg12p.o
 .ARM.attributes
                0x00000198       0x32 ./gecko_sdk_4.1.0/platform/common/src/sl_assert.o
 .ARM.attributes
                0x000001ca       0x32 ./gecko_sdk_4.1.0/platform/common/toolchain/src/sl_memory.o
 .ARM.attributes
                0x000001fc       0x32 ./gecko_sdk_4.1.0/platform/emlib/src/em_adc.o
 .ARM.attributes
                0x0000022e       0x32 ./gecko_sdk_4.1.0/platform/emlib/src/em_cmu.o
 .ARM.attributes
                0x00000260       0x32 ./gecko_sdk_4.1.0/platform/emlib/src/em_core.o
 .ARM.attributes
                0x00000292       0x32 ./gecko_sdk_4.1.0/platform/emlib/src/em_emu.o
 .ARM.attributes
                0x000002c4       0x32 ./gecko_sdk_4.1.0/platform/service/device_init/src/sl_device_init_dcdc_s1.o
 .ARM.attributes
                0x000002f6       0x32 ./gecko_sdk_4.1.0/platform/service/device_init/src/sl_device_init_emu_s1.o
 .ARM.attributes
                0x00000328       0x32 ./gecko_sdk_4.1.0/platform/service/device_init/src/sl_device_init_hfxo_s1.o
 .ARM.attributes
                0x0000035a       0x32 ./gecko_sdk_4.1.0/platform/service/device_init/src/sl_device_init_lfxo_s1.o
 .ARM.attributes
                0x0000038c       0x32 ./gecko_sdk_4.1.0/platform/service/device_init/src/sl_device_init_nvic.o
 .ARM.attributes
                0x000003be       0x32 ./gecko_sdk_4.1.0/platform/service/system/src/sl_system_init.o
 .ARM.attributes
                0x000003f0       0x32 ./gecko_sdk_4.1.0/platform/service/system/src/sl_system_process_action.o
 .ARM.attributes
                0x00000422       0x32 c:/siliconlabs/simplicitystudio/v5/developer/toolchains/gnu_arm/10.3_2021.10/bin/../lib/gcc/arm-none-eabi/10.3.1/../../../../arm-none-eabi/lib/thumb/v7e-m+fp/softfp\libc_nano.a(lib_a-exit.o)
 .ARM.attributes
                0x00000454       0x32 c:/siliconlabs/simplicitystudio/v5/developer/toolchains/gnu_arm/10.3_2021.10/bin/../lib/gcc/arm-none-eabi/10.3.1/../../../../arm-none-eabi/lib/thumb/v7e-m+fp/softfp\libc_nano.a(lib_a-impure.o)
 .ARM.attributes
                0x00000486       0x32 c:/siliconlabs/simplicitystudio/v5/developer/toolchains/gnu_arm/10.3_2021.10/bin/../lib/gcc/arm-none-eabi/10.3.1/../../../../arm-none-eabi/lib/thumb/v7e-m+fp/softfp\libc_nano.a(lib_a-init.o)
 .ARM.attributes
                0x000004b8       0x32 c:/siliconlabs/simplicitystudio/v5/developer/toolchains/gnu_arm/10.3_2021.10/bin/../lib/gcc/arm-none-eabi/10.3.1/../../../../arm-none-eabi/lib/thumb/v7e-m+fp/softfp\libc_nano.a(lib_a-memset.o)
 .ARM.attributes
                0x000004ea       0x32 c:/siliconlabs/simplicitystudio/v5/developer/toolchains/gnu_arm/10.3_2021.10/bin/../lib/gcc/arm-none-eabi/10.3.1/../../../../arm-none-eabi/lib/thumb/v7e-m+fp/softfp\libnosys.a(_exit.o)
 .ARM.attributes
                0x0000051c       0x1e c:/siliconlabs/simplicitystudio/v5/developer/toolchains/gnu_arm/10.3_2021.10/bin/../lib/gcc/arm-none-eabi/10.3.1/thumb/v7e-m+fp/softfp/crtn.o

.comment        0x00000000       0x49
 .comment       0x00000000       0x49 ./app.o
                                 0x4a (size before relaxing)
 .comment       0x00000049       0x4a ./main.o
 .comment       0x00000049       0x4a ./autogen/sl_device_init_clocks.o
 .comment       0x00000049       0x4a ./autogen/sl_event_handler.o
 .comment       0x00000049       0x4a ./gecko_sdk_4.1.0/platform/Device/SiliconLabs/EFR32MG12P/Source/startup_efr32mg12p.o
 .comment       0x00000049       0x4a ./gecko_sdk_4.1.0/platform/Device/SiliconLabs/EFR32MG12P/Source/system_efr32mg12p.o
 .comment       0x00000049       0x4a ./gecko_sdk_4.1.0/platform/common/src/sl_assert.o
 .comment       0x00000049       0x4a ./gecko_sdk_4.1.0/platform/common/toolchain/src/sl_memory.o
 .comment       0x00000049       0x4a ./gecko_sdk_4.1.0/platform/emlib/src/em_adc.o
 .comment       0x00000049       0x4a ./gecko_sdk_4.1.0/platform/emlib/src/em_cmu.o
 .comment       0x00000049       0x4a ./gecko_sdk_4.1.0/platform/emlib/src/em_core.o
 .comment       0x00000049       0x4a ./gecko_sdk_4.1.0/platform/emlib/src/em_emu.o
 .comment       0x00000049       0x4a ./gecko_sdk_4.1.0/platform/service/device_init/src/sl_device_init_dcdc_s1.o
 .comment       0x00000049       0x4a ./gecko_sdk_4.1.0/platform/service/device_init/src/sl_device_init_emu_s1.o
 .comment       0x00000049       0x4a ./gecko_sdk_4.1.0/platform/service/device_init/src/sl_device_init_hfxo_s1.o
 .comment       0x00000049       0x4a ./gecko_sdk_4.1.0/platform/service/device_init/src/sl_device_init_lfxo_s1.o
 .comment       0x00000049       0x4a ./gecko_sdk_4.1.0/platform/service/device_init/src/sl_device_init_nvic.o
 .comment       0x00000049       0x4a ./gecko_sdk_4.1.0/platform/service/system/src/sl_system_init.o
 .comment       0x00000049       0x4a ./gecko_sdk_4.1.0/platform/service/system/src/sl_system_process_action.o

.debug_info     0x00000000     0xc10f
 .debug_info    0x00000000     0x1172 ./app.o
 .debug_info    0x00001172       0x50 ./main.o
 .debug_info    0x000011c2      0x2c8 ./autogen/sl_device_init_clocks.o
 .debug_info    0x0000148a      0xe62 ./autogen/sl_event_handler.o
 .debug_info    0x000022ec      0x2ec ./gecko_sdk_4.1.0/platform/Device/SiliconLabs/EFR32MG12P/Source/startup_efr32mg12p.o
 .debug_info    0x000025d8      0x996 ./gecko_sdk_4.1.0/platform/Device/SiliconLabs/EFR32MG12P/Source/system_efr32mg12p.o
 .debug_info    0x00002f6e       0x81 ./gecko_sdk_4.1.0/platform/common/src/sl_assert.o
 .debug_info    0x00002fef      0x1f8 ./gecko_sdk_4.1.0/platform/common/toolchain/src/sl_memory.o
 .debug_info    0x000031e7     0x1cca ./gecko_sdk_4.1.0/platform/emlib/src/em_adc.o
 .debug_info    0x00004eb1     0x2773 ./gecko_sdk_4.1.0/platform/emlib/src/em_cmu.o
 .debug_info    0x00007624      0xe7b ./gecko_sdk_4.1.0/platform/emlib/src/em_core.o
 .debug_info    0x0000849f     0x2827 ./gecko_sdk_4.1.0/platform/emlib/src/em_emu.o
 .debug_info    0x0000acc6      0x250 ./gecko_sdk_4.1.0/platform/service/device_init/src/sl_device_init_dcdc_s1.o
 .debug_info    0x0000af16      0x1c0 ./gecko_sdk_4.1.0/platform/service/device_init/src/sl_device_init_emu_s1.o
 .debug_info    0x0000b0d6      0x84f ./gecko_sdk_4.1.0/platform/service/device_init/src/sl_device_init_hfxo_s1.o
 .debug_info    0x0000b925      0x16e ./gecko_sdk_4.1.0/platform/service/device_init/src/sl_device_init_lfxo_s1.o
 .debug_info    0x0000ba93      0x5f2 ./gecko_sdk_4.1.0/platform/service/device_init/src/sl_device_init_nvic.o
 .debug_info    0x0000c085       0x45 ./gecko_sdk_4.1.0/platform/service/system/src/sl_system_init.o
 .debug_info    0x0000c0ca       0x45 ./gecko_sdk_4.1.0/platform/service/system/src/sl_system_process_action.o

.debug_abbrev   0x00000000     0x1a0e
 .debug_abbrev  0x00000000      0x1cd ./app.o
 .debug_abbrev  0x000001cd       0x40 ./main.o
 .debug_abbrev  0x0000020d       0x99 ./autogen/sl_device_init_clocks.o
 .debug_abbrev  0x000002a6      0x108 ./autogen/sl_event_handler.o
 .debug_abbrev  0x000003ae      0x1a7 ./gecko_sdk_4.1.0/platform/Device/SiliconLabs/EFR32MG12P/Source/startup_efr32mg12p.o
 .debug_abbrev  0x00000555      0x201 ./gecko_sdk_4.1.0/platform/Device/SiliconLabs/EFR32MG12P/Source/system_efr32mg12p.o
 .debug_abbrev  0x00000756       0x6c ./gecko_sdk_4.1.0/platform/common/src/sl_assert.o
 .debug_abbrev  0x000007c2      0x10a ./gecko_sdk_4.1.0/platform/common/toolchain/src/sl_memory.o
 .debug_abbrev  0x000008cc      0x27d ./gecko_sdk_4.1.0/platform/emlib/src/em_adc.o
 .debug_abbrev  0x00000b49      0x3ad ./gecko_sdk_4.1.0/platform/emlib/src/em_cmu.o
 .debug_abbrev  0x00000ef6      0x28f ./gecko_sdk_4.1.0/platform/emlib/src/em_core.o
 .debug_abbrev  0x00001185      0x392 ./gecko_sdk_4.1.0/platform/emlib/src/em_emu.o
 .debug_abbrev  0x00001517       0xc9 ./gecko_sdk_4.1.0/platform/service/device_init/src/sl_device_init_dcdc_s1.o
 .debug_abbrev  0x000015e0       0xc9 ./gecko_sdk_4.1.0/platform/service/device_init/src/sl_device_init_emu_s1.o
 .debug_abbrev  0x000016a9      0x109 ./gecko_sdk_4.1.0/platform/service/device_init/src/sl_device_init_hfxo_s1.o
 .debug_abbrev  0x000017b2       0xb8 ./gecko_sdk_4.1.0/platform/service/device_init/src/sl_device_init_lfxo_s1.o
 .debug_abbrev  0x0000186a      0x13e ./gecko_sdk_4.1.0/platform/service/device_init/src/sl_device_init_nvic.o
 .debug_abbrev  0x000019a8       0x33 ./gecko_sdk_4.1.0/platform/service/system/src/sl_system_init.o
 .debug_abbrev  0x000019db       0x33 ./gecko_sdk_4.1.0/platform/service/system/src/sl_system_process_action.o

.debug_loc      0x00000000     0x1efe
 .debug_loc     0x00000000       0xd0 ./app.o
 .debug_loc     0x000000d0       0x20 ./main.o
 .debug_loc     0x000000f0       0x20 ./autogen/sl_device_init_clocks.o
 .debug_loc     0x00000110       0x58 ./autogen/sl_event_handler.o
 .debug_loc     0x00000168       0x2c ./gecko_sdk_4.1.0/platform/Device/SiliconLabs/EFR32MG12P/Source/startup_efr32mg12p.o
 .debug_loc     0x00000194       0xd4 ./gecko_sdk_4.1.0/platform/Device/SiliconLabs/EFR32MG12P/Source/system_efr32mg12p.o
 .debug_loc     0x00000268       0x20 ./gecko_sdk_4.1.0/platform/common/src/sl_assert.o
 .debug_loc     0x00000288       0x84 ./gecko_sdk_4.1.0/platform/common/toolchain/src/sl_memory.o
 .debug_loc     0x0000030c      0x2b4 ./gecko_sdk_4.1.0/platform/emlib/src/em_adc.o
 .debug_loc     0x000005c0      0xa18 ./gecko_sdk_4.1.0/platform/emlib/src/em_cmu.o
 .debug_loc     0x00000fd8      0x490 ./gecko_sdk_4.1.0/platform/emlib/src/em_core.o
 .debug_loc     0x00001468      0x911 ./gecko_sdk_4.1.0/platform/emlib/src/em_emu.o
 .debug_loc     0x00001d79       0x38 ./gecko_sdk_4.1.0/platform/service/device_init/src/sl_device_init_dcdc_s1.o
 .debug_loc     0x00001db1       0x38 ./gecko_sdk_4.1.0/platform/service/device_init/src/sl_device_init_emu_s1.o
 .debug_loc     0x00001de9       0x39 ./gecko_sdk_4.1.0/platform/service/device_init/src/sl_device_init_hfxo_s1.o
 .debug_loc     0x00001e22       0x38 ./gecko_sdk_4.1.0/platform/service/device_init/src/sl_device_init_lfxo_s1.o
 .debug_loc     0x00001e5a       0x64 ./gecko_sdk_4.1.0/platform/service/device_init/src/sl_device_init_nvic.o
 .debug_loc     0x00001ebe       0x20 ./gecko_sdk_4.1.0/platform/service/system/src/sl_system_init.o
 .debug_loc     0x00001ede       0x20 ./gecko_sdk_4.1.0/platform/service/system/src/sl_system_process_action.o

.debug_aranges  0x00000000      0x828
 .debug_aranges
                0x00000000       0x40 ./app.o
 .debug_aranges
                0x00000040       0x20 ./main.o
 .debug_aranges
                0x00000060       0x20 ./autogen/sl_device_init_clocks.o
 .debug_aranges
                0x00000080       0x70 ./autogen/sl_event_handler.o
 .debug_aranges
                0x000000f0       0x28 ./gecko_sdk_4.1.0/platform/Device/SiliconLabs/EFR32MG12P/Source/startup_efr32mg12p.o
 .debug_aranges
                0x00000118       0x68 ./gecko_sdk_4.1.0/platform/Device/SiliconLabs/EFR32MG12P/Source/system_efr32mg12p.o
 .debug_aranges
                0x00000180       0x20 ./gecko_sdk_4.1.0/platform/common/src/sl_assert.o
 .debug_aranges
                0x000001a0       0x30 ./gecko_sdk_4.1.0/platform/common/toolchain/src/sl_memory.o
 .debug_aranges
                0x000001d0       0x80 ./gecko_sdk_4.1.0/platform/emlib/src/em_adc.o
 .debug_aranges
                0x00000250      0x200 ./gecko_sdk_4.1.0/platform/emlib/src/em_cmu.o
 .debug_aranges
                0x00000450       0xe8 ./gecko_sdk_4.1.0/platform/emlib/src/em_core.o
 .debug_aranges
                0x00000538      0x208 ./gecko_sdk_4.1.0/platform/emlib/src/em_emu.o
 .debug_aranges
                0x00000740       0x20 ./gecko_sdk_4.1.0/platform/service/device_init/src/sl_device_init_dcdc_s1.o
 .debug_aranges
                0x00000760       0x20 ./gecko_sdk_4.1.0/platform/service/device_init/src/sl_device_init_emu_s1.o
 .debug_aranges
                0x00000780       0x20 ./gecko_sdk_4.1.0/platform/service/device_init/src/sl_device_init_hfxo_s1.o
 .debug_aranges
                0x000007a0       0x20 ./gecko_sdk_4.1.0/platform/service/device_init/src/sl_device_init_lfxo_s1.o
 .debug_aranges
                0x000007c0       0x28 ./gecko_sdk_4.1.0/platform/service/device_init/src/sl_device_init_nvic.o
 .debug_aranges
                0x000007e8       0x20 ./gecko_sdk_4.1.0/platform/service/system/src/sl_system_init.o
 .debug_aranges
                0x00000808       0x20 ./gecko_sdk_4.1.0/platform/service/system/src/sl_system_process_action.o

.debug_ranges   0x00000000      0x6f8
 .debug_ranges  0x00000000       0x30 ./app.o
 .debug_ranges  0x00000030       0x10 ./main.o
 .debug_ranges  0x00000040       0x10 ./autogen/sl_device_init_clocks.o
 .debug_ranges  0x00000050       0x60 ./autogen/sl_event_handler.o
 .debug_ranges  0x000000b0       0x18 ./gecko_sdk_4.1.0/platform/Device/SiliconLabs/EFR32MG12P/Source/startup_efr32mg12p.o
 .debug_ranges  0x000000c8       0x58 ./gecko_sdk_4.1.0/platform/Device/SiliconLabs/EFR32MG12P/Source/system_efr32mg12p.o
 .debug_ranges  0x00000120       0x10 ./gecko_sdk_4.1.0/platform/common/src/sl_assert.o
 .debug_ranges  0x00000130       0x20 ./gecko_sdk_4.1.0/platform/common/toolchain/src/sl_memory.o
 .debug_ranges  0x00000150       0x70 ./gecko_sdk_4.1.0/platform/emlib/src/em_adc.o
 .debug_ranges  0x000001c0      0x1f0 ./gecko_sdk_4.1.0/platform/emlib/src/em_cmu.o
 .debug_ranges  0x000003b0       0xd8 ./gecko_sdk_4.1.0/platform/emlib/src/em_core.o
 .debug_ranges  0x00000488      0x1f8 ./gecko_sdk_4.1.0/platform/emlib/src/em_emu.o
 .debug_ranges  0x00000680       0x10 ./gecko_sdk_4.1.0/platform/service/device_init/src/sl_device_init_dcdc_s1.o
 .debug_ranges  0x00000690       0x10 ./gecko_sdk_4.1.0/platform/service/device_init/src/sl_device_init_emu_s1.o
 .debug_ranges  0x000006a0       0x10 ./gecko_sdk_4.1.0/platform/service/device_init/src/sl_device_init_hfxo_s1.o
 .debug_ranges  0x000006b0       0x10 ./gecko_sdk_4.1.0/platform/service/device_init/src/sl_device_init_lfxo_s1.o
 .debug_ranges  0x000006c0       0x18 ./gecko_sdk_4.1.0/platform/service/device_init/src/sl_device_init_nvic.o
 .debug_ranges  0x000006d8       0x10 ./gecko_sdk_4.1.0/platform/service/system/src/sl_system_init.o
 .debug_ranges  0x000006e8       0x10 ./gecko_sdk_4.1.0/platform/service/system/src/sl_system_process_action.o

.debug_macro    0x00000000    0x3470e
 .debug_macro   0x00000000      0x30f ./app.o
 .debug_macro   0x0000030f      0xa72 ./app.o
 .debug_macro   0x00000d81       0x10 ./app.o
 .debug_macro   0x00000d91      0x4d2 ./app.o
 .debug_macro   0x00001263       0x22 ./app.o
 .debug_macro   0x00001285       0x56 ./app.o
 .debug_macro   0x000012db       0x51 ./app.o
 .debug_macro   0x0000132c      0x103 ./app.o
 .debug_macro   0x0000142f       0x6a ./app.o
 .debug_macro   0x00001499      0x1df ./app.o
 .debug_macro   0x00001678       0x1c ./app.o
 .debug_macro   0x00001694       0x22 ./app.o
 .debug_macro   0x000016b6       0xfb ./app.o
 .debug_macro   0x000017b1     0x1011 ./app.o
 .debug_macro   0x000027c2      0x11f ./app.o
 .debug_macro   0x000028e1      0xe1c ./app.o
 .debug_macro   0x000036fd     0x2275 ./app.o
 .debug_macro   0x00005972      0x329 ./app.o
 .debug_macro   0x00005c9b     0x3119 ./app.o
 .debug_macro   0x00008db4     0x1bba ./app.o
 .debug_macro   0x0000a96e     0x2674 ./app.o
 .debug_macro   0x0000cfe2     0x1b19 ./app.o
 .debug_macro   0x0000eafb      0xe2b ./app.o
 .debug_macro   0x0000f926      0x344 ./app.o
 .debug_macro   0x0000fc6a      0x29d ./app.o
 .debug_macro   0x0000ff07     0x2763 ./app.o
 .debug_macro   0x0001266a     0x31cc ./app.o
 .debug_macro   0x00015836     0x136b ./app.o
 .debug_macro   0x00016ba1      0xde2 ./app.o
 .debug_macro   0x00017983      0x249 ./app.o
 .debug_macro   0x00017bcc     0x1042 ./app.o
 .debug_macro   0x00018c0e     0x1605 ./app.o
 .debug_macro   0x0001a213     0x3cb7 ./app.o
 .debug_macro   0x0001deca     0x23fc ./app.o
 .debug_macro   0x000202c6      0x70c ./app.o
 .debug_macro   0x000209d2     0x26ef ./app.o
 .debug_macro   0x000230c1     0x1700 ./app.o
 .debug_macro   0x000247c1     0x2efb ./app.o
 .debug_macro   0x000276bc      0xfaf ./app.o
 .debug_macro   0x0002866b      0x6c3 ./app.o
 .debug_macro   0x00028d2e     0x1021 ./app.o
 .debug_macro   0x00029d4f      0x888 ./app.o
 .debug_macro   0x0002a5d7      0x4ff ./app.o
 .debug_macro   0x0002aad6     0x1dee ./app.o
 .debug_macro   0x0002c8c4       0x40 ./app.o
 .debug_macro   0x0002c904      0x2ce ./app.o
 .debug_macro   0x0002cbd2      0x381 ./app.o
 .debug_macro   0x0002cf53      0x190 ./app.o
 .debug_macro   0x0002d0e3     0x27bf ./app.o
 .debug_macro   0x0002f8a2      0x303 ./app.o
 .debug_macro   0x0002fba5      0x303 ./app.o
 .debug_macro   0x0002fea8       0x22 ./app.o
 .debug_macro   0x0002feca       0x10 ./app.o
 .debug_macro   0x0002feda       0x8d ./app.o
 .debug_macro   0x0002ff67       0x16 ./app.o
 .debug_macro   0x0002ff7d       0x10 ./app.o
 .debug_macro   0x0002ff8d       0xf6 ./app.o
 .debug_macro   0x00030083       0x16 ./app.o
 .debug_macro   0x00030099       0xe4 ./app.o
 .debug_macro   0x0003017d      0x35a ./app.o
 .debug_macro   0x000304d7       0x57 ./app.o
 .debug_macro   0x0003052e       0x41 ./main.o
 .debug_macro   0x0003056f      0x301 ./autogen/sl_device_init_clocks.o
 .debug_macro   0x00030870      0x72f ./autogen/sl_device_init_clocks.o
 .debug_macro   0x00030f9f      0x332 ./autogen/sl_event_handler.o
 .debug_macro   0x000312d1      0x735 ./autogen/sl_event_handler.o
 .debug_macro   0x00031a06      0x276 ./gecko_sdk_4.1.0/platform/Device/SiliconLabs/EFR32MG12P/Source/startup_efr32mg12p.o
 .debug_macro   0x00031c7c      0x28b ./gecko_sdk_4.1.0/platform/Device/SiliconLabs/EFR32MG12P/Source/system_efr32mg12p.o
 .debug_macro   0x00031f07       0x2c ./gecko_sdk_4.1.0/platform/common/src/sl_assert.o
 .debug_macro   0x00031f33       0x92 ./gecko_sdk_4.1.0/platform/common/toolchain/src/sl_memory.o
 .debug_macro   0x00031fc5      0x16d ./gecko_sdk_4.1.0/platform/common/toolchain/src/sl_memory.o
 .debug_macro   0x00032132       0x16 ./gecko_sdk_4.1.0/platform/common/toolchain/src/sl_memory.o
 .debug_macro   0x00032148      0x387 ./gecko_sdk_4.1.0/platform/emlib/src/em_adc.o
 .debug_macro   0x000324cf       0x51 ./gecko_sdk_4.1.0/platform/emlib/src/em_adc.o
 .debug_macro   0x00032520      0x419 ./gecko_sdk_4.1.0/platform/emlib/src/em_cmu.o
 .debug_macro   0x00032939       0x64 ./gecko_sdk_4.1.0/platform/emlib/src/em_cmu.o
 .debug_macro   0x0003299d      0x35d ./gecko_sdk_4.1.0/platform/emlib/src/em_cmu.o
 .debug_macro   0x00032cfa       0x7c ./gecko_sdk_4.1.0/platform/emlib/src/em_cmu.o
 .debug_macro   0x00032d76       0x17 ./gecko_sdk_4.1.0/platform/emlib/src/em_cmu.o
 .debug_macro   0x00032d8d       0xee ./gecko_sdk_4.1.0/platform/emlib/src/em_cmu.o
 .debug_macro   0x00032e7b       0x93 ./gecko_sdk_4.1.0/platform/emlib/src/em_cmu.o
 .debug_macro   0x00032f0e       0x34 ./gecko_sdk_4.1.0/platform/emlib/src/em_cmu.o
 .debug_macro   0x00032f42       0x34 ./gecko_sdk_4.1.0/platform/emlib/src/em_cmu.o
 .debug_macro   0x00032f76      0x2bb ./gecko_sdk_4.1.0/platform/emlib/src/em_core.o
 .debug_macro   0x00033231      0x40c ./gecko_sdk_4.1.0/platform/emlib/src/em_emu.o
 .debug_macro   0x0003363d       0x5e ./gecko_sdk_4.1.0/platform/emlib/src/em_emu.o
 .debug_macro   0x0003369b       0x5c ./gecko_sdk_4.1.0/platform/emlib/src/em_emu.o
 .debug_macro   0x000336f7       0x8d ./gecko_sdk_4.1.0/platform/emlib/src/em_emu.o
 .debug_macro   0x00033784      0x2e8 ./gecko_sdk_4.1.0/platform/service/device_init/src/sl_device_init_dcdc_s1.o
 .debug_macro   0x00033a6c       0x22 ./gecko_sdk_4.1.0/platform/service/device_init/src/sl_device_init_dcdc_s1.o
 .debug_macro   0x00033a8e      0x2ee ./gecko_sdk_4.1.0/platform/service/device_init/src/sl_device_init_emu_s1.o
 .debug_macro   0x00033d7c       0x28 ./gecko_sdk_4.1.0/platform/service/device_init/src/sl_device_init_emu_s1.o
 .debug_macro   0x00033da4      0x316 ./gecko_sdk_4.1.0/platform/service/device_init/src/sl_device_init_hfxo_s1.o
 .debug_macro   0x000340ba       0x28 ./gecko_sdk_4.1.0/platform/service/device_init/src/sl_device_init_hfxo_s1.o
 .debug_macro   0x000340e2      0x30a ./gecko_sdk_4.1.0/platform/service/device_init/src/sl_device_init_lfxo_s1.o
 .debug_macro   0x000343ec       0x22 ./gecko_sdk_4.1.0/platform/service/device_init/src/sl_device_init_lfxo_s1.o
 .debug_macro   0x0003440e      0x2b8 ./gecko_sdk_4.1.0/platform/service/device_init/src/sl_device_init_nvic.o
 .debug_macro   0x000346c6       0x24 ./gecko_sdk_4.1.0/platform/service/system/src/sl_system_init.o
 .debug_macro   0x000346ea       0x24 ./gecko_sdk_4.1.0/platform/service/system/src/sl_system_process_action.o

.debug_line     0x00000000     0xd6ad
 .debug_line    0x00000000      0xab6 ./app.o
 .debug_line    0x00000ab6      0x1a1 ./main.o
 .debug_line    0x00000c57      0xa7d ./autogen/sl_device_init_clocks.o
 .debug_line    0x000016d4      0xc19 ./autogen/sl_event_handler.o
 .debug_line    0x000022ed      0x908 ./gecko_sdk_4.1.0/platform/Device/SiliconLabs/EFR32MG12P/Source/startup_efr32mg12p.o
 .debug_line    0x00002bf5      0x9ce ./gecko_sdk_4.1.0/platform/Device/SiliconLabs/EFR32MG12P/Source/system_efr32mg12p.o
 .debug_line    0x000035c3      0x1cc ./gecko_sdk_4.1.0/platform/common/src/sl_assert.o
 .debug_line    0x0000378f      0x3e4 ./gecko_sdk_4.1.0/platform/common/toolchain/src/sl_memory.o
 .debug_line    0x00003b73     0x106a ./gecko_sdk_4.1.0/platform/emlib/src/em_adc.o
 .debug_line    0x00004bdd     0x21b2 ./gecko_sdk_4.1.0/platform/emlib/src/em_cmu.o
 .debug_line    0x00006d8f      0xfc9 ./gecko_sdk_4.1.0/platform/emlib/src/em_core.o
 .debug_line    0x00007d58     0x20ae ./gecko_sdk_4.1.0/platform/emlib/src/em_emu.o
 .debug_line    0x00009e06      0xab8 ./gecko_sdk_4.1.0/platform/service/device_init/src/sl_device_init_dcdc_s1.o
 .debug_line    0x0000a8be      0xac5 ./gecko_sdk_4.1.0/platform/service/device_init/src/sl_device_init_emu_s1.o
 .debug_line    0x0000b383      0xb1e ./gecko_sdk_4.1.0/platform/service/device_init/src/sl_device_init_hfxo_s1.o
 .debug_line    0x0000bea1      0xaef ./gecko_sdk_4.1.0/platform/service/device_init/src/sl_device_init_lfxo_s1.o
 .debug_line    0x0000c990      0xa62 ./gecko_sdk_4.1.0/platform/service/device_init/src/sl_device_init_nvic.o
 .debug_line    0x0000d3f2      0x159 ./gecko_sdk_4.1.0/platform/service/system/src/sl_system_init.o
 .debug_line    0x0000d54b      0x162 ./gecko_sdk_4.1.0/platform/service/system/src/sl_system_process_action.o

.debug_str      0x00000000   0x15e6d8
 .debug_str     0x00000000   0x153db0 ./app.o
                             0x154ce4 (size before relaxing)
 .debug_str     0x00153db0       0x44 ./main.o
                               0x2dcf (size before relaxing)
 .debug_str     0x00153df4     0x3d9d ./autogen/sl_device_init_clocks.o
                             0x1564b9 (size before relaxing)
 .debug_str     0x00157b91      0x762 ./autogen/sl_event_handler.o
                             0x155b33 (size before relaxing)
 .debug_str     0x001582f3      0x164 ./gecko_sdk_4.1.0/platform/Device/SiliconLabs/EFR32MG12P/Source/startup_efr32mg12p.o
                             0x1503b1 (size before relaxing)
 .debug_str     0x00158457      0x28d ./gecko_sdk_4.1.0/platform/Device/SiliconLabs/EFR32MG12P/Source/system_efr32mg12p.o
                             0x150783 (size before relaxing)
 .debug_str     0x001586e4       0x63 ./gecko_sdk_4.1.0/platform/common/src/sl_assert.o
                               0x2e28 (size before relaxing)
 .debug_str     0x00158747      0x3db ./gecko_sdk_4.1.0/platform/common/toolchain/src/sl_memory.o
                               0x4018 (size before relaxing)
 .debug_str     0x00158b22      0x887 ./gecko_sdk_4.1.0/platform/emlib/src/em_adc.o
                             0x155b26 (size before relaxing)
 .debug_str     0x001593a9     0x3232 ./gecko_sdk_4.1.0/platform/emlib/src/em_cmu.o
                             0x156504 (size before relaxing)
 .debug_str     0x0015c5db      0x67c ./gecko_sdk_4.1.0/platform/emlib/src/em_core.o
                             0x1515d6 (size before relaxing)
 .debug_str     0x0015cc57     0x1324 ./gecko_sdk_4.1.0/platform/emlib/src/em_emu.o
                             0x156748 (size before relaxing)
 .debug_str     0x0015df7b      0x142 ./gecko_sdk_4.1.0/platform/service/device_init/src/sl_device_init_dcdc_s1.o
                             0x15522b (size before relaxing)
 .debug_str     0x0015e0bd      0x1b9 ./gecko_sdk_4.1.0/platform/service/device_init/src/sl_device_init_emu_s1.o
                             0x1551bc (size before relaxing)
 .debug_str     0x0015e276      0x1a2 ./gecko_sdk_4.1.0/platform/service/device_init/src/sl_device_init_hfxo_s1.o
                             0x1567a5 (size before relaxing)
 .debug_str     0x0015e418      0x144 ./gecko_sdk_4.1.0/platform/service/device_init/src/sl_device_init_lfxo_s1.o
                             0x1562a7 (size before relaxing)
 .debug_str     0x0015e55c       0x88 ./gecko_sdk_4.1.0/platform/service/device_init/src/sl_device_init_nvic.o
                             0x154ef4 (size before relaxing)
 .debug_str     0x0015e5e4       0x70 ./gecko_sdk_4.1.0/platform/service/system/src/sl_system_init.o
                               0x2da6 (size before relaxing)
 .debug_str     0x0015e654       0x84 ./gecko_sdk_4.1.0/platform/service/system/src/sl_system_process_action.o
                               0x2dba (size before relaxing)

.debug_frame    0x00000000     0x1530
 .debug_frame   0x00000000       0x8c ./app.o
 .debug_frame   0x0000008c       0x28 ./main.o
 .debug_frame   0x000000b4       0x28 ./autogen/sl_device_init_clocks.o
 .debug_frame   0x000000dc       0xd4 ./autogen/sl_event_handler.o
 .debug_frame   0x000001b0       0x38 ./gecko_sdk_4.1.0/platform/Device/SiliconLabs/EFR32MG12P/Source/startup_efr32mg12p.o
 .debug_frame   0x000001e8       0xdc ./gecko_sdk_4.1.0/platform/Device/SiliconLabs/EFR32MG12P/Source/system_efr32mg12p.o
 .debug_frame   0x000002c4       0x24 ./gecko_sdk_4.1.0/platform/common/src/sl_assert.o
 .debug_frame   0x000002e8       0x58 ./gecko_sdk_4.1.0/platform/common/toolchain/src/sl_memory.o
 .debug_frame   0x00000340      0x174 ./gecko_sdk_4.1.0/platform/emlib/src/em_adc.o
 .debug_frame   0x000004b4      0x618 ./gecko_sdk_4.1.0/platform/emlib/src/em_cmu.o
 .debug_frame   0x00000acc      0x29c ./gecko_sdk_4.1.0/platform/emlib/src/em_core.o
 .debug_frame   0x00000d68      0x5e8 ./gecko_sdk_4.1.0/platform/emlib/src/em_emu.o
 .debug_frame   0x00001350       0x30 ./gecko_sdk_4.1.0/platform/service/device_init/src/sl_device_init_dcdc_s1.o
 .debug_frame   0x00001380       0x2c ./gecko_sdk_4.1.0/platform/service/device_init/src/sl_device_init_emu_s1.o
 .debug_frame   0x000013ac       0x30 ./gecko_sdk_4.1.0/platform/service/device_init/src/sl_device_init_hfxo_s1.o
 .debug_frame   0x000013dc       0x2c ./gecko_sdk_4.1.0/platform/service/device_init/src/sl_device_init_lfxo_s1.o
 .debug_frame   0x00001408       0x44 ./gecko_sdk_4.1.0/platform/service/device_init/src/sl_device_init_nvic.o
 .debug_frame   0x0000144c       0x28 ./gecko_sdk_4.1.0/platform/service/system/src/sl_system_init.o
 .debug_frame   0x00001474       0x28 ./gecko_sdk_4.1.0/platform/service/system/src/sl_system_process_action.o
 .debug_frame   0x0000149c       0x28 c:/siliconlabs/simplicitystudio/v5/developer/toolchains/gnu_arm/10.3_2021.10/bin/../lib/gcc/arm-none-eabi/10.3.1/../../../../arm-none-eabi/lib/thumb/v7e-m+fp/softfp\libc_nano.a(lib_a-exit.o)
 .debug_frame   0x000014c4       0x2c c:/siliconlabs/simplicitystudio/v5/developer/toolchains/gnu_arm/10.3_2021.10/bin/../lib/gcc/arm-none-eabi/10.3.1/../../../../arm-none-eabi/lib/thumb/v7e-m+fp/softfp\libc_nano.a(lib_a-init.o)
 .debug_frame   0x000014f0       0x20 c:/siliconlabs/simplicitystudio/v5/developer/toolchains/gnu_arm/10.3_2021.10/bin/../lib/gcc/arm-none-eabi/10.3.1/../../../../arm-none-eabi/lib/thumb/v7e-m+fp/softfp\libc_nano.a(lib_a-memset.o)
 .debug_frame   0x00001510       0x20 c:/siliconlabs/simplicitystudio/v5/developer/toolchains/gnu_arm/10.3_2021.10/bin/../lib/gcc/arm-none-eabi/10.3.1/../../../../arm-none-eabi/lib/thumb/v7e-m+fp/softfp\libnosys.a(_exit.o)
