Archive member included to satisfy reference by file (symbol)

c:/siliconlabs/simplicitystudio/v5/developer/toolchains/gnu_arm/10.3_2021.10/bin/../lib/gcc/arm-none-eabi/10.3.1/../../../../arm-none-eabi/lib/thumb/v7e-m+fp/softfp\libc_nano.a(lib_a-exit.o)
                              c:/siliconlabs/simplicitystudio/v5/developer/toolchains/gnu_arm/10.3_2021.10/bin/../lib/gcc/arm-none-eabi/10.3.1/../../../../arm-none-eabi/lib/thumb/v7e-m+fp/softfp/crt0.o (exit)
c:/siliconlabs/simplicitystudio/v5/developer/toolchains/gnu_arm/10.3_2021.10/bin/../lib/gcc/arm-none-eabi/10.3.1/../../../../arm-none-eabi/lib/thumb/v7e-m+fp/softfp\libc_nano.a(lib_a-impure.o)
                              c:/siliconlabs/simplicitystudio/v5/developer/toolchains/gnu_arm/10.3_2021.10/bin/../lib/gcc/arm-none-eabi/10.3.1/../../../../arm-none-eabi/lib/thumb/v7e-m+fp/softfp\libc_nano.a(lib_a-exit.o) (_global_impure_ptr)
c:/siliconlabs/simplicitystudio/v5/developer/toolchains/gnu_arm/10.3_2021.10/bin/../lib/gcc/arm-none-eabi/10.3.1/../../../../arm-none-eabi/lib/thumb/v7e-m+fp/softfp\libc_nano.a(lib_a-init.o)
                              c:/siliconlabs/simplicitystudio/v5/developer/toolchains/gnu_arm/10.3_2021.10/bin/../lib/gcc/arm-none-eabi/10.3.1/../../../../arm-none-eabi/lib/thumb/v7e-m+fp/softfp/crt0.o (__libc_init_array)
c:/siliconlabs/simplicitystudio/v5/developer/toolchains/gnu_arm/10.3_2021.10/bin/../lib/gcc/arm-none-eabi/10.3.1/../../../../arm-none-eabi/lib/thumb/v7e-m+fp/softfp\libc_nano.a(lib_a-memset.o)
                              c:/siliconlabs/simplicitystudio/v5/developer/toolchains/gnu_arm/10.3_2021.10/bin/../lib/gcc/arm-none-eabi/10.3.1/../../../../arm-none-eabi/lib/thumb/v7e-m+fp/softfp/crt0.o (memset)
c:/siliconlabs/simplicitystudio/v5/developer/toolchains/gnu_arm/10.3_2021.10/bin/../lib/gcc/arm-none-eabi/10.3.1/../../../../arm-none-eabi/lib/thumb/v7e-m+fp/softfp\libnosys.a(_exit.o)
                              c:/siliconlabs/simplicitystudio/v5/developer/toolchains/gnu_arm/10.3_2021.10/bin/../lib/gcc/arm-none-eabi/10.3.1/../../../../arm-none-eabi/lib/thumb/v7e-m+fp/softfp\libc_nano.a(lib_a-exit.o) (_exit)

Discarded input sections

 .text          0x00000000        0x0 c:/siliconlabs/simplicitystudio/v5/developer/toolchains/gnu_arm/10.3_2021.10/bin/../lib/gcc/arm-none-eabi/10.3.1/thumb/v7e-m+fp/softfp/crti.o
 .data          0x00000000        0x0 c:/siliconlabs/simplicitystudio/v5/developer/toolchains/gnu_arm/10.3_2021.10/bin/../lib/gcc/arm-none-eabi/10.3.1/thumb/v7e-m+fp/softfp/crti.o
 .bss           0x00000000        0x0 c:/siliconlabs/simplicitystudio/v5/developer/toolchains/gnu_arm/10.3_2021.10/bin/../lib/gcc/arm-none-eabi/10.3.1/thumb/v7e-m+fp/softfp/crti.o
 .data          0x00000000        0x4 c:/siliconlabs/simplicitystudio/v5/developer/toolchains/gnu_arm/10.3_2021.10/bin/../lib/gcc/arm-none-eabi/10.3.1/thumb/v7e-m+fp/softfp/crtbegin.o
 .rodata        0x00000000       0x24 c:/siliconlabs/simplicitystudio/v5/developer/toolchains/gnu_arm/10.3_2021.10/bin/../lib/gcc/arm-none-eabi/10.3.1/thumb/v7e-m+fp/softfp/crtbegin.o
 .data          0x00000000        0x0 c:/siliconlabs/simplicitystudio/v5/developer/toolchains/gnu_arm/10.3_2021.10/bin/../lib/gcc/arm-none-eabi/10.3.1/../../../../arm-none-eabi/lib/thumb/v7e-m+fp/softfp/crt0.o
 .bss           0x00000000        0x0 c:/siliconlabs/simplicitystudio/v5/developer/toolchains/gnu_arm/10.3_2021.10/bin/../lib/gcc/arm-none-eabi/10.3.1/../../../../arm-none-eabi/lib/thumb/v7e-m+fp/softfp/crt0.o
 .ARM.extab     0x00000000        0x0 c:/siliconlabs/simplicitystudio/v5/developer/toolchains/gnu_arm/10.3_2021.10/bin/../lib/gcc/arm-none-eabi/10.3.1/../../../../arm-none-eabi/lib/thumb/v7e-m+fp/softfp/crt0.o
 .group         0x00000000        0xc ./app.o
 .group         0x00000000        0xc ./app.o
 .group         0x00000000        0xc ./app.o
 .group         0x00000000        0xc ./app.o
 .group         0x00000000        0xc ./app.o
 .group         0x00000000        0xc ./app.o
 .group         0x00000000        0xc ./app.o
 .group         0x00000000        0xc ./app.o
 .group         0x00000000        0xc ./app.o
 .group         0x00000000        0xc ./app.o
 .group         0x00000000        0xc ./app.o
 .group         0x00000000        0xc ./app.o
 .group         0x00000000        0xc ./app.o
 .group         0x00000000        0xc ./app.o
 .group         0x00000000        0xc ./app.o
 .group         0x00000000        0xc ./app.o
 .group         0x00000000        0xc ./app.o
 .group         0x00000000        0xc ./app.o
 .group         0x00000000        0xc ./app.o
 .group         0x00000000        0xc ./app.o
 .group         0x00000000        0xc ./app.o
 .group         0x00000000        0xc ./app.o
 .group         0x00000000        0xc ./app.o
 .group         0x00000000        0xc ./app.o
 .group         0x00000000        0xc ./app.o
 .group         0x00000000        0xc ./app.o
 .group         0x00000000        0xc ./app.o
 .group         0x00000000        0xc ./app.o
[...]
Memory Configuration

Name             Origin             Length             Attributes
FLASH            0x00000000         0x00100000         xr
RAM              0x20000000         0x00040000         xrw
*default*        0x00000000         0xffffffff

Linker script and memory map

LOAD c:/siliconlabs/simplicitystudio/v5/developer/toolchains/gnu_arm/10.3_2021.10/bin/../lib/gcc/arm-none-eabi/10.3.1/thumb/v7e-m+fp/softfp/crti.o
LOAD c:/siliconlabs/simplicitystudio/v5/developer/toolchains/gnu_arm/10.3_2021.10/bin/../lib/gcc/arm-none-eabi/10.3.1/thumb/v7e-m+fp/softfp/crtbegin.o
LOAD c:/siliconlabs/simplicitystudio/v5/developer/toolchains/gnu_arm/10.3_2021.10/bin/../lib/gcc/arm-none-eabi/10.3.1/../../../../arm-none-eabi/lib/thumb/v7e-m+fp/softfp/crt0.o
START GROUP
LOAD ./app.o
LOAD ./main.o
LOAD ./autogen/sl_device_init_clocks.o
LOAD ./autogen/sl_event_handler.o
LOAD ./gecko_sdk_4.1.0/platform/Device/SiliconLabs/EFR32MG12P/Source/startup_efr32mg12p.o
LOAD ./gecko_sdk_4.1.0/platform/Device/SiliconLabs/EFR32MG12P/Source/system_efr32mg12p.o
LOAD ./gecko_sdk_4.1.0/platform/common/src/sl_assert.o
LOAD ./gecko_sdk_4.1.0/platform/common/toolchain/src/sl_memory.o
LOAD ./gecko_sdk_4.1.0/platform/emlib/src/em_cmu.o
LOAD ./gecko_sdk_4.1.0/platform/emlib/src/em_core.o
LOAD ./gecko_sdk_4.1.0/platform/emlib/src/em_emu.o
LOAD ./gecko_sdk_4.1.0/platform/emlib/src/em_gpio.o
LOAD ./gecko_sdk_4.1.0/platform/emlib/src/em_letimer.o
LOAD ./gecko_sdk_4.1.0/platform/emlib/src/em_msc.o
LOAD ./gecko_sdk_4.1.0/platform/emlib/src/em_system.o
LOAD ./gecko_sdk_4.1.0/platform/emlib/src/em_timer.o
LOAD ./gecko_sdk_4.1.0/platform/service/device_init/src/sl_device_init_dcdc_s1.o
LOAD ./gecko_sdk_4.1.0/platform/service/device_init/src/sl_device_init_emu_s1.o
LOAD ./gecko_sdk_4.1.0/platform/service/device_init/src/sl_device_init_hfxo_s1.o
LOAD ./gecko_sdk_4.1.0/platform/service/device_init/src/sl_device_init_lfxo_s1.o
LOAD ./gecko_sdk_4.1.0/platform/service/device_init/src/sl_device_init_nvic.o
LOAD ./gecko_sdk_4.1.0/platform/service/system/src/sl_system_init.o
LOAD ./gecko_sdk_4.1.0/platform/service/system/src/sl_system_process_action.o
LOAD ./gecko_sdk_4.1.0/platform/service/udelay/src/sl_udelay.o
LOAD ./gecko_sdk_4.1.0/platform/service/udelay/src/sl_udelay_armv6m_gcc.o
LOAD c:/siliconlabs/simplicitystudio/v5/developer/toolchains/gnu_arm/10.3_2021.10/bin/../lib/gcc/arm-none-eabi/10.3.1/thumb/v7e-m+fp/softfp\libgcc.a
LOAD c:/siliconlabs/simplicitystudio/v5/developer/toolchains/gnu_arm/10.3_2021.10/bin/../lib/gcc/arm-none-eabi/10.3.1/../../../../arm-none-eabi/lib/thumb/v7e-m+fp/softfp\libc_nano.a
LOAD c:/siliconlabs/simplicitystudio/v5/developer/toolchains/gnu_arm/10.3_2021.10/bin/../lib/gcc/arm-none-eabi/10.3.1/../../../../arm-none-eabi/lib/thumb/v7e-m+fp/softfp\libm.a
LOAD c:/siliconlabs/simplicitystudio/v5/developer/toolchains/gnu_arm/10.3_2021.10/bin/../lib/gcc/arm-none-eabi/10.3.1/../../../../arm-none-eabi/lib/thumb/v7e-m+fp/softfp\libnosys.a
END GROUP
START GROUP
LOAD c:/siliconlabs/simplicitystudio/v5/developer/toolchains/gnu_arm/10.3_2021.10/bin/../lib/gcc/arm-none-eabi/10.3.1/thumb/v7e-m+fp/softfp\libgcc.a
LOAD c:/siliconlabs/simplicitystudio/v5/developer/toolchains/gnu_arm/10.3_2021.10/bin/../lib/gcc/arm-none-eabi/10.3.1/../../../../arm-none-eabi/lib/thumb/v7e-m+fp/softfp\libc_nano.a
LOAD c:/siliconlabs/simplicitystudio/v5/developer/toolchains/gnu_arm/10.3_2021.10/bin/../lib/gcc/arm-none-eabi/10.3.1/../../../../arm-none-eabi/lib/thumb/v7e-m+fp/softfp\libnosys.a
END GROUP
START GROUP
LOAD c:/siliconlabs/simplicitystudio/v5/developer/toolchains/gnu_arm/10.3_2021.10/bin/../lib/gcc/arm-none-eabi/10.3.1/thumb/v7e-m+fp/softfp\libgcc.a
LOAD c:/siliconlabs/simplicitystudio/v5/developer/toolchains/gnu_arm/10.3_2021.10/bin/../lib/gcc/arm-none-eabi/10.3.1/../../../../arm-none-eabi/lib/thumb/v7e-m+fp/softfp\libg_nano.a
LOAD c:/siliconlabs/simplicitystudio/v5/developer/toolchains/gnu_arm/10.3_2021.10/bin/../lib/gcc/arm-none-eabi/10.3.1/../../../../arm-none-eabi/lib/thumb/v7e-m+fp/softfp\libc_nano.a
END GROUP
START GROUP
LOAD c:/siliconlabs/simplicitystudio/v5/developer/toolchains/gnu_arm/10.3_2021.10/bin/../lib/gcc/arm-none-eabi/10.3.1/thumb/v7e-m+fp/softfp\libgcc.a
LOAD c:/siliconlabs/simplicitystudio/v5/developer/toolchains/gnu_arm/10.3_2021.10/bin/../lib/gcc/arm-none-eabi/10.3.1/../../../../arm-none-eabi/lib/thumb/v7e-m+fp/softfp\libc_nano.a
END GROUP
LOAD c:/siliconlabs/simplicitystudio/v5/developer/toolchains/gnu_arm/10.3_2021.10/bin/../lib/gcc/arm-none-eabi/10.3.1/thumb/v7e-m+fp/softfp/crtend.o
LOAD c:/siliconlabs/simplicitystudio/v5/developer/toolchains/gnu_arm/10.3_2021.10/bin/../lib/gcc/arm-none-eabi/10.3.1/thumb/v7e-m+fp/softfp/crtn.o

.text           0x00000000     0x3a70
                0x00000000                linker_vectors_begin = .
 *(.vectors)
 .vectors       0x00000000      0x10c ./gecko_sdk_4.1.0/platform/Device/SiliconLabs/EFR32MG12P/Source/startup_efr32mg12p.o
                0x00000000                __Vectors
                0x0000010c                linker_vectors_end = .
                0x0000010c                __Vectors_End = .
                0x0000010c                __Vectors_Size = (__Vectors_End - __Vectors)
                0x0000010c                linker_code_begin = .
 *(.text*)
 .text          0x0000010c       0x40 c:/siliconlabs/simplicitystudio/v5/developer/toolchains/gnu_arm/10.3_2021.10/bin/../lib/gcc/arm-none-eabi/10.3.1/thumb/v7e-m+fp/softfp/crtbegin.o
 .text          0x0000014c       0x7c c:/siliconlabs/simplicitystudio/v5/developer/toolchains/gnu_arm/10.3_2021.10/bin/../lib/gcc/arm-none-eabi/10.3.1/../../../../arm-none-eabi/lib/thumb/v7e-m+fp/softfp/crt0.o
                0x0000014c                _stack_init
                0x00000154                _start
                0x00000154                _mainCRTStartup
 .text.__NVIC_EnableIRQ
                0x000001c8       0x34 ./app.o
 .text.TIMER_MaxCount
                0x000001fc       0x2c ./app.o
 .text.TIMER_CompareBufSet
                0x00000228       0x3c ./app.o
 .text.TIMER_CompareSet
                0x00000264       0x40 ./app.o
 .text.TIMER_IntClear
                0x000002a4       0x12 ./app.o
 .text.TIMER_IntEnable
                0x000002b6       0x18 ./app.o
 .text.TIMER_IntGet
                0x000002ce        0xe ./app.o
 .text.TIMER_TopGet
                0x000002dc        0xe ./app.o
 *fill*         0x000002ea        0x2 
 .text.TIMER_TopSet
                0x000002ec       0x34 ./app.o
 .text.TIMER0_IRQHandler
                0x00000320       0x80 ./app.o
                0x00000320                TIMER0_IRQHandler
 .text.initTimer
                0x000003a0       0xc0 ./app.o
                0x000003a0                initTimer
 .text.app_init
                0x00000460       0x3c ./app.o
                0x00000460                app_init
 .text.app_process_action
                0x0000049c        0x4 ./app.o
                0x0000049c                app_process_action
 .text.main     0x000004a0       0x14 ./main.o
                0x000004a0                main
 .text.sl_device_init_clocks
                0x000004b4       0x40 ./autogen/sl_device_init_clocks.o
                0x000004b4                sl_device_init_clocks
 .text.SYSTEM_GetProdRev
                0x000004f4       0x10 ./autogen/sl_event_handler.o
 .text.CHIP_Init
                0x00000504       0x94 ./autogen/sl_event_handler.o
 .text.sl_platform_init
                0x00000598       0x22 ./autogen/sl_event_handler.o
                0x00000598                sl_platform_init
 .text.sl_driver_init
                0x000005ba        0x4 ./autogen/sl_event_handler.o
                0x000005ba                sl_driver_init
 .text.sl_service_init
                0x000005be        0x4 ./autogen/sl_event_handler.o
                0x000005be                sl_service_init
 .text.sl_stack_init
                0x000005c2        0x4 ./autogen/sl_event_handler.o
                0x000005c2                sl_stack_init
 .text.sl_internal_app_init
                0x000005c6        0x4 ./autogen/sl_event_handler.o
                0x000005c6                sl_internal_app_init
 .text.sl_platform_process_action
                0x000005ca        0x4 ./autogen/sl_event_handler.o
                0x000005ca                sl_platform_process_action
 .text.sl_service_process_action
                0x000005ce        0x4 ./autogen/sl_event_handler.o
                0x000005ce                sl_service_process_action
 .text.sl_stack_process_action
                0x000005d2        0x4 ./autogen/sl_event_handler.o
                0x000005d2                sl_stack_process_action
 .text.sl_internal_app_process_action
                0x000005d6        0x4 ./autogen/sl_event_handler.o
                0x000005d6                sl_internal_app_process_action
 *fill*         0x000005da        0x2 
 .text.Reset_Handler
                0x000005dc       0x98 ./gecko_sdk_4.1.0/platform/Device/SiliconLabs/EFR32MG12P/Source/startup_efr32mg12p.o
                0x000005dc                Reset_Handler
 .text.Default_Handler
                0x00000674        0x2 ./gecko_sdk_4.1.0/platform/Device/SiliconLabs/EFR32MG12P/Source/startup_efr32mg12p.o
                0x00000674                DebugMon_Handler
                0x00000674                USART0_TX_IRQHandler
                0x00000674                I2C0_IRQHandler
                0x00000674                HardFault_Handler
                0x00000674                SysTick_Handler
                0x00000674                USART1_RX_IRQHandler
                0x00000674                PendSV_Handler
                0x00000674                NMI_Handler
                0x00000674                SYNTH_IRQHandler
                0x00000674                I2C1_IRQHandler
                0x00000674                WTIMER0_IRQHandler
                0x00000674                CRYPTO0_IRQHandler
                0x00000674                WDOG0_IRQHandler
                0x00000674                USART1_TX_IRQHandler
                0x00000674                SMU_IRQHandler
                0x00000674                MSC_IRQHandler
                0x00000674                ADC0_IRQHandler
                0x00000674                UsageFault_Handler
                0x00000674                WDOG1_IRQHandler
                0x00000674                LEUART0_IRQHandler
                0x00000674                FPUEH_IRQHandler
                0x00000674                WTIMER1_IRQHandler
                0x00000674                GPIO_EVEN_IRQHandler
                0x00000674                VDAC0_IRQHandler
                0x00000674                LDMA_IRQHandler
                0x00000674                CSEN_IRQHandler
                0x00000674                CRYPTO1_IRQHandler
                0x00000674                PCNT2_IRQHandler
                0x00000674                LETIMER0_IRQHandler
                0x00000674                TIMER1_IRQHandler
                0x00000674                TRNG0_IRQHandler
                0x00000674                RFSENSE_IRQHandler
                0x00000674                BUFC_IRQHandler
                0x00000674                MODEM_IRQHandler
                0x00000674                USART2_RX_IRQHandler
                0x00000674                Default_Handler
                0x00000674                RAC_SEQ_IRQHandler
                0x00000674                FRC_PRI_IRQHandler
                0x00000674                EMU_IRQHandler
                0x00000674                FRC_IRQHandler
                0x00000674                CRYOTIMER_IRQHandler
                0x00000674                PCNT0_IRQHandler
                0x00000674                AGC_IRQHandler
                0x00000674                sl_app_properties
                0x00000674                PCNT1_IRQHandler
                0x00000674                ACMP0_IRQHandler
                0x00000674                USART0_RX_IRQHandler
                0x00000674                MemManage_Handler
                0x00000674                SVC_Handler
                0x00000674                USART3_RX_IRQHandler
                0x00000674                RTCC_IRQHandler
                0x00000674                CMU_IRQHandler
                0x00000674                RAC_RSM_IRQHandler
                0x00000674                LESENSE_IRQHandler
                0x00000674                GPIO_ODD_IRQHandler
                0x00000674                USART3_TX_IRQHandler
                0x00000674                PROTIMER_IRQHandler
                0x00000674                BusFault_Handler
                0x00000674                USART2_TX_IRQHandler
                0x00000674                IDAC0_IRQHandler
 *fill*         0x00000676        0x2 
 .text.SystemCoreClockGet
                0x00000678       0x3c ./gecko_sdk_4.1.0/platform/Device/SiliconLabs/EFR32MG12P/Source/system_efr32mg12p.o
                0x00000678                SystemCoreClockGet
 .text.SystemMaxCoreClockGet
                0x000006b4        0xc ./gecko_sdk_4.1.0/platform/Device/SiliconLabs/EFR32MG12P/Source/system_efr32mg12p.o
                0x000006b4                SystemMaxCoreClockGet
 .text.SystemHFClockGet
                0x000006c0       0x7c ./gecko_sdk_4.1.0/platform/Device/SiliconLabs/EFR32MG12P/Source/system_efr32mg12p.o
                0x000006c0                SystemHFClockGet
 .text.SystemHFXOClockGet
                0x0000073c        0xc ./gecko_sdk_4.1.0/platform/Device/SiliconLabs/EFR32MG12P/Source/system_efr32mg12p.o
                0x0000073c                SystemHFXOClockGet
 .text.SystemHFXOClockSet
                0x00000748       0x30 ./gecko_sdk_4.1.0/platform/Device/SiliconLabs/EFR32MG12P/Source/system_efr32mg12p.o
                0x00000748                SystemHFXOClockSet
 .text.SystemInit
                0x00000778       0x24 ./gecko_sdk_4.1.0/platform/Device/SiliconLabs/EFR32MG12P/Source/system_efr32mg12p.o
                0x00000778                SystemInit
 .text.SystemLFRCOClockGet
                0x0000079c        0x8 ./gecko_sdk_4.1.0/platform/Device/SiliconLabs/EFR32MG12P/Source/system_efr32mg12p.o
                0x0000079c                SystemLFRCOClockGet
 .text.SystemULFRCOClockGet
                0x000007a4        0x8 ./gecko_sdk_4.1.0/platform/Device/SiliconLabs/EFR32MG12P/Source/system_efr32mg12p.o
                0x000007a4                SystemULFRCOClockGet
 .text.SystemLFXOClockGet
                0x000007ac        0xc ./gecko_sdk_4.1.0/platform/Device/SiliconLabs/EFR32MG12P/Source/system_efr32mg12p.o
                0x000007ac                SystemLFXOClockGet
 .text.assertEFM
                0x000007b8        0x8 ./gecko_sdk_4.1.0/platform/common/src/sl_assert.o
                0x000007b8                assertEFM
 .text.SL_Log2ToDiv
                0x000007c0       0x2c ./gecko_sdk_4.1.0/platform/emlib/src/em_cmu.o
 .text.BUS_RegBitWrite
                0x000007ec       0x40 ./gecko_sdk_4.1.0/platform/emlib/src/em_cmu.o
 .text.BUS_RegBitRead
                0x0000082c       0x24 ./gecko_sdk_4.1.0/platform/emlib/src/em_cmu.o
 .text.EMU_LDOStatusGet
                0x00000850       0x1c ./gecko_sdk_4.1.0/platform/emlib/src/em_cmu.o
 .text.EMU_VScaleWait
                0x0000086c       0x2c ./gecko_sdk_4.1.0/platform/emlib/src/em_cmu.o
 .text.EMU_VScaleGet
                0x00000898       0x1c ./gecko_sdk_4.1.0/platform/emlib/src/em_cmu.o
 .text.MSC_LockGetLocked
                0x000008b4       0x1c ./gecko_sdk_4.1.0/platform/emlib/src/em_cmu.o
 .text.MSC_LockSetLocked
                0x000008d0       0x10 ./gecko_sdk_4.1.0/platform/emlib/src/em_cmu.o
 .text.MSC_LockSetUnlocked
                0x000008e0       0x10 ./gecko_sdk_4.1.0/platform/emlib/src/em_cmu.o
 .text.MSC_ReadCTRLGet
                0x000008f0        0xc ./gecko_sdk_4.1.0/platform/emlib/src/em_cmu.o
 .text.MSC_ReadCTRLSet
                0x000008fc       0x14 ./gecko_sdk_4.1.0/platform/emlib/src/em_cmu.o
 .text.setHfLeConfig
                0x00000910       0x64 ./gecko_sdk_4.1.0/platform/emlib/src/em_cmu.o
 .text.auxClkGet
                0x00000974       0x14 ./gecko_sdk_4.1.0/platform/emlib/src/em_cmu.o
 .text.hfSrcClkGet
                0x00000988       0x2c ./gecko_sdk_4.1.0/platform/emlib/src/em_cmu.o
 .text.dbgClkGet
                0x000009b4       0x50 ./gecko_sdk_4.1.0/platform/emlib/src/em_cmu.o
 .text.adcAsyncClkGet
                0x00000a04       0x9c ./gecko_sdk_4.1.0/platform/emlib/src/em_cmu.o
 .text.flashWaitStateControl
                0x00000aa0       0x98 ./gecko_sdk_4.1.0/platform/emlib/src/em_cmu.o
 .text.flashWaitStateMax
                0x00000b38       0x34 ./gecko_sdk_4.1.0/platform/emlib/src/em_cmu.o
 .text.CMU_UpdateWaitStates
                0x00000b6c       0x32 ./gecko_sdk_4.1.0/platform/emlib/src/em_cmu.o
                0x00000b6c                CMU_UpdateWaitStates
 .text.getRegIshUpperVal
                0x00000b9e       0x2c ./gecko_sdk_4.1.0/platform/emlib/src/em_cmu.o
 *fill*         0x00000bca        0x2 
 .text.getHfxoTuningMode
                0x00000bcc       0x14 ./gecko_sdk_4.1.0/platform/emlib/src/em_cmu.o
 .text.setHfxoTuningMode
                0x00000be0       0x20 ./gecko_sdk_4.1.0/platform/emlib/src/em_cmu.o
 .text.lfClkGet
                0x00000c00      0x12c ./gecko_sdk_4.1.0/platform/emlib/src/em_cmu.o
 .text.syncReg  0x00000d2c       0x30 ./gecko_sdk_4.1.0/platform/emlib/src/em_cmu.o
 .text.hfperClkSafePrescaler
                0x00000d5c        0x4 ./gecko_sdk_4.1.0/platform/emlib/src/em_cmu.o
 .text.hfperClkOptimizedPrescaler
                0x00000d60        0x4 ./gecko_sdk_4.1.0/platform/emlib/src/em_cmu.o
 .text.CMU_ClockDivGet
                0x00000d64       0x18 ./gecko_sdk_4.1.0/platform/emlib/src/em_cmu.o
                0x00000d64                CMU_ClockDivGet
 .text.CMU_ClockEnable
                0x00000d7c       0xdc ./gecko_sdk_4.1.0/platform/emlib/src/em_cmu.o
                0x00000d7c                CMU_ClockEnable
 .text.CMU_ClockFreqGet
                0x00000e58      0x28c ./gecko_sdk_4.1.0/platform/emlib/src/em_cmu.o
                0x00000e58                CMU_ClockFreqGet
 .text.CMU_ClockPrescGet
                0x000010e4      0x1c0 ./gecko_sdk_4.1.0/platform/emlib/src/em_cmu.o
                0x000010e4                CMU_ClockPrescGet
 .text.CMU_ClockSelectGet
                0x000012a4      0x214 ./gecko_sdk_4.1.0/platform/emlib/src/em_cmu.o
                0x000012a4                CMU_ClockSelectGet
 .text.CMU_ClockSelectSet
                0x000014b8      0x358 ./gecko_sdk_4.1.0/platform/emlib/src/em_cmu.o
                0x000014b8                CMU_ClockSelectSet
 .text.CMU_HFRCOBandGet
                0x00001810        0xc ./gecko_sdk_4.1.0/platform/emlib/src/em_cmu.o
                0x00001810                CMU_HFRCOBandGet
 .text.CMU_HFXOInit
                0x0000181c      0x100 ./gecko_sdk_4.1.0/platform/emlib/src/em_cmu.o
                0x0000181c                CMU_HFXOInit
 .text.CMU_LFXOInit
                0x0000191c       0x74 ./gecko_sdk_4.1.0/platform/emlib/src/em_cmu.o
                0x0000191c                CMU_LFXOInit
 .text.CMU_LFXOPrecisionSet
                0x00001990       0x1c ./gecko_sdk_4.1.0/platform/emlib/src/em_cmu.o
                0x00001990                CMU_LFXOPrecisionSet
 .text.CMU_OscillatorEnable
                0x000019ac      0x1d0 ./gecko_sdk_4.1.0/platform/emlib/src/em_cmu.o
                0x000019ac                CMU_OscillatorEnable
 .text.CMU_OscillatorTuningGet
                0x00001b7c       0x80 ./gecko_sdk_4.1.0/platform/emlib/src/em_cmu.o
                0x00001b7c                CMU_OscillatorTuningGet
 .text.CMU_OscillatorTuningSet
                0x00001bfc      0x158 ./gecko_sdk_4.1.0/platform/emlib/src/em_cmu.o
                0x00001bfc                CMU_OscillatorTuningSet
 .text.CMU_OscillatorTuningWait
                0x00001d54       0xb8 ./gecko_sdk_4.1.0/platform/emlib/src/em_cmu.o
                0x00001d54                CMU_OscillatorTuningWait
 .text.CMU_OscillatorTuningOptimize
                0x00001e0c       0x68 ./gecko_sdk_4.1.0/platform/emlib/src/em_cmu.o
                0x00001e0c                CMU_OscillatorTuningOptimize
 .text.CORE_EnterCritical
                0x00001e74       0x18 ./gecko_sdk_4.1.0/platform/emlib/src/em_core.o
                0x00001e74                CORE_EnterCritical
 .text.CORE_ExitCritical
                0x00001e8c       0x14 ./gecko_sdk_4.1.0/platform/emlib/src/em_core.o
                0x00001e8c                CORE_ExitCritical
 .text.BUS_RegBitWrite
                0x00001ea0       0x40 ./gecko_sdk_4.1.0/platform/emlib/src/em_emu.o
 .text.BUS_RegBitRead
                0x00001ee0       0x24 ./gecko_sdk_4.1.0/platform/emlib/src/em_emu.o
 .text.EMU_LDOStatusGet
                0x00001f04       0x1c ./gecko_sdk_4.1.0/platform/emlib/src/em_emu.o
 .text.EMU_VScaleWait
                0x00001f20       0x2c ./gecko_sdk_4.1.0/platform/emlib/src/em_emu.o
 .text.EMU_VScaleGet
                0x00001f4c       0x1c ./gecko_sdk_4.1.0/platform/emlib/src/em_emu.o
 .text.EMU_IntClear
                0x00001f68       0x14 ./gecko_sdk_4.1.0/platform/emlib/src/em_emu.o
 .text.EMU_IntGet
                0x00001f7c        0xc ./gecko_sdk_4.1.0/platform/emlib/src/em_emu.o
 .text.EMU_PowerLock
                0x00001f88       0x10 ./gecko_sdk_4.1.0/platform/emlib/src/em_emu.o
 .text.EMU_PowerUnlock
                0x00001f98       0x10 ./gecko_sdk_4.1.0/platform/emlib/src/em_emu.o
 .text.vScaleEM01Cmd
                0x00001fa8       0x1c ./gecko_sdk_4.1.0/platform/emlib/src/em_emu.o
 .text.EMU_EM4Init
                0x00001fc4       0x80 ./gecko_sdk_4.1.0/platform/emlib/src/em_emu.o
                0x00001fc4                EMU_EM4Init
 .text.EMU_VScaleEM01ByClock
                0x00002044       0x88 ./gecko_sdk_4.1.0/platform/emlib/src/em_emu.o
                0x00002044                EMU_VScaleEM01ByClock
 .text.EMU_VScaleEM01
                0x000020cc       0xbc ./gecko_sdk_4.1.0/platform/emlib/src/em_emu.o
                0x000020cc                EMU_VScaleEM01
 .text.dcdcConstCalibrationLoad
                0x00002188        0x6 ./gecko_sdk_4.1.0/platform/emlib/src/em_emu.o
 *fill*         0x0000218e        0x2 
 .text.dcdcValidatedConfigSet
                0x00002190       0x40 ./gecko_sdk_4.1.0/platform/emlib/src/em_emu.o
 .text.currentLimitersUpdate
                0x000021d0      0x128 ./gecko_sdk_4.1.0/platform/emlib/src/em_emu.o
 .text.userCurrentLimitsSet
                0x000022f8       0x28 ./gecko_sdk_4.1.0/platform/emlib/src/em_emu.o
 .text.compCtrlSet
                0x00002320       0x4c ./gecko_sdk_4.1.0/platform/emlib/src/em_emu.o
 .text.lpCmpHystCalibrationLoad
                0x0000236c       0xf4 ./gecko_sdk_4.1.0/platform/emlib/src/em_emu.o
 .text.lpGetDevinfoVrefLowHigh
                0x00002460      0x19c ./gecko_sdk_4.1.0/platform/emlib/src/em_emu.o
 .text.EMU_DCDCInit
                0x000025fc      0x1c8 ./gecko_sdk_4.1.0/platform/emlib/src/em_emu.o
                0x000025fc                EMU_DCDCInit
 .text.EMU_DCDCModeSet
                0x000027c4      0x11c ./gecko_sdk_4.1.0/platform/emlib/src/em_emu.o
                0x000027c4                EMU_DCDCModeSet
 .text.EMU_DCDCOutputVoltageSet
                0x000028e0      0x2dc ./gecko_sdk_4.1.0/platform/emlib/src/em_emu.o
                0x000028e0                EMU_DCDCOutputVoltageSet
 .text.EMU_DCDCOptimizeSlice
                0x00002bbc       0xe4 ./gecko_sdk_4.1.0/platform/emlib/src/em_emu.o
                0x00002bbc                EMU_DCDCOptimizeSlice
 .text.EMU_DCDCLnRcoBandSet
                0x00002ca0       0x68 ./gecko_sdk_4.1.0/platform/emlib/src/em_emu.o
                0x00002ca0                EMU_DCDCLnRcoBandSet
 .text.BUS_RegMaskedSet
                0x00002d08       0x1a ./gecko_sdk_4.1.0/platform/emlib/src/em_gpio.o
 .text.BUS_RegMaskedClear
                0x00002d22       0x1a ./gecko_sdk_4.1.0/platform/emlib/src/em_gpio.o
 .text.BUS_RegMaskedWrite
                0x00002d3c       0x34 ./gecko_sdk_4.1.0/platform/emlib/src/em_gpio.o
 .text.GPIO_PinOutClear
                0x00002d70       0xe8 ./gecko_sdk_4.1.0/platform/emlib/src/em_gpio.o
 .text.GPIO_PinOutSet
                0x00002e58       0xe8 ./gecko_sdk_4.1.0/platform/emlib/src/em_gpio.o
 .text.GPIO_PinModeSet
                0x00002f40      0x180 ./gecko_sdk_4.1.0/platform/emlib/src/em_gpio.o
                0x00002f40                GPIO_PinModeSet
 .text.TIMER_Valid
                0x000030c0       0x48 ./gecko_sdk_4.1.0/platform/emlib/src/em_timer.o
 .text.TIMER_Init
                0x00003108       0xf8 ./gecko_sdk_4.1.0/platform/emlib/src/em_timer.o
                0x00003108                TIMER_Init
 .text.TIMER_InitCC
                0x00003200       0xc4 ./gecko_sdk_4.1.0/platform/emlib/src/em_timer.o
                0x00003200                TIMER_InitCC
 .text.sl_device_init_dcdc
                0x000032c4       0x24 ./gecko_sdk_4.1.0/platform/service/device_init/src/sl_device_init_dcdc_s1.o
                0x000032c4                sl_device_init_dcdc
 .text.sl_device_init_emu
                0x000032e8       0x42 ./gecko_sdk_4.1.0/platform/service/device_init/src/sl_device_init_emu_s1.o
                0x000032e8                sl_device_init_emu
 *fill*         0x0000332a        0x2 
 .text.sl_device_init_hfxo
                0x0000332c       0x94 ./gecko_sdk_4.1.0/platform/service/device_init/src/sl_device_init_hfxo_s1.o
                0x0000332c                sl_device_init_hfxo
 .text.sl_device_init_lfxo
                0x000033c0       0x38 ./gecko_sdk_4.1.0/platform/service/device_init/src/sl_device_init_lfxo_s1.o
                0x000033c0                sl_device_init_lfxo
 .text.__NVIC_SetPriority
                0x000033f8       0x50 ./gecko_sdk_4.1.0/platform/service/device_init/src/sl_device_init_nvic.o
 .text.sl_device_init_nvic
                0x00003448       0x38 ./gecko_sdk_4.1.0/platform/service/device_init/src/sl_device_init_nvic.o
                0x00003448                sl_device_init_nvic
 .text.sl_system_init
                0x00003480       0x1a ./gecko_sdk_4.1.0/platform/service/system/src/sl_system_init.o
                0x00003480                sl_system_init
 .text.sl_system_process_action
                0x0000349a       0x16 ./gecko_sdk_4.1.0/platform/service/system/src/sl_system_process_action.o
                0x0000349a                sl_system_process_action
 .text.sl_udelay_wait
                0x000034b0       0x78 ./gecko_sdk_4.1.0/platform/service/udelay/src/sl_udelay.o
                0x000034b0                sl_udelay_wait
 *fill*         0x00003528        0x8 
 .text          0x00003530        0x8 ./gecko_sdk_4.1.0/platform/service/udelay/src/sl_udelay_armv6m_gcc.o
                0x00003530                sli_delay_loop
 .text.exit     0x00003538       0x28 c:/siliconlabs/simplicitystudio/v5/developer/toolchains/gnu_arm/10.3_2021.10/bin/../lib/gcc/arm-none-eabi/10.3.1/../../../../arm-none-eabi/lib/thumb/v7e-m+fp/softfp\libc_nano.a(lib_a-exit.o)
                0x00003538                exit
 .text.__libc_init_array
                0x00003560       0x48 c:/siliconlabs/simplicitystudio/v5/developer/toolchains/gnu_arm/10.3_2021.10/bin/../lib/gcc/arm-none-eabi/10.3.1/../../../../arm-none-eabi/lib/thumb/v7e-m+fp/softfp\libc_nano.a(lib_a-init.o)
                0x00003560                __libc_init_array
 .text.memset   0x000035a8       0x10 c:/siliconlabs/simplicitystudio/v5/developer/toolchains/gnu_arm/10.3_2021.10/bin/../lib/gcc/arm-none-eabi/10.3.1/../../../../arm-none-eabi/lib/thumb/v7e-m+fp/softfp\libc_nano.a(lib_a-memset.o)
                0x000035a8                memset
 .text._exit    0x000035b8        0x4 c:/siliconlabs/simplicitystudio/v5/developer/toolchains/gnu_arm/10.3_2021.10/bin/../lib/gcc/arm-none-eabi/10.3.1/../../../../arm-none-eabi/lib/thumb/v7e-m+fp/softfp\libnosys.a(_exit.o)
                0x000035b8                _exit
                0x000035bc                linker_code_end = .
 *(.init)
 .init          0x000035bc        0x4 c:/siliconlabs/simplicitystudio/v5/developer/toolchains/gnu_arm/10.3_2021.10/bin/../lib/gcc/arm-none-eabi/10.3.1/thumb/v7e-m+fp/softfp/crti.o
                0x000035bc                _init
 .init          0x000035c0        0x8 c:/siliconlabs/simplicitystudio/v5/developer/toolchains/gnu_arm/10.3_2021.10/bin/../lib/gcc/arm-none-eabi/10.3.1/thumb/v7e-m+fp/softfp/crtn.o
 *(.fini)
 .fini          0x000035c8        0x4 c:/siliconlabs/simplicitystudio/v5/developer/toolchains/gnu_arm/10.3_2021.10/bin/../lib/gcc/arm-none-eabi/10.3.1/thumb/v7e-m+fp/softfp/crti.o
                0x000035c8                _fini
 .fini          0x000035cc        0x8 c:/siliconlabs/simplicitystudio/v5/developer/toolchains/gnu_arm/10.3_2021.10/bin/../lib/gcc/arm-none-eabi/10.3.1/thumb/v7e-m+fp/softfp/crtn.o
 *crtbegin.o(.ctors)
 *crtbegin?.o(.ctors)
 *(EXCLUDE_FILE(*crtend.o *crtend?.o) .ctors)
 *(SORT_BY_NAME(.ctors.*))
 *(.ctors)
 *crtbegin.o(.dtors)
 *crtbegin?.o(.dtors)
 *(EXCLUDE_FILE(*crtend.o *crtend?.o) .dtors)
 *(SORT_BY_NAME(.dtors.*))
 *(.dtors)
 *(.rodata*)
 .rodata        0x000035d4       0x64 ./app.o
 .rodata        0x00003638      0x144 ./gecko_sdk_4.1.0/platform/emlib/src/em_cmu.o
 .rodata.flashWsTable
                0x0000377c       0x28 ./gecko_sdk_4.1.0/platform/emlib/src/em_cmu.o
 .rodata        0x000037a4       0xa3 ./gecko_sdk_4.1.0/platform/emlib/src/em_emu.o
 *fill*         0x00003847        0x1 
 .rodata        0x00003848       0xf5 ./gecko_sdk_4.1.0/platform/emlib/src/em_gpio.o
 *fill*         0x0000393d        0x3 
 .rodata        0x00003940       0xa6 ./gecko_sdk_4.1.0/platform/emlib/src/em_timer.o
 *fill*         0x000039e6        0x2 
 .rodata        0x000039e8       0x10 ./gecko_sdk_4.1.0/platform/service/device_init/src/sl_device_init_dcdc_s1.o
 .rodata        0x000039f8       0x12 ./gecko_sdk_4.1.0/platform/service/device_init/src/sl_device_init_hfxo_s1.o
 *fill*         0x00003a0a        0x2 
 .rodata        0x00003a0c        0x4 ./gecko_sdk_4.1.0/platform/service/device_init/src/sl_device_init_lfxo_s1.o
 .rodata        0x00003a10       0x5c ./gecko_sdk_4.1.0/platform/service/udelay/src/sl_udelay.o
 .rodata._global_impure_ptr
                0x00003a6c        0x4 c:/siliconlabs/simplicitystudio/v5/developer/toolchains/gnu_arm/10.3_2021.10/bin/../lib/gcc/arm-none-eabi/10.3.1/../../../../arm-none-eabi/lib/thumb/v7e-m+fp/softfp\libc_nano.a(lib_a-impure.o)
                0x00003a6c                _global_impure_ptr
 *(.eh_frame*)
 .eh_frame      0x00003a70        0x0 c:/siliconlabs/simplicitystudio/v5/developer/toolchains/gnu_arm/10.3_2021.10/bin/../lib/gcc/arm-none-eabi/10.3.1/thumb/v7e-m+fp/softfp/crtbegin.o

.glue_7         0x00003a70        0x0
 .glue_7        0x00003a70        0x0 linker stubs

.glue_7t        0x00003a70        0x0
 .glue_7t       0x00003a70        0x0 linker stubs

.vfp11_veneer   0x00003a70        0x0
 .vfp11_veneer  0x00003a70        0x0 linker stubs

.v4_bx          0x00003a70        0x0
 .v4_bx         0x00003a70        0x0 linker stubs

.iplt           0x00003a70        0x0
 .iplt          0x00003a70        0x0 c:/siliconlabs/simplicitystudio/v5/developer/toolchains/gnu_arm/10.3_2021.10/bin/../lib/gcc/arm-none-eabi/10.3.1/thumb/v7e-m+fp/softfp/crtbegin.o

.ARM.extab
 *(.ARM.extab* .gnu.linkonce.armextab.*)
                0x00003a70                __exidx_start = .

.ARM.exidx      0x00003a70        0x8
 *(.ARM.exidx* .gnu.linkonce.armexidx.*)
 .ARM.exidx     0x00003a70        0x8 c:/siliconlabs/simplicitystudio/v5/developer/toolchains/gnu_arm/10.3_2021.10/bin/../lib/gcc/arm-none-eabi/10.3.1/../../../../arm-none-eabi/lib/thumb/v7e-m+fp/softfp/crt0.o
                                 0x10 (size before relaxing)
                0x00003a78                __exidx_end = .

.rel.dyn        0x00003a78        0x0
 .rel.iplt      0x00003a78        0x0 c:/siliconlabs/simplicitystudio/v5/developer/toolchains/gnu_arm/10.3_2021.10/bin/../lib/gcc/arm-none-eabi/10.3.1/thumb/v7e-m+fp/softfp/crtbegin.o

.copy.table     0x00003a78        0xc
                0x00003a78                . = ALIGN (0x4)
                0x00003a78                __copy_table_start__ = .
                0x00003a78        0x4 LONG 0x3a84 __etext
                0x00003a7c        0x4 LONG 0x20001000 __data_start__
                0x00003a80        0x4 LONG 0x21 ((__data_end__ - __data_start__) / 0x4)
                0x00003a84                __copy_table_end__ = .

.zero.table     0x00003a84        0x0
                0x00003a84                . = ALIGN (0x4)
                0x00003a84                __zero_table_start__ = .
                0x00003a84                __zero_table_end__ = .
                0x00003a84                __etext = .
                0x20000000                . = ORIGIN (RAM)

.stack          0x20000000     0x1000
                0x20000000                __StackLimit = .
 *(.stack*)
 .stack         0x20000000     0x1000 ./gecko_sdk_4.1.0/platform/common/toolchain/src/sl_memory.o
                0x20001000                . = ALIGN (0x4)
                0x20001000                __StackTop = .
                0x20001000                PROVIDE (__stack = __StackTop)

.noinit
 *(.noinit*)

.data           0x20001000       0x84 load address 0x00003a84
                0x20001000                . = ALIGN (0x4)
                0x20001000                __data_start__ = .
 *(vtable)
 *(.data*)
 .data.i        0x20001000        0x4 ./app.o
                0x20001000                i
 .data.SystemHFXOClock
                0x20001004        0x4 ./gecko_sdk_4.1.0/platform/Device/SiliconLabs/EFR32MG12P/Source/system_efr32mg12p.o
 .data.SystemLFXOClock
                0x20001008        0x4 ./gecko_sdk_4.1.0/platform/Device/SiliconLabs/EFR32MG12P/Source/system_efr32mg12p.o
 .data.SystemCoreClock
                0x2000100c        0x4 ./gecko_sdk_4.1.0/platform/Device/SiliconLabs/EFR32MG12P/Source/system_efr32mg12p.o
                0x2000100c                SystemCoreClock
 .data.SystemHfrcoFreq
                0x20001010        0x4 ./gecko_sdk_4.1.0/platform/Device/SiliconLabs/EFR32MG12P/Source/system_efr32mg12p.o
                0x20001010                SystemHfrcoFreq
 .data.auxHfrcoFreq
                0x20001014        0x4 ./gecko_sdk_4.1.0/platform/emlib/src/em_cmu.o
 .data.lfxo_precision
                0x20001018        0x2 ./gecko_sdk_4.1.0/platform/emlib/src/em_cmu.o
 *fill*         0x2000101a        0x2 
 .data.impure_data
                0x2000101c       0x60 c:/siliconlabs/simplicitystudio/v5/developer/toolchains/gnu_arm/10.3_2021.10/bin/../lib/gcc/arm-none-eabi/10.3.1/../../../../arm-none-eabi/lib/thumb/v7e-m+fp/softfp\libc_nano.a(lib_a-impure.o)
                0x2000107c                . = ALIGN (0x4)
                [!provide]                PROVIDE (__ram_func_section_start = .)
 *(.ram)
                [!provide]                PROVIDE (__ram_func_section_end = .)
                0x2000107c                . = ALIGN (0x4)
                0x2000107c                PROVIDE (__preinit_array_start = .)
 *(.preinit_array)
                0x2000107c                PROVIDE (__preinit_array_end = .)
                0x2000107c                . = ALIGN (0x4)
                0x2000107c                PROVIDE (__init_array_start = .)
 *(SORT_BY_NAME(.init_array.*))
 *(.init_array)
 .init_array    0x2000107c        0x4 c:/siliconlabs/simplicitystudio/v5/developer/toolchains/gnu_arm/10.3_2021.10/bin/../lib/gcc/arm-none-eabi/10.3.1/thumb/v7e-m+fp/softfp/crtbegin.o
                0x20001080                PROVIDE (__init_array_end = .)
                0x20001080                . = ALIGN (0x4)
                [!provide]                PROVIDE (__fini_array_start = .)
 *(SORT_BY_NAME(.fini_array.*))
 *(.fini_array)
 .fini_array    0x20001080        0x4 c:/siliconlabs/simplicitystudio/v5/developer/toolchains/gnu_arm/10.3_2021.10/bin/../lib/gcc/arm-none-eabi/10.3.1/thumb/v7e-m+fp/softfp/crtbegin.o
                [!provide]                PROVIDE (__fini_array_end = .)
                0x20001084                . = ALIGN (0x4)
                0x20001084                __data_end__ = .

.igot.plt       0x20001084        0x0 load address 0x00003b08
 .igot.plt      0x20001084        0x0 c:/siliconlabs/simplicitystudio/v5/developer/toolchains/gnu_arm/10.3_2021.10/bin/../lib/gcc/arm-none-eabi/10.3.1/thumb/v7e-m+fp/softfp/crtbegin.o

.bss            0x20001084       0x2c load address 0x00003b08
                0x20001084                . = ALIGN (0x4)
                0x20001084                __bss_start__ = .
 *(.bss*)
 .bss           0x20001084       0x1c c:/siliconlabs/simplicitystudio/v5/developer/toolchains/gnu_arm/10.3_2021.10/bin/../lib/gcc/arm-none-eabi/10.3.1/thumb/v7e-m+fp/softfp/crtbegin.o
 .bss.dutyCyclePercent
                0x200010a0        0x4 ./app.o
 .bss.dcdcMaxCurrent_mA
                0x200010a4        0x2 ./gecko_sdk_4.1.0/platform/emlib/src/em_emu.o
 .bss.dcdcEm01LoadCurrent_mA
                0x200010a6        0x2 ./gecko_sdk_4.1.0/platform/emlib/src/em_emu.o
 .bss.dcdcReverseCurrentControl
                0x200010a8        0x2 ./gecko_sdk_4.1.0/platform/emlib/src/em_emu.o
 *fill*         0x200010aa        0x2 
 .bss.vScaleEM01Config
                0x200010ac        0x1 ./gecko_sdk_4.1.0/platform/emlib/src/em_emu.o
 *(COMMON)
                0x200010b0                . = ALIGN (0x4)
 *fill*         0x200010ad        0x3 
                0x200010b0                __bss_end__ = .

.heap           0x200010b0    0x3ef50
                0x200010b0                __HeapBase = .
                0x200010b0                __end__ = .
                0x200010b0                end = __end__
                0x200010b0                _end = __end__
 *(.heap*)
 .heap          0x200010b0      0x800 ./gecko_sdk_4.1.0/platform/common/toolchain/src/sl_memory.o
                0x20040000                . = (ORIGIN (RAM) + LENGTH (RAM))
 *fill*         0x200018b0    0x3e750 
                0x20040000                __HeapLimit = .
                0x0003ef50                __heap_size = (__HeapLimit - __HeapBase)
                0x00100000                __main_flash_end__ = 0x100000

.internal_storage
                0x00003a84        0x0
 *(.internal_storage*)

.nvm            0x00003a84        0x0
 *(.simee*)
                0x00100000                linker_nvm_end = __main_flash_end__
                0x00100000                linker_nvm_begin = (linker_nvm_end - SIZEOF (.nvm))
                0x00000000                linker_nvm_size = SIZEOF (.nvm)
                0x00100000                linker_storage_end = linker_nvm_begin
                0x00100000                linker_storage_begin = (linker_storage_end - SIZEOF (.internal_storage))
                0x00000000                linker_storage_size = SIZEOF (.internal_storage)
                0x00100000                __nvm3Base = linker_nvm_begin
                0x00000001                ASSERT ((linker_storage_begin >= (__etext + SIZEOF (.data))), FLASH memory overflowed !)
OUTPUT(timer-int-pwm.axf elf32-littlearm)
LOAD linker stubs

.ARM.attributes
                0x00000000       0x2e
 .ARM.attributes
                0x00000000       0x1e c:/siliconlabs/simplicitystudio/v5/developer/toolchains/gnu_arm/10.3_2021.10/bin/../lib/gcc/arm-none-eabi/10.3.1/thumb/v7e-m+fp/softfp/crti.o
 .ARM.attributes
                0x0000001e       0x32 c:/siliconlabs/simplicitystudio/v5/developer/toolchains/gnu_arm/10.3_2021.10/bin/../lib/gcc/arm-none-eabi/10.3.1/thumb/v7e-m+fp/softfp/crtbegin.o
 .ARM.attributes
                0x00000050       0x1c c:/siliconlabs/simplicitystudio/v5/developer/toolchains/gnu_arm/10.3_2021.10/bin/../lib/gcc/arm-none-eabi/10.3.1/../../../../arm-none-eabi/lib/thumb/v7e-m+fp/softfp/crt0.o
 .ARM.attributes
                0x0000006c       0x32 ./app.o
 .ARM.attributes
                0x0000009e       0x32 ./main.o
 .ARM.attributes
                0x000000d0       0x32 ./autogen/sl_device_init_clocks.o
 .ARM.attributes
                0x00000102       0x32 ./autogen/sl_event_handler.o
 .ARM.attributes
                0x00000134       0x32 ./gecko_sdk_4.1.0/platform/Device/SiliconLabs/EFR32MG12P/Source/startup_efr32mg12p.o
 .ARM.attributes
                0x00000166       0x32 ./gecko_sdk_4.1.0/platform/Device/SiliconLabs/EFR32MG12P/Source/system_efr32mg12p.o
 .ARM.attributes
                0x00000198       0x32 ./gecko_sdk_4.1.0/platform/common/src/sl_assert.o
 .ARM.attributes
                0x000001ca       0x32 ./gecko_sdk_4.1.0/platform/common/toolchain/src/sl_memory.o
 .ARM.attributes
                0x000001fc       0x32 ./gecko_sdk_4.1.0/platform/emlib/src/em_cmu.o
 .ARM.attributes
                0x0000022e       0x32 ./gecko_sdk_4.1.0/platform/emlib/src/em_core.o
 .ARM.attributes
                0x00000260       0x32 ./gecko_sdk_4.1.0/platform/emlib/src/em_emu.o
 .ARM.attributes
                0x00000292       0x32 ./gecko_sdk_4.1.0/platform/emlib/src/em_gpio.o
 .ARM.attributes
                0x000002c4       0x32 ./gecko_sdk_4.1.0/platform/emlib/src/em_timer.o
 .ARM.attributes
                0x000002f6       0x32 ./gecko_sdk_4.1.0/platform/service/device_init/src/sl_device_init_dcdc_s1.o
 .ARM.attributes
                0x00000328       0x32 ./gecko_sdk_4.1.0/platform/service/device_init/src/sl_device_init_emu_s1.o
 .ARM.attributes
                0x0000035a       0x32 ./gecko_sdk_4.1.0/platform/service/device_init/src/sl_device_init_hfxo_s1.o
 .ARM.attributes
                0x0000038c       0x32 ./gecko_sdk_4.1.0/platform/service/device_init/src/sl_device_init_lfxo_s1.o
 .ARM.attributes
                0x000003be       0x32 ./gecko_sdk_4.1.0/platform/service/device_init/src/sl_device_init_nvic.o
 .ARM.attributes
                0x000003f0       0x32 ./gecko_sdk_4.1.0/platform/service/system/src/sl_system_init.o
 .ARM.attributes
                0x00000422       0x32 ./gecko_sdk_4.1.0/platform/service/system/src/sl_system_process_action.o
 .ARM.attributes
                0x00000454       0x32 ./gecko_sdk_4.1.0/platform/service/udelay/src/sl_udelay.o
 .ARM.attributes
                0x00000486       0x20 ./gecko_sdk_4.1.0/platform/service/udelay/src/sl_udelay_armv6m_gcc.o
 .ARM.attributes
                0x000004a6       0x32 c:/siliconlabs/simplicitystudio/v5/developer/toolchains/gnu_arm/10.3_2021.10/bin/../lib/gcc/arm-none-eabi/10.3.1/../../../../arm-none-eabi/lib/thumb/v7e-m+fp/softfp\libc_nano.a(lib_a-exit.o)
 .ARM.attributes
                0x000004d8       0x32 c:/siliconlabs/simplicitystudio/v5/developer/toolchains/gnu_arm/10.3_2021.10/bin/../lib/gcc/arm-none-eabi/10.3.1/../../../../arm-none-eabi/lib/thumb/v7e-m+fp/softfp\libc_nano.a(lib_a-impure.o)
 .ARM.attributes
                0x0000050a       0x32 c:/siliconlabs/simplicitystudio/v5/developer/toolchains/gnu_arm/10.3_2021.10/bin/../lib/gcc/arm-none-eabi/10.3.1/../../../../arm-none-eabi/lib/thumb/v7e-m+fp/softfp\libc_nano.a(lib_a-init.o)
 .ARM.attributes
                0x0000053c       0x32 c:/siliconlabs/simplicitystudio/v5/developer/toolchains/gnu_arm/10.3_2021.10/bin/../lib/gcc/arm-none-eabi/10.3.1/../../../../arm-none-eabi/lib/thumb/v7e-m+fp/softfp\libc_nano.a(lib_a-memset.o)
 .ARM.attributes
                0x0000056e       0x32 c:/siliconlabs/simplicitystudio/v5/developer/toolchains/gnu_arm/10.3_2021.10/bin/../lib/gcc/arm-none-eabi/10.3.1/../../../../arm-none-eabi/lib/thumb/v7e-m+fp/softfp\libnosys.a(_exit.o)
 .ARM.attributes
                0x000005a0       0x1e c:/siliconlabs/simplicitystudio/v5/developer/toolchains/gnu_arm/10.3_2021.10/bin/../lib/gcc/arm-none-eabi/10.3.1/thumb/v7e-m+fp/softfp/crtn.o

.comment        0x00000000       0x49
 .comment       0x00000000       0x49 ./app.o
                                 0x4a (size before relaxing)
 .comment       0x00000049       0x4a ./main.o
 .comment       0x00000049       0x4a ./autogen/sl_device_init_clocks.o
 .comment       0x00000049       0x4a ./autogen/sl_event_handler.o
 .comment       0x00000049       0x4a ./gecko_sdk_4.1.0/platform/Device/SiliconLabs/EFR32MG12P/Source/startup_efr32mg12p.o
 .comment       0x00000049       0x4a ./gecko_sdk_4.1.0/platform/Device/SiliconLabs/EFR32MG12P/Source/system_efr32mg12p.o
 .comment       0x00000049       0x4a ./gecko_sdk_4.1.0/platform/common/src/sl_assert.o
 .comment       0x00000049       0x4a ./gecko_sdk_4.1.0/platform/common/toolchain/src/sl_memory.o
 .comment       0x00000049       0x4a ./gecko_sdk_4.1.0/platform/emlib/src/em_cmu.o
 .comment       0x00000049       0x4a ./gecko_sdk_4.1.0/platform/emlib/src/em_core.o
 .comment       0x00000049       0x4a ./gecko_sdk_4.1.0/platform/emlib/src/em_emu.o
 .comment       0x00000049       0x4a ./gecko_sdk_4.1.0/platform/emlib/src/em_gpio.o
 .comment       0x00000049       0x4a ./gecko_sdk_4.1.0/platform/emlib/src/em_timer.o
 .comment       0x00000049       0x4a ./gecko_sdk_4.1.0/platform/service/device_init/src/sl_device_init_dcdc_s1.o
 .comment       0x00000049       0x4a ./gecko_sdk_4.1.0/platform/service/device_init/src/sl_device_init_emu_s1.o
 .comment       0x00000049       0x4a ./gecko_sdk_4.1.0/platform/service/device_init/src/sl_device_init_hfxo_s1.o
 .comment       0x00000049       0x4a ./gecko_sdk_4.1.0/platform/service/device_init/src/sl_device_init_lfxo_s1.o
 .comment       0x00000049       0x4a ./gecko_sdk_4.1.0/platform/service/device_init/src/sl_device_init_nvic.o
 .comment       0x00000049       0x4a ./gecko_sdk_4.1.0/platform/service/system/src/sl_system_init.o
 .comment       0x00000049       0x4a ./gecko_sdk_4.1.0/platform/service/system/src/sl_system_process_action.o
 .comment       0x00000049       0x4a ./gecko_sdk_4.1.0/platform/service/udelay/src/sl_udelay.o

.debug_info     0x00000000     0xb955
 .debug_info    0x00000000     0x1035 ./app.o
 .debug_info    0x00001035       0x50 ./main.o
 .debug_info    0x00001085      0x2c8 ./autogen/sl_device_init_clocks.o
 .debug_info    0x0000134d      0xe62 ./autogen/sl_event_handler.o
 .debug_info    0x000021af      0x2ec ./gecko_sdk_4.1.0/platform/Device/SiliconLabs/EFR32MG12P/Source/startup_efr32mg12p.o
 .debug_info    0x0000249b      0x996 ./gecko_sdk_4.1.0/platform/Device/SiliconLabs/EFR32MG12P/Source/system_efr32mg12p.o
 .debug_info    0x00002e31       0x81 ./gecko_sdk_4.1.0/platform/common/src/sl_assert.o
 .debug_info    0x00002eb2      0x1f8 ./gecko_sdk_4.1.0/platform/common/toolchain/src/sl_memory.o
 .debug_info    0x000030aa     0x2773 ./gecko_sdk_4.1.0/platform/emlib/src/em_cmu.o
 .debug_info    0x0000581d      0xe7b ./gecko_sdk_4.1.0/platform/emlib/src/em_core.o
 .debug_info    0x00006698     0x2827 ./gecko_sdk_4.1.0/platform/emlib/src/em_emu.o
 .debug_info    0x00008ebf      0xb1d ./gecko_sdk_4.1.0/platform/emlib/src/em_gpio.o
 .debug_info    0x000099dc      0xa1c ./gecko_sdk_4.1.0/platform/emlib/src/em_timer.o
 .debug_info    0x0000a3f8      0x250 ./gecko_sdk_4.1.0/platform/service/device_init/src/sl_device_init_dcdc_s1.o
 .debug_info    0x0000a648      0x1c0 ./gecko_sdk_4.1.0/platform/service/device_init/src/sl_device_init_emu_s1.o
 .debug_info    0x0000a808      0x84f ./gecko_sdk_4.1.0/platform/service/device_init/src/sl_device_init_hfxo_s1.o
 .debug_info    0x0000b057      0x16e ./gecko_sdk_4.1.0/platform/service/device_init/src/sl_device_init_lfxo_s1.o
 .debug_info    0x0000b1c5      0x5f2 ./gecko_sdk_4.1.0/platform/service/device_init/src/sl_device_init_nvic.o
 .debug_info    0x0000b7b7       0x45 ./gecko_sdk_4.1.0/platform/service/system/src/sl_system_init.o
 .debug_info    0x0000b7fc       0x45 ./gecko_sdk_4.1.0/platform/service/system/src/sl_system_process_action.o
 .debug_info    0x0000b841       0xee ./gecko_sdk_4.1.0/platform/service/udelay/src/sl_udelay.o
 .debug_info    0x0000b92f       0x26 ./gecko_sdk_4.1.0/platform/service/udelay/src/sl_udelay_armv6m_gcc.o

.debug_abbrev   0x00000000     0x1cb2
 .debug_abbrev  0x00000000      0x248 ./app.o
 .debug_abbrev  0x00000248       0x40 ./main.o
 .debug_abbrev  0x00000288       0x99 ./autogen/sl_device_init_clocks.o
 .debug_abbrev  0x00000321      0x108 ./autogen/sl_event_handler.o
 .debug_abbrev  0x00000429      0x1a7 ./gecko_sdk_4.1.0/platform/Device/SiliconLabs/EFR32MG12P/Source/startup_efr32mg12p.o
 .debug_abbrev  0x000005d0      0x201 ./gecko_sdk_4.1.0/platform/Device/SiliconLabs/EFR32MG12P/Source/system_efr32mg12p.o
 .debug_abbrev  0x000007d1       0x6c ./gecko_sdk_4.1.0/platform/common/src/sl_assert.o
 .debug_abbrev  0x0000083d      0x10a ./gecko_sdk_4.1.0/platform/common/toolchain/src/sl_memory.o
 .debug_abbrev  0x00000947      0x3ad ./gecko_sdk_4.1.0/platform/emlib/src/em_cmu.o
 .debug_abbrev  0x00000cf4      0x28f ./gecko_sdk_4.1.0/platform/emlib/src/em_core.o
 .debug_abbrev  0x00000f83      0x392 ./gecko_sdk_4.1.0/platform/emlib/src/em_emu.o
 .debug_abbrev  0x00001315      0x207 ./gecko_sdk_4.1.0/platform/emlib/src/em_gpio.o
 .debug_abbrev  0x0000151c      0x211 ./gecko_sdk_4.1.0/platform/emlib/src/em_timer.o
 .debug_abbrev  0x0000172d       0xc9 ./gecko_sdk_4.1.0/platform/service/device_init/src/sl_device_init_dcdc_s1.o
 .debug_abbrev  0x000017f6       0xc9 ./gecko_sdk_4.1.0/platform/service/device_init/src/sl_device_init_emu_s1.o
 .debug_abbrev  0x000018bf      0x109 ./gecko_sdk_4.1.0/platform/service/device_init/src/sl_device_init_hfxo_s1.o
 .debug_abbrev  0x000019c8       0xb8 ./gecko_sdk_4.1.0/platform/service/device_init/src/sl_device_init_lfxo_s1.o
 .debug_abbrev  0x00001a80      0x13e ./gecko_sdk_4.1.0/platform/service/device_init/src/sl_device_init_nvic.o
 .debug_abbrev  0x00001bbe       0x33 ./gecko_sdk_4.1.0/platform/service/system/src/sl_system_init.o
 .debug_abbrev  0x00001bf1       0x33 ./gecko_sdk_4.1.0/platform/service/system/src/sl_system_process_action.o
 .debug_abbrev  0x00001c24       0x7a ./gecko_sdk_4.1.0/platform/service/udelay/src/sl_udelay.o
 .debug_abbrev  0x00001c9e       0x14 ./gecko_sdk_4.1.0/platform/service/udelay/src/sl_udelay_armv6m_gcc.o

.debug_loc      0x00000000     0x2302
 .debug_loc     0x00000000      0x258 ./app.o
 .debug_loc     0x00000258       0x20 ./main.o
 .debug_loc     0x00000278       0x20 ./autogen/sl_device_init_clocks.o
 .debug_loc     0x00000298       0x58 ./autogen/sl_event_handler.o
 .debug_loc     0x000002f0       0x2c ./gecko_sdk_4.1.0/platform/Device/SiliconLabs/EFR32MG12P/Source/startup_efr32mg12p.o
 .debug_loc     0x0000031c       0xd4 ./gecko_sdk_4.1.0/platform/Device/SiliconLabs/EFR32MG12P/Source/system_efr32mg12p.o
 .debug_loc     0x000003f0       0x20 ./gecko_sdk_4.1.0/platform/common/src/sl_assert.o
 .debug_loc     0x00000410       0x84 ./gecko_sdk_4.1.0/platform/common/toolchain/src/sl_memory.o
 .debug_loc     0x00000494      0xa18 ./gecko_sdk_4.1.0/platform/emlib/src/em_cmu.o
 .debug_loc     0x00000eac      0x490 ./gecko_sdk_4.1.0/platform/emlib/src/em_core.o
 .debug_loc     0x0000133c      0x911 ./gecko_sdk_4.1.0/platform/emlib/src/em_emu.o
 .debug_loc     0x00001c4d      0x318 ./gecko_sdk_4.1.0/platform/emlib/src/em_gpio.o
 .debug_loc     0x00001f65      0x1e0 ./gecko_sdk_4.1.0/platform/emlib/src/em_timer.o
 .debug_loc     0x00002145       0x38 ./gecko_sdk_4.1.0/platform/service/device_init/src/sl_device_init_dcdc_s1.o
 .debug_loc     0x0000217d       0x38 ./gecko_sdk_4.1.0/platform/service/device_init/src/sl_device_init_emu_s1.o
 .debug_loc     0x000021b5       0x39 ./gecko_sdk_4.1.0/platform/service/device_init/src/sl_device_init_hfxo_s1.o
 .debug_loc     0x000021ee       0x38 ./gecko_sdk_4.1.0/platform/service/device_init/src/sl_device_init_lfxo_s1.o
 .debug_loc     0x00002226       0x64 ./gecko_sdk_4.1.0/platform/service/device_init/src/sl_device_init_nvic.o
 .debug_loc     0x0000228a       0x20 ./gecko_sdk_4.1.0/platform/service/system/src/sl_system_init.o
 .debug_loc     0x000022aa       0x20 ./gecko_sdk_4.1.0/platform/service/system/src/sl_system_process_action.o
 .debug_loc     0x000022ca       0x38 ./gecko_sdk_4.1.0/platform/service/udelay/src/sl_udelay.o

.debug_aranges  0x00000000      0x918
 .debug_aranges
                0x00000000       0x80 ./app.o
 .debug_aranges
                0x00000080       0x20 ./main.o
 .debug_aranges
                0x000000a0       0x20 ./autogen/sl_device_init_clocks.o
 .debug_aranges
                0x000000c0       0x70 ./autogen/sl_event_handler.o
 .debug_aranges
                0x00000130       0x28 ./gecko_sdk_4.1.0/platform/Device/SiliconLabs/EFR32MG12P/Source/startup_efr32mg12p.o
 .debug_aranges
                0x00000158       0x68 ./gecko_sdk_4.1.0/platform/Device/SiliconLabs/EFR32MG12P/Source/system_efr32mg12p.o
 .debug_aranges
                0x000001c0       0x20 ./gecko_sdk_4.1.0/platform/common/src/sl_assert.o
 .debug_aranges
                0x000001e0       0x30 ./gecko_sdk_4.1.0/platform/common/toolchain/src/sl_memory.o
 .debug_aranges
                0x00000210      0x200 ./gecko_sdk_4.1.0/platform/emlib/src/em_cmu.o
 .debug_aranges
                0x00000410       0xe8 ./gecko_sdk_4.1.0/platform/emlib/src/em_core.o
 .debug_aranges
                0x000004f8      0x208 ./gecko_sdk_4.1.0/platform/emlib/src/em_emu.o
 .debug_aranges
                0x00000700       0x90 ./gecko_sdk_4.1.0/platform/emlib/src/em_gpio.o
 .debug_aranges
                0x00000790       0x60 ./gecko_sdk_4.1.0/platform/emlib/src/em_timer.o
 .debug_aranges
                0x000007f0       0x20 ./gecko_sdk_4.1.0/platform/service/device_init/src/sl_device_init_dcdc_s1.o
 .debug_aranges
                0x00000810       0x20 ./gecko_sdk_4.1.0/platform/service/device_init/src/sl_device_init_emu_s1.o
 .debug_aranges
                0x00000830       0x20 ./gecko_sdk_4.1.0/platform/service/device_init/src/sl_device_init_hfxo_s1.o
 .debug_aranges
                0x00000850       0x20 ./gecko_sdk_4.1.0/platform/service/device_init/src/sl_device_init_lfxo_s1.o
 .debug_aranges
                0x00000870       0x28 ./gecko_sdk_4.1.0/platform/service/device_init/src/sl_device_init_nvic.o
 .debug_aranges
                0x00000898       0x20 ./gecko_sdk_4.1.0/platform/service/system/src/sl_system_init.o
 .debug_aranges
                0x000008b8       0x20 ./gecko_sdk_4.1.0/platform/service/system/src/sl_system_process_action.o
 .debug_aranges
                0x000008d8       0x20 ./gecko_sdk_4.1.0/platform/service/udelay/src/sl_udelay.o
 .debug_aranges
                0x000008f8       0x20 ./gecko_sdk_4.1.0/platform/service/udelay/src/sl_udelay_armv6m_gcc.o

.debug_ranges   0x00000000      0x7a8
 .debug_ranges  0x00000000       0x70 ./app.o
 .debug_ranges  0x00000070       0x10 ./main.o
 .debug_ranges  0x00000080       0x10 ./autogen/sl_device_init_clocks.o
 .debug_ranges  0x00000090       0x60 ./autogen/sl_event_handler.o
 .debug_ranges  0x000000f0       0x18 ./gecko_sdk_4.1.0/platform/Device/SiliconLabs/EFR32MG12P/Source/startup_efr32mg12p.o
 .debug_ranges  0x00000108       0x58 ./gecko_sdk_4.1.0/platform/Device/SiliconLabs/EFR32MG12P/Source/system_efr32mg12p.o
 .debug_ranges  0x00000160       0x10 ./gecko_sdk_4.1.0/platform/common/src/sl_assert.o
 .debug_ranges  0x00000170       0x20 ./gecko_sdk_4.1.0/platform/common/toolchain/src/sl_memory.o
 .debug_ranges  0x00000190      0x1f0 ./gecko_sdk_4.1.0/platform/emlib/src/em_cmu.o
 .debug_ranges  0x00000380       0xd8 ./gecko_sdk_4.1.0/platform/emlib/src/em_core.o
 .debug_ranges  0x00000458      0x1f8 ./gecko_sdk_4.1.0/platform/emlib/src/em_emu.o
 .debug_ranges  0x00000650       0x80 ./gecko_sdk_4.1.0/platform/emlib/src/em_gpio.o
 .debug_ranges  0x000006d0       0x50 ./gecko_sdk_4.1.0/platform/emlib/src/em_timer.o
 .debug_ranges  0x00000720       0x10 ./gecko_sdk_4.1.0/platform/service/device_init/src/sl_device_init_dcdc_s1.o
 .debug_ranges  0x00000730       0x10 ./gecko_sdk_4.1.0/platform/service/device_init/src/sl_device_init_emu_s1.o
 .debug_ranges  0x00000740       0x10 ./gecko_sdk_4.1.0/platform/service/device_init/src/sl_device_init_hfxo_s1.o
 .debug_ranges  0x00000750       0x10 ./gecko_sdk_4.1.0/platform/service/device_init/src/sl_device_init_lfxo_s1.o
 .debug_ranges  0x00000760       0x18 ./gecko_sdk_4.1.0/platform/service/device_init/src/sl_device_init_nvic.o
 .debug_ranges  0x00000778       0x10 ./gecko_sdk_4.1.0/platform/service/system/src/sl_system_init.o
 .debug_ranges  0x00000788       0x10 ./gecko_sdk_4.1.0/platform/service/system/src/sl_system_process_action.o
 .debug_ranges  0x00000798       0x10 ./gecko_sdk_4.1.0/platform/service/udelay/src/sl_udelay.o

.debug_macro    0x00000000    0x34c01
 .debug_macro   0x00000000      0x32b ./app.o
 .debug_macro   0x0000032b      0xa72 ./app.o
 .debug_macro   0x00000d9d       0x10 ./app.o
 .debug_macro   0x00000dad       0x22 ./app.o
 .debug_macro   0x00000dcf      0x4d2 ./app.o
 .debug_macro   0x000012a1       0x22 ./app.o
 .debug_macro   0x000012c3       0x56 ./app.o
 .debug_macro   0x00001319       0x51 ./app.o
 .debug_macro   0x0000136a      0x103 ./app.o
 .debug_macro   0x0000146d       0x6a ./app.o
 .debug_macro   0x000014d7      0x1df ./app.o
 .debug_macro   0x000016b6       0x1c ./app.o
 .debug_macro   0x000016d2       0x22 ./app.o
 .debug_macro   0x000016f4       0xfb ./app.o
 .debug_macro   0x000017ef     0x1011 ./app.o
 .debug_macro   0x00002800      0x11f ./app.o
 .debug_macro   0x0000291f      0xe1c ./app.o
 .debug_macro   0x0000373b     0x2275 ./app.o
 .debug_macro   0x000059b0      0x329 ./app.o
 .debug_macro   0x00005cd9     0x3119 ./app.o
 .debug_macro   0x00008df2     0x1bba ./app.o
 .debug_macro   0x0000a9ac     0x2674 ./app.o
 .debug_macro   0x0000d020     0x1b19 ./app.o
 .debug_macro   0x0000eb39      0xe2b ./app.o
 .debug_macro   0x0000f964      0x344 ./app.o
 .debug_macro   0x0000fca8      0x29d ./app.o
 .debug_macro   0x0000ff45     0x2763 ./app.o
 .debug_macro   0x000126a8     0x31cc ./app.o
 .debug_macro   0x00015874     0x136b ./app.o
 .debug_macro   0x00016bdf      0xde2 ./app.o
 .debug_macro   0x000179c1      0x249 ./app.o
 .debug_macro   0x00017c0a     0x1042 ./app.o
 .debug_macro   0x00018c4c     0x1605 ./app.o
 .debug_macro   0x0001a251     0x3cb7 ./app.o
 .debug_macro   0x0001df08     0x23fc ./app.o
 .debug_macro   0x00020304      0x70c ./app.o
 .debug_macro   0x00020a10     0x26ef ./app.o
 .debug_macro   0x000230ff     0x1700 ./app.o
 .debug_macro   0x000247ff     0x2efb ./app.o
 .debug_macro   0x000276fa      0xfaf ./app.o
 .debug_macro   0x000286a9      0x6c3 ./app.o
 .debug_macro   0x00028d6c     0x1021 ./app.o
 .debug_macro   0x00029d8d      0x888 ./app.o
 .debug_macro   0x0002a615      0x4ff ./app.o
 .debug_macro   0x0002ab14     0x1dee ./app.o
 .debug_macro   0x0002c902       0x40 ./app.o
 .debug_macro   0x0002c942      0x2ce ./app.o
 .debug_macro   0x0002cc10      0x381 ./app.o
 .debug_macro   0x0002cf91      0x190 ./app.o
 .debug_macro   0x0002d121     0x27bf ./app.o
 .debug_macro   0x0002f8e0      0x303 ./app.o
 .debug_macro   0x0002fbe3      0x303 ./app.o
 .debug_macro   0x0002fee6       0x10 ./app.o
 .debug_macro   0x0002fef6       0x8d ./app.o
 .debug_macro   0x0002ff83       0x16 ./app.o
 .debug_macro   0x0002ff99       0x10 ./app.o
 .debug_macro   0x0002ffa9       0xf6 ./app.o
 .debug_macro   0x0003009f       0x16 ./app.o
 .debug_macro   0x000300b5       0xe4 ./app.o
 .debug_macro   0x00030199      0x35a ./app.o
 .debug_macro   0x000304f3       0x93 ./app.o
 .debug_macro   0x00030586       0x16 ./app.o
 .debug_macro   0x0003059c       0x85 ./app.o
 .debug_macro   0x00030621       0x41 ./main.o
 .debug_macro   0x00030662      0x301 ./autogen/sl_device_init_clocks.o
 .debug_macro   0x00030963      0x72f ./autogen/sl_device_init_clocks.o
 .debug_macro   0x00031092      0x332 ./autogen/sl_event_handler.o
 .debug_macro   0x000313c4      0x735 ./autogen/sl_event_handler.o
 .debug_macro   0x00031af9      0x276 ./gecko_sdk_4.1.0/platform/Device/SiliconLabs/EFR32MG12P/Source/startup_efr32mg12p.o
 .debug_macro   0x00031d6f      0x28b ./gecko_sdk_4.1.0/platform/Device/SiliconLabs/EFR32MG12P/Source/system_efr32mg12p.o
 .debug_macro   0x00031ffa       0x2c ./gecko_sdk_4.1.0/platform/common/src/sl_assert.o
 .debug_macro   0x00032026       0x92 ./gecko_sdk_4.1.0/platform/common/toolchain/src/sl_memory.o
 .debug_macro   0x000320b8      0x16d ./gecko_sdk_4.1.0/platform/common/toolchain/src/sl_memory.o
 .debug_macro   0x00032225       0x16 ./gecko_sdk_4.1.0/platform/common/toolchain/src/sl_memory.o
 .debug_macro   0x0003223b      0x419 ./gecko_sdk_4.1.0/platform/emlib/src/em_cmu.o
 .debug_macro   0x00032654       0x64 ./gecko_sdk_4.1.0/platform/emlib/src/em_cmu.o
 .debug_macro   0x000326b8      0x35d ./gecko_sdk_4.1.0/platform/emlib/src/em_cmu.o
 .debug_macro   0x00032a15       0x7c ./gecko_sdk_4.1.0/platform/emlib/src/em_cmu.o
 .debug_macro   0x00032a91       0x17 ./gecko_sdk_4.1.0/platform/emlib/src/em_cmu.o
 .debug_macro   0x00032aa8       0xee ./gecko_sdk_4.1.0/platform/emlib/src/em_cmu.o
 .debug_macro   0x00032b96       0x34 ./gecko_sdk_4.1.0/platform/emlib/src/em_cmu.o
 .debug_macro   0x00032bca       0x34 ./gecko_sdk_4.1.0/platform/emlib/src/em_cmu.o
 .debug_macro   0x00032bfe      0x2bb ./gecko_sdk_4.1.0/platform/emlib/src/em_core.o
 .debug_macro   0x00032eb9      0x40c ./gecko_sdk_4.1.0/platform/emlib/src/em_emu.o
 .debug_macro   0x000332c5       0x5e ./gecko_sdk_4.1.0/platform/emlib/src/em_emu.o
 .debug_macro   0x00033323       0x5c ./gecko_sdk_4.1.0/platform/emlib/src/em_emu.o
 .debug_macro   0x0003337f       0x8d ./gecko_sdk_4.1.0/platform/emlib/src/em_emu.o
 .debug_macro   0x0003340c      0x2db ./gecko_sdk_4.1.0/platform/emlib/src/em_gpio.o
 .debug_macro   0x000336e7      0x288 ./gecko_sdk_4.1.0/platform/emlib/src/em_timer.o
 .debug_macro   0x0003396f       0x7f ./gecko_sdk_4.1.0/platform/emlib/src/em_timer.o
 .debug_macro   0x000339ee      0x2e8 ./gecko_sdk_4.1.0/platform/service/device_init/src/sl_device_init_dcdc_s1.o
 .debug_macro   0x00033cd6       0x22 ./gecko_sdk_4.1.0/platform/service/device_init/src/sl_device_init_dcdc_s1.o
 .debug_macro   0x00033cf8      0x2ee ./gecko_sdk_4.1.0/platform/service/device_init/src/sl_device_init_emu_s1.o
 .debug_macro   0x00033fe6       0x28 ./gecko_sdk_4.1.0/platform/service/device_init/src/sl_device_init_emu_s1.o
 .debug_macro   0x0003400e      0x316 ./gecko_sdk_4.1.0/platform/service/device_init/src/sl_device_init_hfxo_s1.o
 .debug_macro   0x00034324       0x28 ./gecko_sdk_4.1.0/platform/service/device_init/src/sl_device_init_hfxo_s1.o
 .debug_macro   0x0003434c      0x30a ./gecko_sdk_4.1.0/platform/service/device_init/src/sl_device_init_lfxo_s1.o
 .debug_macro   0x00034656       0x22 ./gecko_sdk_4.1.0/platform/service/device_init/src/sl_device_init_lfxo_s1.o
 .debug_macro   0x00034678      0x2b8 ./gecko_sdk_4.1.0/platform/service/device_init/src/sl_device_init_nvic.o
 .debug_macro   0x00034930       0x24 ./gecko_sdk_4.1.0/platform/service/system/src/sl_system_init.o
 .debug_macro   0x00034954       0x24 ./gecko_sdk_4.1.0/platform/service/system/src/sl_system_process_action.o
 .debug_macro   0x00034978      0x289 ./gecko_sdk_4.1.0/platform/service/udelay/src/sl_udelay.o

.debug_line     0x00000000     0xf14f
 .debug_line    0x00000000      0xc61 ./app.o
 .debug_line    0x00000c61      0x1ab ./main.o
 .debug_line    0x00000e0c      0xa91 ./autogen/sl_device_init_clocks.o
 .debug_line    0x0000189d      0xc2d ./autogen/sl_event_handler.o
 .debug_line    0x000024ca      0x908 ./gecko_sdk_4.1.0/platform/Device/SiliconLabs/EFR32MG12P/Source/startup_efr32mg12p.o
 .debug_line    0x00002dd2      0x9ce ./gecko_sdk_4.1.0/platform/Device/SiliconLabs/EFR32MG12P/Source/system_efr32mg12p.o
 .debug_line    0x000037a0      0x1cc ./gecko_sdk_4.1.0/platform/common/src/sl_assert.o
 .debug_line    0x0000396c      0x3ee ./gecko_sdk_4.1.0/platform/common/toolchain/src/sl_memory.o
 .debug_line    0x00003d5a     0x21c6 ./gecko_sdk_4.1.0/platform/emlib/src/em_cmu.o
 .debug_line    0x00005f20      0xfdd ./gecko_sdk_4.1.0/platform/emlib/src/em_core.o
 .debug_line    0x00006efd     0x20c2 ./gecko_sdk_4.1.0/platform/emlib/src/em_emu.o
 .debug_line    0x00008fbf     0x102d ./gecko_sdk_4.1.0/platform/emlib/src/em_gpio.o
 .debug_line    0x00009fec      0xe53 ./gecko_sdk_4.1.0/platform/emlib/src/em_timer.o
 .debug_line    0x0000ae3f      0xacc ./gecko_sdk_4.1.0/platform/service/device_init/src/sl_device_init_dcdc_s1.o
 .debug_line    0x0000b90b      0xad9 ./gecko_sdk_4.1.0/platform/service/device_init/src/sl_device_init_emu_s1.o
 .debug_line    0x0000c3e4      0xb32 ./gecko_sdk_4.1.0/platform/service/device_init/src/sl_device_init_hfxo_s1.o
 .debug_line    0x0000cf16      0xb03 ./gecko_sdk_4.1.0/platform/service/device_init/src/sl_device_init_lfxo_s1.o
 .debug_line    0x0000da19      0xa76 ./gecko_sdk_4.1.0/platform/service/device_init/src/sl_device_init_nvic.o
 .debug_line    0x0000e48f      0x163 ./gecko_sdk_4.1.0/platform/service/system/src/sl_system_init.o
 .debug_line    0x0000e5f2      0x16c ./gecko_sdk_4.1.0/platform/service/system/src/sl_system_process_action.o
 .debug_line    0x0000e75e      0x958 ./gecko_sdk_4.1.0/platform/service/udelay/src/sl_udelay.o
 .debug_line    0x0000f0b6       0x99 ./gecko_sdk_4.1.0/platform/service/udelay/src/sl_udelay_armv6m_gcc.o

.debug_str      0x00000000   0x15cc06
 .debug_str     0x00000000   0x152dc7 ./app.o
                             0x153d0d (size before relaxing)
 .debug_str     0x00152dc7       0x44 ./main.o
                               0x2dd9 (size before relaxing)
 .debug_str     0x00152e0b     0x3d9d ./autogen/sl_device_init_clocks.o
                             0x1564c3 (size before relaxing)
 .debug_str     0x00156ba8      0x731 ./autogen/sl_event_handler.o
                             0x155b3d (size before relaxing)
 .debug_str     0x001572d9      0x164 ./gecko_sdk_4.1.0/platform/Device/SiliconLabs/EFR32MG12P/Source/startup_efr32mg12p.o
                             0x1503bb (size before relaxing)
 .debug_str     0x0015743d      0x28d ./gecko_sdk_4.1.0/platform/Device/SiliconLabs/EFR32MG12P/Source/system_efr32mg12p.o
                             0x15078d (size before relaxing)
 .debug_str     0x001576ca       0x63 ./gecko_sdk_4.1.0/platform/common/src/sl_assert.o
                               0x2e32 (size before relaxing)
 .debug_str     0x0015772d      0x3db ./gecko_sdk_4.1.0/platform/common/toolchain/src/sl_memory.o
                               0x4022 (size before relaxing)
 .debug_str     0x00157b08     0x2e2d ./gecko_sdk_4.1.0/platform/emlib/src/em_cmu.o
                             0x15650e (size before relaxing)
 .debug_str     0x0015a935      0x38d ./gecko_sdk_4.1.0/platform/emlib/src/em_core.o
                             0x1515e0 (size before relaxing)
 .debug_str     0x0015acc2     0x1125 ./gecko_sdk_4.1.0/platform/emlib/src/em_emu.o
                             0x156752 (size before relaxing)
 .debug_str     0x0015bde7      0x335 ./gecko_sdk_4.1.0/platform/emlib/src/em_gpio.o
                             0x151dc0 (size before relaxing)
 .debug_str     0x0015c11c      0x27d ./gecko_sdk_4.1.0/platform/emlib/src/em_timer.o
                             0x150e0c (size before relaxing)
 .debug_str     0x0015c399      0x142 ./gecko_sdk_4.1.0/platform/service/device_init/src/sl_device_init_dcdc_s1.o
                             0x155235 (size before relaxing)
 .debug_str     0x0015c4db      0x1b9 ./gecko_sdk_4.1.0/platform/service/device_init/src/sl_device_init_emu_s1.o
                             0x1551c6 (size before relaxing)
 .debug_str     0x0015c694      0x1a2 ./gecko_sdk_4.1.0/platform/service/device_init/src/sl_device_init_hfxo_s1.o
                             0x1567af (size before relaxing)
 .debug_str     0x0015c836      0x144 ./gecko_sdk_4.1.0/platform/service/device_init/src/sl_device_init_lfxo_s1.o
                             0x1562b1 (size before relaxing)
 .debug_str     0x0015c97a       0x88 ./gecko_sdk_4.1.0/platform/service/device_init/src/sl_device_init_nvic.o
                             0x154efe (size before relaxing)
 .debug_str     0x0015ca02       0x70 ./gecko_sdk_4.1.0/platform/service/system/src/sl_system_init.o
                               0x2db0 (size before relaxing)
 .debug_str     0x0015ca72       0x84 ./gecko_sdk_4.1.0/platform/service/system/src/sl_system_process_action.o
                               0x2dc4 (size before relaxing)
 .debug_str     0x0015caf6       0x9b ./gecko_sdk_4.1.0/platform/service/udelay/src/sl_udelay.o
                             0x150325 (size before relaxing)
 .debug_str     0x0015cb91       0x75 ./gecko_sdk_4.1.0/platform/service/udelay/src/sl_udelay_armv6m_gcc.o
                                 0xcd (size before relaxing)

.debug_frame    0x00000000     0x1760
 .debug_frame   0x00000000      0x15c ./app.o
 .debug_frame   0x0000015c       0x28 ./main.o
 .debug_frame   0x00000184       0x28 ./autogen/sl_device_init_clocks.o
 .debug_frame   0x000001ac       0xd4 ./autogen/sl_event_handler.o
 .debug_frame   0x00000280       0x38 ./gecko_sdk_4.1.0/platform/Device/SiliconLabs/EFR32MG12P/Source/startup_efr32mg12p.o
 .debug_frame   0x000002b8       0xdc ./gecko_sdk_4.1.0/platform/Device/SiliconLabs/EFR32MG12P/Source/system_efr32mg12p.o
 .debug_frame   0x00000394       0x24 ./gecko_sdk_4.1.0/platform/common/src/sl_assert.o
 .debug_frame   0x000003b8       0x58 ./gecko_sdk_4.1.0/platform/common/toolchain/src/sl_memory.o
 .debug_frame   0x00000410      0x618 ./gecko_sdk_4.1.0/platform/emlib/src/em_cmu.o
 .debug_frame   0x00000a28      0x29c ./gecko_sdk_4.1.0/platform/emlib/src/em_core.o
 .debug_frame   0x00000cc4      0x5e8 ./gecko_sdk_4.1.0/platform/emlib/src/em_emu.o
 .debug_frame   0x000012ac      0x1a4 ./gecko_sdk_4.1.0/platform/emlib/src/em_gpio.o
 .debug_frame   0x00001450      0x104 ./gecko_sdk_4.1.0/platform/emlib/src/em_timer.o
 .debug_frame   0x00001554       0x30 ./gecko_sdk_4.1.0/platform/service/device_init/src/sl_device_init_dcdc_s1.o
 .debug_frame   0x00001584       0x2c ./gecko_sdk_4.1.0/platform/service/device_init/src/sl_device_init_emu_s1.o
 .debug_frame   0x000015b0       0x30 ./gecko_sdk_4.1.0/platform/service/device_init/src/sl_device_init_hfxo_s1.o
 .debug_frame   0x000015e0       0x2c ./gecko_sdk_4.1.0/platform/service/device_init/src/sl_device_init_lfxo_s1.o
 .debug_frame   0x0000160c       0x44 ./gecko_sdk_4.1.0/platform/service/device_init/src/sl_device_init_nvic.o
 .debug_frame   0x00001650       0x28 ./gecko_sdk_4.1.0/platform/service/system/src/sl_system_init.o
 .debug_frame   0x00001678       0x28 ./gecko_sdk_4.1.0/platform/service/system/src/sl_system_process_action.o
 .debug_frame   0x000016a0       0x2c ./gecko_sdk_4.1.0/platform/service/udelay/src/sl_udelay.o
 .debug_frame   0x000016cc       0x28 c:/siliconlabs/simplicitystudio/v5/developer/toolchains/gnu_arm/10.3_2021.10/bin/../lib/gcc/arm-none-eabi/10.3.1/../../../../arm-none-eabi/lib/thumb/v7e-m+fp/softfp\libc_nano.a(lib_a-exit.o)
 .debug_frame   0x000016f4       0x2c c:/siliconlabs/simplicitystudio/v5/developer/toolchains/gnu_arm/10.3_2021.10/bin/../lib/gcc/arm-none-eabi/10.3.1/../../../../arm-none-eabi/lib/thumb/v7e-m+fp/softfp\libc_nano.a(lib_a-init.o)
 .debug_frame   0x00001720       0x20 c:/siliconlabs/simplicitystudio/v5/developer/toolchains/gnu_arm/10.3_2021.10/bin/../lib/gcc/arm-none-eabi/10.3.1/../../../../arm-none-eabi/lib/thumb/v7e-m+fp/softfp\libc_nano.a(lib_a-memset.o)
 .debug_frame   0x00001740       0x20 c:/siliconlabs/simplicitystudio/v5/developer/toolchains/gnu_arm/10.3_2021.10/bin/../lib/gcc/arm-none-eabi/10.3.1/../../../../arm-none-eabi/lib/thumb/v7e-m+fp/softfp\libnosys.a(_exit.o)
