Archive member included to satisfy reference by file (symbol)

c:/siliconlabs/simplicitystudio/v5/developer/toolchains/gnu_arm/10.3_2021.10/bin/../lib/gcc/arm-none-eabi/10.3.1/thumb/v7e-m+fp/softfp\libgcc.a(_aeabi_ldivmod.o)
                              ./gecko_sdk_4.1.0/platform/emlib/src/em_usart.o (__aeabi_ldivmod)
c:/siliconlabs/simplicitystudio/v5/developer/toolchains/gnu_arm/10.3_2021.10/bin/../lib/gcc/arm-none-eabi/10.3.1/thumb/v7e-m+fp/softfp\libgcc.a(_aeabi_uldivmod.o)
                              ./gecko_sdk_4.1.0/platform/emlib/src/em_usart.o (__aeabi_uldivmod)
c:/siliconlabs/simplicitystudio/v5/developer/toolchains/gnu_arm/10.3_2021.10/bin/../lib/gcc/arm-none-eabi/10.3.1/thumb/v7e-m+fp/softfp\libgcc.a(_udivmoddi4.o)
                              c:/siliconlabs/simplicitystudio/v5/developer/toolchains/gnu_arm/10.3_2021.10/bin/../lib/gcc/arm-none-eabi/10.3.1/thumb/v7e-m+fp/softfp\libgcc.a(_aeabi_ldivmod.o) (__udivmoddi4)
c:/siliconlabs/simplicitystudio/v5/developer/toolchains/gnu_arm/10.3_2021.10/bin/../lib/gcc/arm-none-eabi/10.3.1/thumb/v7e-m+fp/softfp\libgcc.a(_dvmd_tls.o)
                              c:/siliconlabs/simplicitystudio/v5/developer/toolchains/gnu_arm/10.3_2021.10/bin/../lib/gcc/arm-none-eabi/10.3.1/thumb/v7e-m+fp/softfp\libgcc.a(_aeabi_ldivmod.o) (__aeabi_ldiv0)
c:/siliconlabs/simplicitystudio/v5/developer/toolchains/gnu_arm/10.3_2021.10/bin/../lib/gcc/arm-none-eabi/10.3.1/../../../../arm-none-eabi/lib/thumb/v7e-m+fp/softfp\libc_nano.a(lib_a-exit.o)
                              c:/siliconlabs/simplicitystudio/v5/developer/toolchains/gnu_arm/10.3_2021.10/bin/../lib/gcc/arm-none-eabi/10.3.1/../../../../arm-none-eabi/lib/thumb/v7e-m+fp/softfp/crt0.o (exit)
c:/siliconlabs/simplicitystudio/v5/developer/toolchains/gnu_arm/10.3_2021.10/bin/../lib/gcc/arm-none-eabi/10.3.1/../../../../arm-none-eabi/lib/thumb/v7e-m+fp/softfp\libc_nano.a(lib_a-impure.o)
                              c:/siliconlabs/simplicitystudio/v5/developer/toolchains/gnu_arm/10.3_2021.10/bin/../lib/gcc/arm-none-eabi/10.3.1/../../../../arm-none-eabi/lib/thumb/v7e-m+fp/softfp\libc_nano.a(lib_a-exit.o) (_global_impure_ptr)
c:/siliconlabs/simplicitystudio/v5/developer/toolchains/gnu_arm/10.3_2021.10/bin/../lib/gcc/arm-none-eabi/10.3.1/../../../../arm-none-eabi/lib/thumb/v7e-m+fp/softfp\libc_nano.a(lib_a-init.o)
                              c:/siliconlabs/simplicitystudio/v5/developer/toolchains/gnu_arm/10.3_2021.10/bin/../lib/gcc/arm-none-eabi/10.3.1/../../../../arm-none-eabi/lib/thumb/v7e-m+fp/softfp/crt0.o (__libc_init_array)
c:/siliconlabs/simplicitystudio/v5/developer/toolchains/gnu_arm/10.3_2021.10/bin/../lib/gcc/arm-none-eabi/10.3.1/../../../../arm-none-eabi/lib/thumb/v7e-m+fp/softfp\libc_nano.a(lib_a-memset.o)
                              c:/siliconlabs/simplicitystudio/v5/developer/toolchains/gnu_arm/10.3_2021.10/bin/../lib/gcc/arm-none-eabi/10.3.1/../../../../arm-none-eabi/lib/thumb/v7e-m+fp/softfp/crt0.o (memset)
c:/siliconlabs/simplicitystudio/v5/developer/toolchains/gnu_arm/10.3_2021.10/bin/../lib/gcc/arm-none-eabi/10.3.1/../../../../arm-none-eabi/lib/thumb/v7e-m+fp/softfp\libnosys.a(_exit.o)
                              c:/siliconlabs/simplicitystudio/v5/developer/toolchains/gnu_arm/10.3_2021.10/bin/../lib/gcc/arm-none-eabi/10.3.1/../../../../arm-none-eabi/lib/thumb/v7e-m+fp/softfp\libc_nano.a(lib_a-exit.o) (_exit)

Discarded input sections

 .text          0x00000000        0x0 c:/siliconlabs/simplicitystudio/v5/developer/toolchains/gnu_arm/10.3_2021.10/bin/../lib/gcc/arm-none-eabi/10.3.1/thumb/v7e-m+fp/softfp/crti.o
 .data          0x00000000        0x0 c:/siliconlabs/simplicitystudio/v5/developer/toolchains/gnu_arm/10.3_2021.10/bin/../lib/gcc/arm-none-eabi/10.3.1/thumb/v7e-m+fp/softfp/crti.o
 .bss           0x00000000        0x0 c:/siliconlabs/simplicitystudio/v5/developer/toolchains/gnu_arm/10.3_2021.10/bin/../lib/gcc/arm-none-eabi/10.3.1/thumb/v7e-m+fp/softfp/crti.o
 .data          0x00000000        0x4 c:/siliconlabs/simplicitystudio/v5/developer/toolchains/gnu_arm/10.3_2021.10/bin/../lib/gcc/arm-none-eabi/10.3.1/thumb/v7e-m+fp/softfp/crtbegin.o
 .rodata        0x00000000       0x24 c:/siliconlabs/simplicitystudio/v5/developer/toolchains/gnu_arm/10.3_2021.10/bin/../lib/gcc/arm-none-eabi/10.3.1/thumb/v7e-m+fp/softfp/crtbegin.o
 .data          0x00000000        0x0 c:/siliconlabs/simplicitystudio/v5/developer/toolchains/gnu_arm/10.3_2021.10/bin/../lib/gcc/arm-none-eabi/10.3.1/../../../../arm-none-eabi/lib/thumb/v7e-m+fp/softfp/crt0.o
 .bss           0x00000000        0x0 c:/siliconlabs/simplicitystudio/v5/developer/toolchains/gnu_arm/10.3_2021.10/bin/../lib/gcc/arm-none-eabi/10.3.1/../../../../arm-none-eabi/lib/thumb/v7e-m+fp/softfp/crt0.o
 .ARM.extab     0x00000000        0x0 c:/siliconlabs/simplicitystudio/v5/developer/toolchains/gnu_arm/10.3_2021.10/bin/../lib/gcc/arm-none-eabi/10.3.1/../../../../arm-none-eabi/lib/thumb/v7e-m+fp/softfp/crt0.o
 .group         0x00000000        0xc ./app.o
[...]
Memory Configuration

Name             Origin             Length             Attributes
FLASH            0x00000000         0x00100000         xr
RAM              0x20000000         0x00040000         xrw
*default*        0x00000000         0xffffffff

Linker script and memory map

LOAD c:/siliconlabs/simplicitystudio/v5/developer/toolchains/gnu_arm/10.3_2021.10/bin/../lib/gcc/arm-none-eabi/10.3.1/thumb/v7e-m+fp/softfp/crti.o
LOAD c:/siliconlabs/simplicitystudio/v5/developer/toolchains/gnu_arm/10.3_2021.10/bin/../lib/gcc/arm-none-eabi/10.3.1/thumb/v7e-m+fp/softfp/crtbegin.o
LOAD c:/siliconlabs/simplicitystudio/v5/developer/toolchains/gnu_arm/10.3_2021.10/bin/../lib/gcc/arm-none-eabi/10.3.1/../../../../arm-none-eabi/lib/thumb/v7e-m+fp/softfp/crt0.o
START GROUP
LOAD ./app.o
LOAD ./main.o
LOAD ./autogen/sl_board_default_init.o
LOAD ./autogen/sl_device_init_clocks.o
LOAD ./autogen/sl_event_handler.o
LOAD ./autogen/sl_spidrv_init.o
LOAD ./gecko_sdk_4.1.0/hardware/board/src/sl_board_control_gpio.o
LOAD ./gecko_sdk_4.1.0/hardware/board/src/sl_board_init.o
LOAD ./gecko_sdk_4.1.0/hardware/driver/configuration_over_swo/src/sl_cos.o
LOAD ./gecko_sdk_4.1.0/hardware/driver/mx25_flash_shutdown/src/sl_mx25_flash_shutdown_usart/sl_mx25_flash_shutdown.o
LOAD ./gecko_sdk_4.1.0/platform/Device/SiliconLabs/EFR32MG12P/Source/startup_efr32mg12p.o
LOAD ./gecko_sdk_4.1.0/platform/Device/SiliconLabs/EFR32MG12P/Source/system_efr32mg12p.o
LOAD ./gecko_sdk_4.1.0/platform/common/src/sl_assert.o
LOAD ./gecko_sdk_4.1.0/platform/common/src/sl_slist.o
LOAD ./gecko_sdk_4.1.0/platform/common/toolchain/src/sl_memory.o
LOAD ./gecko_sdk_4.1.0/platform/driver/debug/src/sl_debug_swo.o
LOAD ./gecko_sdk_4.1.0/platform/emdrv/dmadrv/src/dmadrv.o
LOAD ./gecko_sdk_4.1.0/platform/emdrv/spidrv/src/spidrv.o
LOAD ./gecko_sdk_4.1.0/platform/emlib/src/em_cmu.o
LOAD ./gecko_sdk_4.1.0/platform/emlib/src/em_core.o
LOAD ./gecko_sdk_4.1.0/platform/emlib/src/em_emu.o
LOAD ./gecko_sdk_4.1.0/platform/emlib/src/em_gpio.o
LOAD ./gecko_sdk_4.1.0/platform/emlib/src/em_ldma.o
LOAD ./gecko_sdk_4.1.0/platform/emlib/src/em_msc.o
LOAD ./gecko_sdk_4.1.0/platform/emlib/src/em_rtcc.o
LOAD ./gecko_sdk_4.1.0/platform/emlib/src/em_system.o
LOAD ./gecko_sdk_4.1.0/platform/emlib/src/em_usart.o
LOAD ./gecko_sdk_4.1.0/platform/service/device_init/src/sl_device_init_dcdc_s1.o
LOAD ./gecko_sdk_4.1.0/platform/service/device_init/src/sl_device_init_emu_s1.o
LOAD ./gecko_sdk_4.1.0/platform/service/device_init/src/sl_device_init_hfxo_s1.o
LOAD ./gecko_sdk_4.1.0/platform/service/device_init/src/sl_device_init_lfxo_s1.o
LOAD ./gecko_sdk_4.1.0/platform/service/device_init/src/sl_device_init_nvic.o
LOAD ./gecko_sdk_4.1.0/platform/service/sleeptimer/src/sl_sleeptimer.o
LOAD ./gecko_sdk_4.1.0/platform/service/sleeptimer/src/sl_sleeptimer_hal_rtcc.o
LOAD ./gecko_sdk_4.1.0/platform/service/system/src/sl_system_init.o
LOAD ./gecko_sdk_4.1.0/platform/service/system/src/sl_system_process_action.o
LOAD ./gecko_sdk_4.1.0/platform/service/udelay/src/sl_udelay.o
LOAD ./gecko_sdk_4.1.0/platform/service/udelay/src/sl_udelay_armv6m_gcc.o
LOAD c:/siliconlabs/simplicitystudio/v5/developer/toolchains/gnu_arm/10.3_2021.10/bin/../lib/gcc/arm-none-eabi/10.3.1/thumb/v7e-m+fp/softfp\libgcc.a
LOAD c:/siliconlabs/simplicitystudio/v5/developer/toolchains/gnu_arm/10.3_2021.10/bin/../lib/gcc/arm-none-eabi/10.3.1/../../../../arm-none-eabi/lib/thumb/v7e-m+fp/softfp\libc_nano.a
LOAD c:/siliconlabs/simplicitystudio/v5/developer/toolchains/gnu_arm/10.3_2021.10/bin/../lib/gcc/arm-none-eabi/10.3.1/../../../../arm-none-eabi/lib/thumb/v7e-m+fp/softfp\libm.a
LOAD c:/siliconlabs/simplicitystudio/v5/developer/toolchains/gnu_arm/10.3_2021.10/bin/../lib/gcc/arm-none-eabi/10.3.1/../../../../arm-none-eabi/lib/thumb/v7e-m+fp/softfp\libnosys.a
END GROUP
START GROUP
LOAD c:/siliconlabs/simplicitystudio/v5/developer/toolchains/gnu_arm/10.3_2021.10/bin/../lib/gcc/arm-none-eabi/10.3.1/thumb/v7e-m+fp/softfp\libgcc.a
LOAD c:/siliconlabs/simplicitystudio/v5/developer/toolchains/gnu_arm/10.3_2021.10/bin/../lib/gcc/arm-none-eabi/10.3.1/../../../../arm-none-eabi/lib/thumb/v7e-m+fp/softfp\libc_nano.a
LOAD c:/siliconlabs/simplicitystudio/v5/developer/toolchains/gnu_arm/10.3_2021.10/bin/../lib/gcc/arm-none-eabi/10.3.1/../../../../arm-none-eabi/lib/thumb/v7e-m+fp/softfp\libnosys.a
END GROUP
START GROUP
LOAD c:/siliconlabs/simplicitystudio/v5/developer/toolchains/gnu_arm/10.3_2021.10/bin/../lib/gcc/arm-none-eabi/10.3.1/thumb/v7e-m+fp/softfp\libgcc.a
LOAD c:/siliconlabs/simplicitystudio/v5/developer/toolchains/gnu_arm/10.3_2021.10/bin/../lib/gcc/arm-none-eabi/10.3.1/../../../../arm-none-eabi/lib/thumb/v7e-m+fp/softfp\libg_nano.a
LOAD c:/siliconlabs/simplicitystudio/v5/developer/toolchains/gnu_arm/10.3_2021.10/bin/../lib/gcc/arm-none-eabi/10.3.1/../../../../arm-none-eabi/lib/thumb/v7e-m+fp/softfp\libc_nano.a
END GROUP
START GROUP
LOAD c:/siliconlabs/simplicitystudio/v5/developer/toolchains/gnu_arm/10.3_2021.10/bin/../lib/gcc/arm-none-eabi/10.3.1/thumb/v7e-m+fp/softfp\libgcc.a
LOAD c:/siliconlabs/simplicitystudio/v5/developer/toolchains/gnu_arm/10.3_2021.10/bin/../lib/gcc/arm-none-eabi/10.3.1/../../../../arm-none-eabi/lib/thumb/v7e-m+fp/softfp\libc_nano.a
END GROUP
LOAD c:/siliconlabs/simplicitystudio/v5/developer/toolchains/gnu_arm/10.3_2021.10/bin/../lib/gcc/arm-none-eabi/10.3.1/thumb/v7e-m+fp/softfp/crtend.o
LOAD c:/siliconlabs/simplicitystudio/v5/developer/toolchains/gnu_arm/10.3_2021.10/bin/../lib/gcc/arm-none-eabi/10.3.1/thumb/v7e-m+fp/softfp/crtn.o

.text           0x00000000     0x41f8
                0x00000000                linker_vectors_begin = .
 *(.vectors)
 .vectors       0x00000000      0x10c ./gecko_sdk_4.1.0/platform/Device/SiliconLabs/EFR32MG12P/Source/startup_efr32mg12p.o
                0x00000000                __Vectors
                0x0000010c                linker_vectors_end = .
                0x0000010c                __Vectors_End = .
                0x0000010c                __Vectors_Size = (__Vectors_End - __Vectors)
                0x0000010c                linker_code_begin = .
 *(.text*)
 .text          0x0000010c       0x40 c:/siliconlabs/simplicitystudio/v5/developer/toolchains/gnu_arm/10.3_2021.10/bin/../lib/gcc/arm-none-eabi/10.3.1/thumb/v7e-m+fp/softfp/crtbegin.o
 .text          0x0000014c       0x7c c:/siliconlabs/simplicitystudio/v5/developer/toolchains/gnu_arm/10.3_2021.10/bin/../lib/gcc/arm-none-eabi/10.3.1/../../../../arm-none-eabi/lib/thumb/v7e-m+fp/softfp/crt0.o
                0x0000014c                _stack_init
                0x00000154                _start
                0x00000154                _mainCRTStartup
 .text.app_init
                0x000001c8        0x2 ./app.o
                0x000001c8                app_init
 *fill*         0x000001ca        0x2 
 .text.app_process_action
                0x000001cc       0x5c ./app.o
                0x000001cc                app_process_action
 .text.startup.main
                0x00000228       0x14 ./main.o
                0x00000228                main
 .text.sl_board_default_init
                0x0000023c        0x4 ./autogen/sl_board_default_init.o
                0x0000023c                sl_board_default_init
 .text.sl_device_init_clocks
                0x00000240       0x40 ./autogen/sl_device_init_clocks.o
                0x00000240                sl_device_init_clocks
 .text.sl_platform_init
                0x00000280       0x9c ./autogen/sl_event_handler.o
                0x00000280                sl_platform_init
 .text.sl_driver_init
                0x0000031c       0x12 ./autogen/sl_event_handler.o
                0x0000031c                sl_driver_init
 .text.sl_service_init
                0x0000032e        0xe ./autogen/sl_event_handler.o
                0x0000032e                sl_service_init
 .text.sl_stack_init
                0x0000033c        0x2 ./autogen/sl_event_handler.o
                0x0000033c                sl_stack_init
 .text.sl_internal_app_init
                0x0000033e        0x2 ./autogen/sl_event_handler.o
                0x0000033e                sl_internal_app_init
 .text.sl_platform_process_action
                0x00000340        0x2 ./autogen/sl_event_handler.o
                0x00000340                sl_platform_process_action
 .text.sl_service_process_action
                0x00000342        0x2 ./autogen/sl_event_handler.o
                0x00000342                sl_service_process_action
 .text.sl_stack_process_action
                0x00000344        0x2 ./autogen/sl_event_handler.o
                0x00000344                sl_stack_process_action
 .text.sl_internal_app_process_action
                0x00000346        0x2 ./autogen/sl_event_handler.o
                0x00000346                sl_internal_app_process_action
 .text.sl_spidrv_init_instances
                0x00000348       0x2c ./autogen/sl_spidrv_init.o
                0x00000348                sl_spidrv_init_instances
 .text.sl_board_configure_vcom
                0x00000374        0x4 ./gecko_sdk_4.1.0/hardware/board/src/sl_board_control_gpio.o
                0x00000374                sl_board_configure_vcom
 .text.sl_board_disable_vcom
                0x00000378       0x12 ./gecko_sdk_4.1.0/hardware/board/src/sl_board_control_gpio.o
                0x00000378                sl_board_disable_vcom
 *fill*         0x0000038a        0x2 
 .text.sl_board_init
                0x0000038c       0x1c ./gecko_sdk_4.1.0/hardware/board/src/sl_board_init.o
                0x0000038c                sl_board_init
 .text.sl_board_preinit
                0x000003a8        0xc ./gecko_sdk_4.1.0/hardware/board/src/sl_board_init.o
                0x000003a8                sl_board_preinit
 .text.sl_cos_send_config
                0x000003b4        0x6 ./gecko_sdk_4.1.0/hardware/driver/configuration_over_swo/src/sl_cos.o
                0x000003b4                sl_cos_send_config
 *fill*         0x000003ba        0x2 
 .text.cs_high  0x000003bc        0xc ./gecko_sdk_4.1.0/hardware/driver/mx25_flash_shutdown/src/sl_mx25_flash_shutdown_usart/sl_mx25_flash_shutdown.o
 .text.cs_low   0x000003c8        0xc ./gecko_sdk_4.1.0/hardware/driver/mx25_flash_shutdown/src/sl_mx25_flash_shutdown_usart/sl_mx25_flash_shutdown.o
 .text.sl_mx25_flash_shutdown
                0x000003d4       0xfc ./gecko_sdk_4.1.0/hardware/driver/mx25_flash_shutdown/src/sl_mx25_flash_shutdown_usart/sl_mx25_flash_shutdown.o
                0x000003d4                sl_mx25_flash_shutdown
 .text.Default_Handler
                0x000004d0        0x2 ./gecko_sdk_4.1.0/platform/Device/SiliconLabs/EFR32MG12P/Source/startup_efr32mg12p.o
                0x000004d0                DebugMon_Handler
                0x000004d0                USART0_TX_IRQHandler
                0x000004d0                I2C0_IRQHandler
                0x000004d0                HardFault_Handler
                0x000004d0                SysTick_Handler
                0x000004d0                USART1_RX_IRQHandler
                0x000004d0                PendSV_Handler
                0x000004d0                NMI_Handler
                0x000004d0                SYNTH_IRQHandler
                0x000004d0                I2C1_IRQHandler
                0x000004d0                WTIMER0_IRQHandler
                0x000004d0                CRYPTO0_IRQHandler
                0x000004d0                WDOG0_IRQHandler
                0x000004d0                USART1_TX_IRQHandler
                0x000004d0                SMU_IRQHandler
                0x000004d0                MSC_IRQHandler
                0x000004d0                ADC0_IRQHandler
                0x000004d0                UsageFault_Handler
                0x000004d0                WDOG1_IRQHandler
                0x000004d0                LEUART0_IRQHandler
                0x000004d0                FPUEH_IRQHandler
                0x000004d0                WTIMER1_IRQHandler
                0x000004d0                GPIO_EVEN_IRQHandler
                0x000004d0                VDAC0_IRQHandler
                0x000004d0                CSEN_IRQHandler
                0x000004d0                CRYPTO1_IRQHandler
                0x000004d0                TIMER0_IRQHandler
                0x000004d0                PCNT2_IRQHandler
                0x000004d0                LETIMER0_IRQHandler
                0x000004d0                TIMER1_IRQHandler
                0x000004d0                TRNG0_IRQHandler
                0x000004d0                RFSENSE_IRQHandler
                0x000004d0                BUFC_IRQHandler
                0x000004d0                MODEM_IRQHandler
                0x000004d0                USART2_RX_IRQHandler
                0x000004d0                Default_Handler
                0x000004d0                RAC_SEQ_IRQHandler
                0x000004d0                FRC_PRI_IRQHandler
                0x000004d0                EMU_IRQHandler
                0x000004d0                FRC_IRQHandler
                0x000004d0                CRYOTIMER_IRQHandler
                0x000004d0                PCNT0_IRQHandler
                0x000004d0                AGC_IRQHandler
                0x000004d0                sl_app_properties
                0x000004d0                PCNT1_IRQHandler
                0x000004d0                ACMP0_IRQHandler
                0x000004d0                USART0_RX_IRQHandler
                0x000004d0                MemManage_Handler
                0x000004d0                SVC_Handler
                0x000004d0                USART3_RX_IRQHandler
                0x000004d0                CMU_IRQHandler
                0x000004d0                RAC_RSM_IRQHandler
                0x000004d0                GPIO_ODD_IRQHandler
                0x000004d0                LESENSE_IRQHandler
                0x000004d0                USART3_TX_IRQHandler
                0x000004d0                PROTIMER_IRQHandler
                0x000004d0                BusFault_Handler
                0x000004d0                USART2_TX_IRQHandler
                0x000004d0                IDAC0_IRQHandler
 *fill*         0x000004d2        0x2 
 .text.Reset_Handler
                0x000004d4       0x60 ./gecko_sdk_4.1.0/platform/Device/SiliconLabs/EFR32MG12P/Source/startup_efr32mg12p.o
                0x000004d4                Reset_Handler
 .text.SystemMaxCoreClockGet
                0x00000534        0x8 ./gecko_sdk_4.1.0/platform/Device/SiliconLabs/EFR32MG12P/Source/system_efr32mg12p.o
                0x00000534                SystemMaxCoreClockGet
 .text.SystemHFClockGet
                0x0000053c       0x54 ./gecko_sdk_4.1.0/platform/Device/SiliconLabs/EFR32MG12P/Source/system_efr32mg12p.o
                0x0000053c                SystemHFClockGet
 .text.SystemCoreClockGet
                0x00000590       0x24 ./gecko_sdk_4.1.0/platform/Device/SiliconLabs/EFR32MG12P/Source/system_efr32mg12p.o
                0x00000590                SystemCoreClockGet
 .text.SystemHFXOClockGet
                0x000005b4        0xc ./gecko_sdk_4.1.0/platform/Device/SiliconLabs/EFR32MG12P/Source/system_efr32mg12p.o
                0x000005b4                SystemHFXOClockGet
 .text.SystemHFXOClockSet
                0x000005c0       0x20 ./gecko_sdk_4.1.0/platform/Device/SiliconLabs/EFR32MG12P/Source/system_efr32mg12p.o
                0x000005c0                SystemHFXOClockSet
 .text.SystemInit
                0x000005e0       0x1c ./gecko_sdk_4.1.0/platform/Device/SiliconLabs/EFR32MG12P/Source/system_efr32mg12p.o
                0x000005e0                SystemInit
 .text.SystemLFRCOClockGet
                0x000005fc        0x6 ./gecko_sdk_4.1.0/platform/Device/SiliconLabs/EFR32MG12P/Source/system_efr32mg12p.o
                0x000005fc                SystemLFRCOClockGet
 .text.SystemULFRCOClockGet
                0x00000602        0x6 ./gecko_sdk_4.1.0/platform/Device/SiliconLabs/EFR32MG12P/Source/system_efr32mg12p.o
                0x00000602                SystemULFRCOClockGet
 .text.SystemLFXOClockGet
                0x00000608        0xc ./gecko_sdk_4.1.0/platform/Device/SiliconLabs/EFR32MG12P/Source/system_efr32mg12p.o
                0x00000608                SystemLFXOClockGet
 .text.assertEFM
                0x00000614        0x2 ./gecko_sdk_4.1.0/platform/common/src/sl_assert.o
                0x00000614                assertEFM
 *fill*         0x00000616        0x2 
 .text.sl_debug_swo_init
                0x00000618       0xb0 ./gecko_sdk_4.1.0/platform/driver/debug/src/sl_debug_swo.o
                0x00000618                sl_debug_swo_init
 .text.sl_debug_swo_enable_itm
                0x000006c8       0x18 ./gecko_sdk_4.1.0/platform/driver/debug/src/sl_debug_swo.o
                0x000006c8                sl_debug_swo_enable_itm
 .text.DMADRV_AllocateChannel
                0x000006e0       0x60 ./gecko_sdk_4.1.0/platform/emdrv/dmadrv/src/dmadrv.o
                0x000006e0                DMADRV_AllocateChannel
 .text.DMADRV_Init
                0x00000740       0x6c ./gecko_sdk_4.1.0/platform/emdrv/dmadrv/src/dmadrv.o
                0x00000740                DMADRV_Init
 .text.LDMA_IRQHandler
                0x000007ac       0x74 ./gecko_sdk_4.1.0/platform/emdrv/dmadrv/src/dmadrv.o
                0x000007ac                LDMA_IRQHandler
 .text.GetSpiPins
                0x00000820     0x1054 ./gecko_sdk_4.1.0/platform/emdrv/spidrv/src/spidrv.o
 .text.SPIDRV_Init
                0x00001874      0x2a8 ./gecko_sdk_4.1.0/platform/emdrv/spidrv/src/spidrv.o
                0x00001874                SPIDRV_Init
 .text.setHfLeConfig
                0x00001b1c       0x44 ./gecko_sdk_4.1.0/platform/emlib/src/em_cmu.o
 .text.flashWaitStateControl
                0x00001b60       0x54 ./gecko_sdk_4.1.0/platform/emlib/src/em_cmu.o
 .text.SL_Log2ToDiv
                0x00001bb4       0x1c ./gecko_sdk_4.1.0/platform/emlib/src/em_cmu.o
 .text.flashWaitStateMax
                0x00001bd0       0x28 ./gecko_sdk_4.1.0/platform/emlib/src/em_cmu.o
 .text.EMU_VScaleWait
                0x00001bf8       0x1c ./gecko_sdk_4.1.0/platform/emlib/src/em_cmu.o
 .text.EMU_VScaleGet
                0x00001c14       0x14 ./gecko_sdk_4.1.0/platform/emlib/src/em_cmu.o
 .text.syncReg  0x00001c28       0x18 ./gecko_sdk_4.1.0/platform/emlib/src/em_cmu.o
 .text.CMU_UpdateWaitStates
                0x00001c40       0x20 ./gecko_sdk_4.1.0/platform/emlib/src/em_cmu.o
                0x00001c40                CMU_UpdateWaitStates
 .text.CMU_ClockEnable
                0x00001c60       0x90 ./gecko_sdk_4.1.0/platform/emlib/src/em_cmu.o
                0x00001c60                CMU_ClockEnable
 .text.CMU_ClockPrescGet
                0x00001cf0       0xec ./gecko_sdk_4.1.0/platform/emlib/src/em_cmu.o
                0x00001cf0                CMU_ClockPrescGet
 .text.CMU_ClockDivGet
                0x00001ddc        0xa ./gecko_sdk_4.1.0/platform/emlib/src/em_cmu.o
                0x00001ddc                CMU_ClockDivGet
 *fill*         0x00001de6        0x2 
 .text.CMU_ClockSelectGet
                0x00001de8       0xcc ./gecko_sdk_4.1.0/platform/emlib/src/em_cmu.o
                0x00001de8                CMU_ClockSelectGet
 .text.lfClkGet
                0x00001eb4       0xc8 ./gecko_sdk_4.1.0/platform/emlib/src/em_cmu.o
 .text.CMU_ClockFreqGet
                0x00001f7c      0x1e0 ./gecko_sdk_4.1.0/platform/emlib/src/em_cmu.o
                0x00001f7c                CMU_ClockFreqGet
 .text.CMU_LFXOPrecisionSet
                0x0000215c        0xc ./gecko_sdk_4.1.0/platform/emlib/src/em_cmu.o
                0x0000215c                CMU_LFXOPrecisionSet
 .text.CMU_OscillatorTuningSet
                0x00002168       0xf4 ./gecko_sdk_4.1.0/platform/emlib/src/em_cmu.o
                0x00002168                CMU_OscillatorTuningSet
 .text.CMU_OscillatorTuningWait
                0x0000225c       0x68 ./gecko_sdk_4.1.0/platform/emlib/src/em_cmu.o
                0x0000225c                CMU_OscillatorTuningWait
 .text.CMU_OscillatorTuningOptimize
                0x000022c4       0x38 ./gecko_sdk_4.1.0/platform/emlib/src/em_cmu.o
                0x000022c4                CMU_OscillatorTuningOptimize
 .text.CMU_OscillatorEnable
                0x000022fc      0x124 ./gecko_sdk_4.1.0/platform/emlib/src/em_cmu.o
                0x000022fc                CMU_OscillatorEnable
 .text.CMU_ClockSelectSet
                0x00002420      0x214 ./gecko_sdk_4.1.0/platform/emlib/src/em_cmu.o
                0x00002420                CMU_ClockSelectSet
 .text.CMU_HFXOInit
                0x00002634       0xb8 ./gecko_sdk_4.1.0/platform/emlib/src/em_cmu.o
                0x00002634                CMU_HFXOInit
 .text.CMU_LFXOInit
                0x000026ec       0x58 ./gecko_sdk_4.1.0/platform/emlib/src/em_cmu.o
                0x000026ec                CMU_LFXOInit
 .text.CORE_EnterCritical
                0x00002744        0x8 ./gecko_sdk_4.1.0/platform/emlib/src/em_core.o
                0x00002744                CORE_EnterCritical
 .text.CORE_ExitCritical
                0x0000274c        0x6 ./gecko_sdk_4.1.0/platform/emlib/src/em_core.o
                0x0000274c                CORE_ExitCritical
 .text.CORE_EnterAtomic
                0x00002752        0xc ./gecko_sdk_4.1.0/platform/emlib/src/em_core.o
                0x00002752                CORE_EnterAtomic
 .text.CORE_ExitAtomic
                0x0000275e        0x6 ./gecko_sdk_4.1.0/platform/emlib/src/em_core.o
                0x0000275e                CORE_ExitAtomic
 .text.EMU_LDOStatusGet
                0x00002764       0x14 ./gecko_sdk_4.1.0/platform/emlib/src/em_emu.o
 .text.lpGetDevinfoVrefLowHigh
                0x00002778       0xa8 ./gecko_sdk_4.1.0/platform/emlib/src/em_emu.o
 .text.EMU_VScaleWait
                0x00002820       0x18 ./gecko_sdk_4.1.0/platform/emlib/src/em_emu.o
 .text.lpCmpHystCalibrationLoad.constprop.0
                0x00002838       0x78 ./gecko_sdk_4.1.0/platform/emlib/src/em_emu.o
 .text.EMU_EM4Init
                0x000028b0       0x54 ./gecko_sdk_4.1.0/platform/emlib/src/em_emu.o
                0x000028b0                EMU_EM4Init
 .text.EMU_VScaleEM01
                0x00002904       0x80 ./gecko_sdk_4.1.0/platform/emlib/src/em_emu.o
                0x00002904                EMU_VScaleEM01
 .text.EMU_VScaleEM01ByClock
                0x00002984       0x50 ./gecko_sdk_4.1.0/platform/emlib/src/em_emu.o
                0x00002984                EMU_VScaleEM01ByClock
 .text.EMU_DCDCModeSet
                0x000029d4       0x94 ./gecko_sdk_4.1.0/platform/emlib/src/em_emu.o
                0x000029d4                EMU_DCDCModeSet
 .text.EMU_DCDCOutputVoltageSet
                0x00002a68      0x18c ./gecko_sdk_4.1.0/platform/emlib/src/em_emu.o
                0x00002a68                EMU_DCDCOutputVoltageSet
 .text.EMU_DCDCOptimizeSlice
                0x00002bf4       0xe0 ./gecko_sdk_4.1.0/platform/emlib/src/em_emu.o
                0x00002bf4                EMU_DCDCOptimizeSlice
 .text.EMU_DCDCLnRcoBandSet
                0x00002cd4       0x44 ./gecko_sdk_4.1.0/platform/emlib/src/em_emu.o
                0x00002cd4                EMU_DCDCLnRcoBandSet
 .text.EMU_DCDCInit
                0x00002d18      0x18c ./gecko_sdk_4.1.0/platform/emlib/src/em_emu.o
                0x00002d18                EMU_DCDCInit
 .text.GPIO_PinOutSet
                0x00002ea4       0x88 ./gecko_sdk_4.1.0/platform/emlib/src/em_gpio.o
 .text.GPIO_PinOutClear
                0x00002f2c       0x88 ./gecko_sdk_4.1.0/platform/emlib/src/em_gpio.o
 .text.BUS_RegMaskedWrite
                0x00002fb4       0x22 ./gecko_sdk_4.1.0/platform/emlib/src/em_gpio.o
 *fill*         0x00002fd6        0x2 
 .text.GPIO_DbgLocationSet
                0x00002fd8       0x2c ./gecko_sdk_4.1.0/platform/emlib/src/em_gpio.o
                0x00002fd8                GPIO_DbgLocationSet
 .text.GPIO_PinModeSet
                0x00003004       0xd4 ./gecko_sdk_4.1.0/platform/emlib/src/em_gpio.o
                0x00003004                GPIO_PinModeSet
 .text.LDMA_Init
                0x000030d8       0x84 ./gecko_sdk_4.1.0/platform/emlib/src/em_ldma.o
                0x000030d8                LDMA_Init
 .text.RTCC_ChannelInit
                0x0000315c       0x58 ./gecko_sdk_4.1.0/platform/emlib/src/em_rtcc.o
                0x0000315c                RTCC_ChannelInit
 .text.RTCC_Enable
                0x000031b4        0xc ./gecko_sdk_4.1.0/platform/emlib/src/em_rtcc.o
                0x000031b4                RTCC_Enable
 .text.RTCC_Init
                0x000031c0       0x68 ./gecko_sdk_4.1.0/platform/emlib/src/em_rtcc.o
                0x000031c0                RTCC_Init
 .text.USART_BaudrateSyncSet
                0x00003228       0x4c ./gecko_sdk_4.1.0/platform/emlib/src/em_usart.o
                0x00003228                USART_BaudrateSyncSet
 .text.USART_Reset
                0x00003274       0x90 ./gecko_sdk_4.1.0/platform/emlib/src/em_usart.o
                0x00003274                USART_Reset
 .text.USART_InitSync
                0x00003304       0xc0 ./gecko_sdk_4.1.0/platform/emlib/src/em_usart.o
                0x00003304                USART_InitSync
 .text.USART_SpiTransfer
                0x000033c4       0x14 ./gecko_sdk_4.1.0/platform/emlib/src/em_usart.o
                0x000033c4                USART_SpiTransfer
 .text.sl_device_init_dcdc
                0x000033d8       0x2c ./gecko_sdk_4.1.0/platform/service/device_init/src/sl_device_init_dcdc_s1.o
                0x000033d8                sl_device_init_dcdc
 .text.sl_device_init_emu
                0x00003404       0x1c ./gecko_sdk_4.1.0/platform/service/device_init/src/sl_device_init_emu_s1.o
                0x00003404                sl_device_init_emu
 .text.sl_device_init_hfxo
                0x00003420       0x6c ./gecko_sdk_4.1.0/platform/service/device_init/src/sl_device_init_hfxo_s1.o
                0x00003420                sl_device_init_hfxo
 .text.sl_device_init_lfxo
                0x0000348c       0x28 ./gecko_sdk_4.1.0/platform/service/device_init/src/sl_device_init_lfxo_s1.o
                0x0000348c                sl_device_init_lfxo
 .text.sl_device_init_nvic
                0x000034b4       0x3c ./gecko_sdk_4.1.0/platform/service/device_init/src/sl_device_init_nvic.o
                0x000034b4                sl_device_init_nvic
 .text.delta_list_insert_timer
                0x000034f0       0x44 ./gecko_sdk_4.1.0/platform/service/sleeptimer/src/sl_sleeptimer.o
 .text.update_delta_list
                0x00003534       0x38 ./gecko_sdk_4.1.0/platform/service/sleeptimer/src/sl_sleeptimer.o
 .text.set_comparator_for_next_timer
                0x0000356c       0x5c ./gecko_sdk_4.1.0/platform/service/sleeptimer/src/sl_sleeptimer.o
 .text.delta_list_remove_timer
                0x000035c8       0x38 ./gecko_sdk_4.1.0/platform/service/sleeptimer/src/sl_sleeptimer.o
 .text.sl_sleeptimer_init
                0x00003600       0x74 ./gecko_sdk_4.1.0/platform/service/sleeptimer/src/sl_sleeptimer.o
                0x00003600                sl_sleeptimer_init
 .text.process_timer_irq
                0x00003674      0x134 ./gecko_sdk_4.1.0/platform/service/sleeptimer/src/sl_sleeptimer.o
                0x00003674                process_timer_irq
 .text.CMU_PrescToLog2.constprop.0
                0x000037a8        0x4 ./gecko_sdk_4.1.0/platform/service/sleeptimer/src/sl_sleeptimer_hal_rtcc.o
 .text.sleeptimer_hal_init_timer
                0x000037ac       0x8c ./gecko_sdk_4.1.0/platform/service/sleeptimer/src/sl_sleeptimer_hal_rtcc.o
                0x000037ac                sleeptimer_hal_init_timer
 .text.sleeptimer_hal_get_counter
                0x00003838        0xc ./gecko_sdk_4.1.0/platform/service/sleeptimer/src/sl_sleeptimer_hal_rtcc.o
                0x00003838                sleeptimer_hal_get_counter
 .text.sleeptimer_hal_set_compare
                0x00003844       0x5c ./gecko_sdk_4.1.0/platform/service/sleeptimer/src/sl_sleeptimer_hal_rtcc.o
                0x00003844                sleeptimer_hal_set_compare
 .text.sleeptimer_hal_enable_int
                0x000038a0       0x1c ./gecko_sdk_4.1.0/platform/service/sleeptimer/src/sl_sleeptimer_hal_rtcc.o
                0x000038a0                sleeptimer_hal_enable_int
 .text.sleeptimer_hal_disable_int
                0x000038bc       0x30 ./gecko_sdk_4.1.0/platform/service/sleeptimer/src/sl_sleeptimer_hal_rtcc.o
                0x000038bc                sleeptimer_hal_disable_int
 .text.sleeptimer_hal_set_int
                0x000038ec       0x10 ./gecko_sdk_4.1.0/platform/service/sleeptimer/src/sl_sleeptimer_hal_rtcc.o
                0x000038ec                sleeptimer_hal_set_int
 .text.RTCC_IRQHandler
                0x000038fc       0x30 ./gecko_sdk_4.1.0/platform/service/sleeptimer/src/sl_sleeptimer_hal_rtcc.o
                0x000038fc                RTCC_IRQHandler
 .text.sleeptimer_hal_get_timer_frequency
                0x0000392c       0x18 ./gecko_sdk_4.1.0/platform/service/sleeptimer/src/sl_sleeptimer_hal_rtcc.o
                0x0000392c                sleeptimer_hal_get_timer_frequency
 .text.sl_system_init
                0x00003944       0x1a ./gecko_sdk_4.1.0/platform/service/system/src/sl_system_init.o
                0x00003944                sl_system_init
 .text.sl_system_process_action
                0x0000395e       0x16 ./gecko_sdk_4.1.0/platform/service/system/src/sl_system_process_action.o
                0x0000395e                sl_system_process_action
 .text.sl_udelay_wait
                0x00003974       0x54 ./gecko_sdk_4.1.0/platform/service/udelay/src/sl_udelay.o
                0x00003974                sl_udelay_wait
 *fill*         0x000039c8        0x8 
 .text          0x000039d0        0x8 ./gecko_sdk_4.1.0/platform/service/udelay/src/sl_udelay_armv6m_gcc.o
                0x000039d0                sli_delay_loop
 .text          0x000039d8       0x30 c:/siliconlabs/simplicitystudio/v5/developer/toolchains/gnu_arm/10.3_2021.10/bin/../lib/gcc/arm-none-eabi/10.3.1/thumb/v7e-m+fp/softfp\libgcc.a(_aeabi_uldivmod.o)
                0x000039d8                __aeabi_uldivmod
 .text          0x00003a08      0x2d0 c:/siliconlabs/simplicitystudio/v5/developer/toolchains/gnu_arm/10.3_2021.10/bin/../lib/gcc/arm-none-eabi/10.3.1/thumb/v7e-m+fp/softfp\libgcc.a(_udivmoddi4.o)
                0x00003a08                __udivmoddi4
 .text          0x00003cd8        0x4 c:/siliconlabs/simplicitystudio/v5/developer/toolchains/gnu_arm/10.3_2021.10/bin/../lib/gcc/arm-none-eabi/10.3.1/thumb/v7e-m+fp/softfp\libgcc.a(_dvmd_tls.o)
                0x00003cd8                __aeabi_idiv0
                0x00003cd8                __aeabi_ldiv0
 .text.exit     0x00003cdc       0x28 c:/siliconlabs/simplicitystudio/v5/developer/toolchains/gnu_arm/10.3_2021.10/bin/../lib/gcc/arm-none-eabi/10.3.1/../../../../arm-none-eabi/lib/thumb/v7e-m+fp/softfp\libc_nano.a(lib_a-exit.o)
                0x00003cdc                exit
 .text.__libc_init_array
                0x00003d04       0x48 c:/siliconlabs/simplicitystudio/v5/developer/toolchains/gnu_arm/10.3_2021.10/bin/../lib/gcc/arm-none-eabi/10.3.1/../../../../arm-none-eabi/lib/thumb/v7e-m+fp/softfp\libc_nano.a(lib_a-init.o)
                0x00003d04                __libc_init_array
 .text.memset   0x00003d4c       0x10 c:/siliconlabs/simplicitystudio/v5/developer/toolchains/gnu_arm/10.3_2021.10/bin/../lib/gcc/arm-none-eabi/10.3.1/../../../../arm-none-eabi/lib/thumb/v7e-m+fp/softfp\libc_nano.a(lib_a-memset.o)
                0x00003d4c                memset
 .text._exit    0x00003d5c        0x4 c:/siliconlabs/simplicitystudio/v5/developer/toolchains/gnu_arm/10.3_2021.10/bin/../lib/gcc/arm-none-eabi/10.3.1/../../../../arm-none-eabi/lib/thumb/v7e-m+fp/softfp\libnosys.a(_exit.o)
                0x00003d5c                _exit
                0x00003d60                linker_code_end = .
 *(.init)
 .init          0x00003d60        0x4 c:/siliconlabs/simplicitystudio/v5/developer/toolchains/gnu_arm/10.3_2021.10/bin/../lib/gcc/arm-none-eabi/10.3.1/thumb/v7e-m+fp/softfp/crti.o
                0x00003d60                _init
 .init          0x00003d64        0x8 c:/siliconlabs/simplicitystudio/v5/developer/toolchains/gnu_arm/10.3_2021.10/bin/../lib/gcc/arm-none-eabi/10.3.1/thumb/v7e-m+fp/softfp/crtn.o
 *(.fini)
 .fini          0x00003d6c        0x4 c:/siliconlabs/simplicitystudio/v5/developer/toolchains/gnu_arm/10.3_2021.10/bin/../lib/gcc/arm-none-eabi/10.3.1/thumb/v7e-m+fp/softfp/crti.o
                0x00003d6c                _fini
 .fini          0x00003d70        0x8 c:/siliconlabs/simplicitystudio/v5/developer/toolchains/gnu_arm/10.3_2021.10/bin/../lib/gcc/arm-none-eabi/10.3.1/thumb/v7e-m+fp/softfp/crtn.o
 *crtbegin.o(.ctors)
 *crtbegin?.o(.ctors)
 *(EXCLUDE_FILE(*crtend.o *crtend?.o) .ctors)
 *(SORT_BY_NAME(.ctors.*))
 *(.ctors)
 *crtbegin.o(.dtors)
 *crtbegin?.o(.dtors)
 *(EXCLUDE_FILE(*crtend.o *crtend?.o) .dtors)
 *(SORT_BY_NAME(.dtors.*))
 *(.dtors)
 *(.rodata*)
 .rodata.sl_spidrv_init_instances.str1.1
                0x00003d78       0x1c ./autogen/sl_spidrv_init.o
 .rodata        0x00003d94       0x1c ./gecko_sdk_4.1.0/hardware/driver/mx25_flash_shutdown/src/sl_mx25_flash_shutdown_usart/sl_mx25_flash_shutdown.o
 .rodata        0x00003db0        0x4 ./gecko_sdk_4.1.0/platform/emdrv/dmadrv/src/dmadrv.o
 .rodata        0x00003db4       0x1c ./gecko_sdk_4.1.0/platform/emdrv/spidrv/src/spidrv.o
 .rodata.flashWaitStateControl.str1.1
                0x00003dd0       0x50 ./gecko_sdk_4.1.0/platform/emlib/src/em_cmu.o
 .rodata.SL_Log2ToDiv.str1.1
                0x00003e20       0x54 ./gecko_sdk_4.1.0/platform/emlib/src/em_cmu.o
 .rodata.CSWTCH.52
                0x00003e74        0x6 ./gecko_sdk_4.1.0/platform/emlib/src/em_cmu.o
 .rodata.CSWTCH.53
                0x00003e7a        0x4 ./gecko_sdk_4.1.0/platform/emlib/src/em_cmu.o
 .rodata.CSWTCH.54
                0x00003e7e        0x4 ./gecko_sdk_4.1.0/platform/emlib/src/em_cmu.o
 .rodata.CSWTCH.73
                0x00003e82        0x5 ./gecko_sdk_4.1.0/platform/emlib/src/em_cmu.o
 .rodata.CSWTCH.74
                0x00003e87        0x5 ./gecko_sdk_4.1.0/platform/emlib/src/em_cmu.o
 .rodata.CSWTCH.75
                0x00003e8c        0xa ./gecko_sdk_4.1.0/platform/emlib/src/em_cmu.o
 .rodata.CSWTCH.76
                0x00003e96        0xa ./gecko_sdk_4.1.0/platform/emlib/src/em_cmu.o
 .rodata.flashWsTable
                0x00003ea0       0x28 ./gecko_sdk_4.1.0/platform/emlib/src/em_cmu.o
 .rodata.lpGetDevinfoVrefLowHigh.str1.1
                0x00003ec8       0x50 ./gecko_sdk_4.1.0/platform/emlib/src/em_emu.o
 .rodata.GPIO_PinOutSet.str1.1
                0x00003f18       0x51 ./gecko_sdk_4.1.0/platform/emlib/src/em_gpio.o
 .rodata.GPIO_DbgLocationSet.str1.1
                0x00003f69       0x51 ./gecko_sdk_4.1.0/platform/emlib/src/em_gpio.o
 .rodata.LDMA_EnableChannelRequest.str1.1
                0x00003fba       0xa1 ./gecko_sdk_4.1.0/platform/emlib/src/em_ldma.o
 .rodata.RTCC_ChannelInit.str1.1
                0x0000405b       0x51 ./gecko_sdk_4.1.0/platform/emlib/src/em_rtcc.o
 .rodata.USART_BaudrateAsyncSet.str1.1
                0x000040ac       0x52 ./gecko_sdk_4.1.0/platform/emlib/src/em_usart.o
 .rodata        0x000040fe       0x10 ./gecko_sdk_4.1.0/platform/service/device_init/src/sl_device_init_dcdc_s1.o
 .rodata        0x0000410e       0x12 ./gecko_sdk_4.1.0/platform/service/device_init/src/sl_device_init_hfxo_s1.o
 .rodata        0x00004120        0x4 ./gecko_sdk_4.1.0/platform/service/device_init/src/sl_device_init_lfxo_s1.o
 .rodata.process_timer_irq.str1.1
                0x00004124       0x64 ./gecko_sdk_4.1.0/platform/service/sleeptimer/src/sl_sleeptimer.o
 .rodata        0x00004188       0x10 ./gecko_sdk_4.1.0/platform/service/sleeptimer/src/sl_sleeptimer_hal_rtcc.o
 .rodata.sl_udelay_wait.str1.1
                0x00004198       0x5c ./gecko_sdk_4.1.0/platform/service/udelay/src/sl_udelay.o
 .rodata._global_impure_ptr
                0x000041f4        0x4 c:/siliconlabs/simplicitystudio/v5/developer/toolchains/gnu_arm/10.3_2021.10/bin/../lib/gcc/arm-none-eabi/10.3.1/../../../../arm-none-eabi/lib/thumb/v7e-m+fp/softfp\libc_nano.a(lib_a-impure.o)
                0x000041f4                _global_impure_ptr
 *(.eh_frame*)
 .eh_frame      0x000041f8        0x0 c:/siliconlabs/simplicitystudio/v5/developer/toolchains/gnu_arm/10.3_2021.10/bin/../lib/gcc/arm-none-eabi/10.3.1/thumb/v7e-m+fp/softfp/crtbegin.o

.glue_7         0x000041f8        0x0
 .glue_7        0x000041f8        0x0 linker stubs

.glue_7t        0x000041f8        0x0
 .glue_7t       0x000041f8        0x0 linker stubs

.vfp11_veneer   0x000041f8        0x0
 .vfp11_veneer  0x000041f8        0x0 linker stubs

.v4_bx          0x000041f8        0x0
 .v4_bx         0x000041f8        0x0 linker stubs

.iplt           0x000041f8        0x0
 .iplt          0x000041f8        0x0 c:/siliconlabs/simplicitystudio/v5/developer/toolchains/gnu_arm/10.3_2021.10/bin/../lib/gcc/arm-none-eabi/10.3.1/thumb/v7e-m+fp/softfp/crtbegin.o

.ARM.extab
 *(.ARM.extab* .gnu.linkonce.armextab.*)
                0x000041f8                __exidx_start = .

.ARM.exidx      0x000041f8        0x8
 *(.ARM.exidx* .gnu.linkonce.armexidx.*)
 .ARM.exidx     0x000041f8        0x8 c:/siliconlabs/simplicitystudio/v5/developer/toolchains/gnu_arm/10.3_2021.10/bin/../lib/gcc/arm-none-eabi/10.3.1/../../../../arm-none-eabi/lib/thumb/v7e-m+fp/softfp/crt0.o
                                 0x10 (size before relaxing)
 .ARM.exidx     0x00004200        0x0 c:/siliconlabs/simplicitystudio/v5/developer/toolchains/gnu_arm/10.3_2021.10/bin/../lib/gcc/arm-none-eabi/10.3.1/thumb/v7e-m+fp/softfp\libgcc.a(_udivmoddi4.o)
                                  0x8 (size before relaxing)
                0x00004200                __exidx_end = .

.rel.dyn        0x00004200        0x0
 .rel.iplt      0x00004200        0x0 c:/siliconlabs/simplicitystudio/v5/developer/toolchains/gnu_arm/10.3_2021.10/bin/../lib/gcc/arm-none-eabi/10.3.1/thumb/v7e-m+fp/softfp/crtbegin.o

.copy.table     0x00004200        0xc
                0x00004200                . = ALIGN (0x4)
                0x00004200                __copy_table_start__ = .
                0x00004200        0x4 LONG 0x420c __etext
                0x00004204        0x4 LONG 0x20001000 __data_start__
                0x00004208        0x4 LONG 0x2b ((__data_end__ - __data_start__) / 0x4)
                0x0000420c                __copy_table_end__ = .

.zero.table     0x0000420c        0x0
                0x0000420c                . = ALIGN (0x4)
                0x0000420c                __zero_table_start__ = .
                0x0000420c                __zero_table_end__ = .
                0x0000420c                __etext = .
                0x20000000                . = ORIGIN (RAM)

.stack          0x20000000     0x1000
                0x20000000                __StackLimit = .
 *(.stack*)
 .stack         0x20000000     0x1000 ./gecko_sdk_4.1.0/platform/common/toolchain/src/sl_memory.o
                0x20001000                . = ALIGN (0x4)
                0x20001000                __StackTop = .
                0x20001000                PROVIDE (__stack = __StackTop)

.noinit
 *(.noinit*)

.data           0x20001000       0xac load address 0x0000420c
                0x20001000                . = ALIGN (0x4)
                0x20001000                __data_start__ = .
 *(vtable)
 *(.data*)
 .data.TxBuffer
                0x20001000        0xa ./app.o
                0x20001000                TxBuffer
 *fill*         0x2000100a        0x2 
 .data.sl_spidrv_usart_exp_handle
                0x2000100c        0x4 ./autogen/sl_spidrv_init.o
                0x2000100c                sl_spidrv_usart_exp_handle
 .data.sl_spidrv_usart_init_exp
                0x20001010       0x1c ./autogen/sl_spidrv_init.o
                0x20001010                sl_spidrv_usart_init_exp
 .data.SystemCoreClock
                0x2000102c        0x4 ./gecko_sdk_4.1.0/platform/Device/SiliconLabs/EFR32MG12P/Source/system_efr32mg12p.o
                0x2000102c                SystemCoreClock
 .data.SystemHFXOClock
                0x20001030        0x4 ./gecko_sdk_4.1.0/platform/Device/SiliconLabs/EFR32MG12P/Source/system_efr32mg12p.o
 .data.SystemHfrcoFreq
                0x20001034        0x4 ./gecko_sdk_4.1.0/platform/Device/SiliconLabs/EFR32MG12P/Source/system_efr32mg12p.o
                0x20001034                SystemHfrcoFreq
 .data.SystemLFXOClock
                0x20001038        0x4 ./gecko_sdk_4.1.0/platform/Device/SiliconLabs/EFR32MG12P/Source/system_efr32mg12p.o
 .data.auxHfrcoFreq
                0x2000103c        0x4 ./gecko_sdk_4.1.0/platform/emlib/src/em_cmu.o
 .data.lfxo_precision
                0x20001040        0x2 ./gecko_sdk_4.1.0/platform/emlib/src/em_cmu.o
 .data.cc_disabled
                0x20001042        0x1 ./gecko_sdk_4.1.0/platform/service/sleeptimer/src/sl_sleeptimer_hal_rtcc.o
 *fill*         0x20001043        0x1 
 .data.impure_data
                0x20001044       0x60 c:/siliconlabs/simplicitystudio/v5/developer/toolchains/gnu_arm/10.3_2021.10/bin/../lib/gcc/arm-none-eabi/10.3.1/../../../../arm-none-eabi/lib/thumb/v7e-m+fp/softfp\libc_nano.a(lib_a-impure.o)
                0x200010a4                . = ALIGN (0x4)
                [!provide]                PROVIDE (__ram_func_section_start = .)
 *(.ram)
                [!provide]                PROVIDE (__ram_func_section_end = .)
                0x200010a4                . = ALIGN (0x4)
                0x200010a4                PROVIDE (__preinit_array_start = .)
 *(.preinit_array)
                0x200010a4                PROVIDE (__preinit_array_end = .)
                0x200010a4                . = ALIGN (0x4)
                0x200010a4                PROVIDE (__init_array_start = .)
 *(SORT_BY_NAME(.init_array.*))
 *(.init_array)
 .init_array    0x200010a4        0x4 c:/siliconlabs/simplicitystudio/v5/developer/toolchains/gnu_arm/10.3_2021.10/bin/../lib/gcc/arm-none-eabi/10.3.1/thumb/v7e-m+fp/softfp/crtbegin.o
                0x200010a8                PROVIDE (__init_array_end = .)
                0x200010a8                . = ALIGN (0x4)
                [!provide]                PROVIDE (__fini_array_start = .)
 *(SORT_BY_NAME(.fini_array.*))
 *(.fini_array)
 .fini_array    0x200010a8        0x4 c:/siliconlabs/simplicitystudio/v5/developer/toolchains/gnu_arm/10.3_2021.10/bin/../lib/gcc/arm-none-eabi/10.3.1/thumb/v7e-m+fp/softfp/crtbegin.o
                [!provide]                PROVIDE (__fini_array_end = .)
                0x200010ac                . = ALIGN (0x4)
                0x200010ac                __data_end__ = .

.igot.plt       0x200010ac        0x0 load address 0x000042b8
 .igot.plt      0x200010ac        0x0 c:/siliconlabs/simplicitystudio/v5/developer/toolchains/gnu_arm/10.3_2021.10/bin/../lib/gcc/arm-none-eabi/10.3.1/thumb/v7e-m+fp/softfp/crtbegin.o

.bss            0x200010ac      0x248 load address 0x000042b8
                0x200010ac                . = ALIGN (0x4)
                0x200010ac                __bss_start__ = .
 *(.bss*)
 .bss           0x200010ac       0x1c c:/siliconlabs/simplicitystudio/v5/developer/toolchains/gnu_arm/10.3_2021.10/bin/../lib/gcc/arm-none-eabi/10.3.1/thumb/v7e-m+fp/softfp/crtbegin.o
 .bss.RxBuffer  0x200010c8        0xa ./app.o
                0x200010c8                RxBuffer
 .bss.RxBufferIndex
                0x200010d2        0x1 ./app.o
                0x200010d2                RxBufferIndex
 .bss.TxBufferIndex
                0x200010d3        0x1 ./app.o
                0x200010d3                TxBufferIndex
 .bss.sl_spidrv_usart_exp_handle_data
                0x200010d4       0x7c ./autogen/sl_spidrv_init.o
                0x200010d4                sl_spidrv_usart_exp_handle_data
 .bss.chTable   0x20001150       0x80 ./gecko_sdk_4.1.0/platform/emdrv/dmadrv/src/dmadrv.o
 .bss.dmaXfer   0x200011d0      0x100 ./gecko_sdk_4.1.0/platform/emdrv/dmadrv/src/dmadrv.o
 .bss.initialized
                0x200012d0        0x1 ./gecko_sdk_4.1.0/platform/emdrv/dmadrv/src/dmadrv.o
 .bss.spidrvIsInitialized
                0x200012d1        0x1 ./gecko_sdk_4.1.0/platform/emdrv/spidrv/src/spidrv.o
 .bss.dcdcEm01LoadCurrent_mA
                0x200012d2        0x2 ./gecko_sdk_4.1.0/platform/emlib/src/em_emu.o
 .bss.dcdcMaxCurrent_mA
                0x200012d4        0x2 ./gecko_sdk_4.1.0/platform/emlib/src/em_emu.o
 .bss.dcdcReverseCurrentControl
                0x200012d6        0x2 ./gecko_sdk_4.1.0/platform/emlib/src/em_emu.o
 .bss.vScaleEM01Config
                0x200012d8        0x1 ./gecko_sdk_4.1.0/platform/emlib/src/em_emu.o
 .bss.is_sleeptimer_initialized
                0x200012d9        0x1 ./gecko_sdk_4.1.0/platform/service/sleeptimer/src/sl_sleeptimer.o
 *fill*         0x200012da        0x2 
 .bss.last_delta_update_count
                0x200012dc        0x4 ./gecko_sdk_4.1.0/platform/service/sleeptimer/src/sl_sleeptimer.o
 .bss.max_millisecond_conversion
                0x200012e0        0x4 ./gecko_sdk_4.1.0/platform/service/sleeptimer/src/sl_sleeptimer.o
 .bss.next_timer_to_expire_is_power_manager
                0x200012e4        0x1 ./gecko_sdk_4.1.0/platform/service/sleeptimer/src/sl_sleeptimer.o
 *fill*         0x200012e5        0x1 
 .bss.overflow_counter
                0x200012e6        0x2 ./gecko_sdk_4.1.0/platform/service/sleeptimer/src/sl_sleeptimer.o
 .bss.sleep_on_isr_exit
                0x200012e8        0x1 ./gecko_sdk_4.1.0/platform/service/sleeptimer/src/sl_sleeptimer.o
 *fill*         0x200012e9        0x3 
 .bss.timer_frequency
                0x200012ec        0x4 ./gecko_sdk_4.1.0/platform/service/sleeptimer/src/sl_sleeptimer.o
 .bss.timer_head
                0x200012f0        0x4 ./gecko_sdk_4.1.0/platform/service/sleeptimer/src/sl_sleeptimer.o
 *(COMMON)
                0x200012f4                . = ALIGN (0x4)
                0x200012f4                __bss_end__ = .

.heap           0x200012f8    0x3ed08
                0x200012f8                __HeapBase = .
                0x200012f8                __end__ = .
                0x200012f8                end = __end__
                0x200012f8                _end = __end__
 *(.heap*)
 .heap          0x200012f8      0x800 ./gecko_sdk_4.1.0/platform/common/toolchain/src/sl_memory.o
                0x20040000                . = (ORIGIN (RAM) + LENGTH (RAM))
 *fill*         0x20001af8    0x3e508 
                0x20040000                __HeapLimit = .
                0x0003ed08                __heap_size = (__HeapLimit - __HeapBase)
                0x00100000                __main_flash_end__ = 0x100000

.internal_storage
                0x0000420c        0x0
 *(.internal_storage*)

.nvm            0x0000420c        0x0
 *(.simee*)
                0x00100000                linker_nvm_end = __main_flash_end__
                0x00100000                linker_nvm_begin = (linker_nvm_end - SIZEOF (.nvm))
                0x00000000                linker_nvm_size = SIZEOF (.nvm)
                0x00100000                linker_storage_end = linker_nvm_begin
                0x00100000                linker_storage_begin = (linker_storage_end - SIZEOF (.internal_storage))
                0x00000000                linker_storage_size = SIZEOF (.internal_storage)
                0x00100000                __nvm3Base = linker_nvm_begin
                0x00000001                ASSERT ((linker_storage_begin >= (__etext + SIZEOF (.data))), FLASH memory overflowed !)
OUTPUT(spi.axf elf32-littlearm)
LOAD linker stubs

.ARM.attributes
                0x00000000       0x2e
 .ARM.attributes
                0x00000000       0x1e c:/siliconlabs/simplicitystudio/v5/developer/toolchains/gnu_arm/10.3_2021.10/bin/../lib/gcc/arm-none-eabi/10.3.1/thumb/v7e-m+fp/softfp/crti.o
 .ARM.attributes
                0x0000001e       0x32 c:/siliconlabs/simplicitystudio/v5/developer/toolchains/gnu_arm/10.3_2021.10/bin/../lib/gcc/arm-none-eabi/10.3.1/thumb/v7e-m+fp/softfp/crtbegin.o
 .ARM.attributes
                0x00000050       0x1c c:/siliconlabs/simplicitystudio/v5/developer/toolchains/gnu_arm/10.3_2021.10/bin/../lib/gcc/arm-none-eabi/10.3.1/../../../../arm-none-eabi/lib/thumb/v7e-m+fp/softfp/crt0.o
 .ARM.attributes
                0x0000006c       0x32 ./app.o
 .ARM.attributes
                0x0000009e       0x32 ./main.o
 .ARM.attributes
                0x000000d0       0x32 ./autogen/sl_board_default_init.o
 .ARM.attributes
                0x00000102       0x32 ./autogen/sl_device_init_clocks.o
 .ARM.attributes
                0x00000134       0x32 ./autogen/sl_event_handler.o
 .ARM.attributes
                0x00000166       0x32 ./autogen/sl_spidrv_init.o
 .ARM.attributes
                0x00000198       0x32 ./gecko_sdk_4.1.0/hardware/board/src/sl_board_control_gpio.o
 .ARM.attributes
                0x000001ca       0x32 ./gecko_sdk_4.1.0/hardware/board/src/sl_board_init.o
 .ARM.attributes
                0x000001fc       0x32 ./gecko_sdk_4.1.0/hardware/driver/configuration_over_swo/src/sl_cos.o
 .ARM.attributes
                0x0000022e       0x32 ./gecko_sdk_4.1.0/hardware/driver/mx25_flash_shutdown/src/sl_mx25_flash_shutdown_usart/sl_mx25_flash_shutdown.o
 .ARM.attributes
                0x00000260       0x32 ./gecko_sdk_4.1.0/platform/Device/SiliconLabs/EFR32MG12P/Source/startup_efr32mg12p.o
 .ARM.attributes
                0x00000292       0x32 ./gecko_sdk_4.1.0/platform/Device/SiliconLabs/EFR32MG12P/Source/system_efr32mg12p.o
 .ARM.attributes
                0x000002c4       0x32 ./gecko_sdk_4.1.0/platform/common/src/sl_assert.o
 .ARM.attributes
                0x000002f6       0x32 ./gecko_sdk_4.1.0/platform/common/toolchain/src/sl_memory.o
 .ARM.attributes
                0x00000328       0x32 ./gecko_sdk_4.1.0/platform/driver/debug/src/sl_debug_swo.o
 .ARM.attributes
                0x0000035a       0x32 ./gecko_sdk_4.1.0/platform/emdrv/dmadrv/src/dmadrv.o
 .ARM.attributes
                0x0000038c       0x32 ./gecko_sdk_4.1.0/platform/emdrv/spidrv/src/spidrv.o
 .ARM.attributes
                0x000003be       0x32 ./gecko_sdk_4.1.0/platform/emlib/src/em_cmu.o
 .ARM.attributes
                0x000003f0       0x32 ./gecko_sdk_4.1.0/platform/emlib/src/em_core.o
 .ARM.attributes
                0x00000422       0x32 ./gecko_sdk_4.1.0/platform/emlib/src/em_emu.o
 .ARM.attributes
                0x00000454       0x32 ./gecko_sdk_4.1.0/platform/emlib/src/em_gpio.o
 .ARM.attributes
                0x00000486       0x32 ./gecko_sdk_4.1.0/platform/emlib/src/em_ldma.o
 .ARM.attributes
                0x000004b8       0x32 ./gecko_sdk_4.1.0/platform/emlib/src/em_rtcc.o
 .ARM.attributes
                0x000004ea       0x32 ./gecko_sdk_4.1.0/platform/emlib/src/em_usart.o
 .ARM.attributes
                0x0000051c       0x32 ./gecko_sdk_4.1.0/platform/service/device_init/src/sl_device_init_dcdc_s1.o
 .ARM.attributes
                0x0000054e       0x32 ./gecko_sdk_4.1.0/platform/service/device_init/src/sl_device_init_emu_s1.o
 .ARM.attributes
                0x00000580       0x32 ./gecko_sdk_4.1.0/platform/service/device_init/src/sl_device_init_hfxo_s1.o
 .ARM.attributes
                0x000005b2       0x32 ./gecko_sdk_4.1.0/platform/service/device_init/src/sl_device_init_lfxo_s1.o
 .ARM.attributes
                0x000005e4       0x32 ./gecko_sdk_4.1.0/platform/service/device_init/src/sl_device_init_nvic.o
 .ARM.attributes
                0x00000616       0x32 ./gecko_sdk_4.1.0/platform/service/sleeptimer/src/sl_sleeptimer.o
 .ARM.attributes
                0x00000648       0x32 ./gecko_sdk_4.1.0/platform/service/sleeptimer/src/sl_sleeptimer_hal_rtcc.o
 .ARM.attributes
                0x0000067a       0x32 ./gecko_sdk_4.1.0/platform/service/system/src/sl_system_init.o
 .ARM.attributes
                0x000006ac       0x32 ./gecko_sdk_4.1.0/platform/service/system/src/sl_system_process_action.o
 .ARM.attributes
                0x000006de       0x32 ./gecko_sdk_4.1.0/platform/service/udelay/src/sl_udelay.o
 .ARM.attributes
                0x00000710       0x20 ./gecko_sdk_4.1.0/platform/service/udelay/src/sl_udelay_armv6m_gcc.o
 .ARM.attributes
                0x00000730       0x1e c:/siliconlabs/simplicitystudio/v5/developer/toolchains/gnu_arm/10.3_2021.10/bin/../lib/gcc/arm-none-eabi/10.3.1/thumb/v7e-m+fp/softfp\libgcc.a(_aeabi_uldivmod.o)
 .ARM.attributes
                0x0000074e       0x32 c:/siliconlabs/simplicitystudio/v5/developer/toolchains/gnu_arm/10.3_2021.10/bin/../lib/gcc/arm-none-eabi/10.3.1/thumb/v7e-m+fp/softfp\libgcc.a(_udivmoddi4.o)
 .ARM.attributes
                0x00000780       0x1e c:/siliconlabs/simplicitystudio/v5/developer/toolchains/gnu_arm/10.3_2021.10/bin/../lib/gcc/arm-none-eabi/10.3.1/thumb/v7e-m+fp/softfp\libgcc.a(_dvmd_tls.o)
 .ARM.attributes
                0x0000079e       0x32 c:/siliconlabs/simplicitystudio/v5/developer/toolchains/gnu_arm/10.3_2021.10/bin/../lib/gcc/arm-none-eabi/10.3.1/../../../../arm-none-eabi/lib/thumb/v7e-m+fp/softfp\libc_nano.a(lib_a-exit.o)
 .ARM.attributes
                0x000007d0       0x32 c:/siliconlabs/simplicitystudio/v5/developer/toolchains/gnu_arm/10.3_2021.10/bin/../lib/gcc/arm-none-eabi/10.3.1/../../../../arm-none-eabi/lib/thumb/v7e-m+fp/softfp\libc_nano.a(lib_a-impure.o)
 .ARM.attributes
                0x00000802       0x32 c:/siliconlabs/simplicitystudio/v5/developer/toolchains/gnu_arm/10.3_2021.10/bin/../lib/gcc/arm-none-eabi/10.3.1/../../../../arm-none-eabi/lib/thumb/v7e-m+fp/softfp\libc_nano.a(lib_a-init.o)
 .ARM.attributes
                0x00000834       0x32 c:/siliconlabs/simplicitystudio/v5/developer/toolchains/gnu_arm/10.3_2021.10/bin/../lib/gcc/arm-none-eabi/10.3.1/../../../../arm-none-eabi/lib/thumb/v7e-m+fp/softfp\libc_nano.a(lib_a-memset.o)
 .ARM.attributes
                0x00000866       0x32 c:/siliconlabs/simplicitystudio/v5/developer/toolchains/gnu_arm/10.3_2021.10/bin/../lib/gcc/arm-none-eabi/10.3.1/../../../../arm-none-eabi/lib/thumb/v7e-m+fp/softfp\libnosys.a(_exit.o)
 .ARM.attributes
                0x00000898       0x1e c:/siliconlabs/simplicitystudio/v5/developer/toolchains/gnu_arm/10.3_2021.10/bin/../lib/gcc/arm-none-eabi/10.3.1/thumb/v7e-m+fp/softfp/crtn.o

.comment        0x00000000       0x49
 .comment       0x00000000       0x49 ./app.o
                                 0x4a (size before relaxing)
 .comment       0x00000049       0x4a ./main.o
 .comment       0x00000049       0x4a ./autogen/sl_board_default_init.o
 .comment       0x00000049       0x4a ./autogen/sl_device_init_clocks.o
 .comment       0x00000049       0x4a ./autogen/sl_event_handler.o
 .comment       0x00000049       0x4a ./autogen/sl_spidrv_init.o
 .comment       0x00000049       0x4a ./gecko_sdk_4.1.0/hardware/board/src/sl_board_control_gpio.o
 .comment       0x00000049       0x4a ./gecko_sdk_4.1.0/hardware/board/src/sl_board_init.o
 .comment       0x00000049       0x4a ./gecko_sdk_4.1.0/hardware/driver/configuration_over_swo/src/sl_cos.o
 .comment       0x00000049       0x4a ./gecko_sdk_4.1.0/hardware/driver/mx25_flash_shutdown/src/sl_mx25_flash_shutdown_usart/sl_mx25_flash_shutdown.o
 .comment       0x00000049       0x4a ./gecko_sdk_4.1.0/platform/Device/SiliconLabs/EFR32MG12P/Source/startup_efr32mg12p.o
 .comment       0x00000049       0x4a ./gecko_sdk_4.1.0/platform/Device/SiliconLabs/EFR32MG12P/Source/system_efr32mg12p.o
 .comment       0x00000049       0x4a ./gecko_sdk_4.1.0/platform/common/src/sl_assert.o
 .comment       0x00000049       0x4a ./gecko_sdk_4.1.0/platform/common/toolchain/src/sl_memory.o
 .comment       0x00000049       0x4a ./gecko_sdk_4.1.0/platform/driver/debug/src/sl_debug_swo.o
 .comment       0x00000049       0x4a ./gecko_sdk_4.1.0/platform/emdrv/dmadrv/src/dmadrv.o
 .comment       0x00000049       0x4a ./gecko_sdk_4.1.0/platform/emdrv/spidrv/src/spidrv.o
 .comment       0x00000049       0x4a ./gecko_sdk_4.1.0/platform/emlib/src/em_cmu.o
 .comment       0x00000049       0x4a ./gecko_sdk_4.1.0/platform/emlib/src/em_core.o
 .comment       0x00000049       0x4a ./gecko_sdk_4.1.0/platform/emlib/src/em_emu.o
 .comment       0x00000049       0x4a ./gecko_sdk_4.1.0/platform/emlib/src/em_gpio.o
 .comment       0x00000049       0x4a ./gecko_sdk_4.1.0/platform/emlib/src/em_ldma.o
 .comment       0x00000049       0x4a ./gecko_sdk_4.1.0/platform/emlib/src/em_rtcc.o
 .comment       0x00000049       0x4a ./gecko_sdk_4.1.0/platform/emlib/src/em_usart.o
 .comment       0x00000049       0x4a ./gecko_sdk_4.1.0/platform/service/device_init/src/sl_device_init_dcdc_s1.o
 .comment       0x00000049       0x4a ./gecko_sdk_4.1.0/platform/service/device_init/src/sl_device_init_emu_s1.o
 .comment       0x00000049       0x4a ./gecko_sdk_4.1.0/platform/service/device_init/src/sl_device_init_hfxo_s1.o
 .comment       0x00000049       0x4a ./gecko_sdk_4.1.0/platform/service/device_init/src/sl_device_init_lfxo_s1.o
 .comment       0x00000049       0x4a ./gecko_sdk_4.1.0/platform/service/device_init/src/sl_device_init_nvic.o
 .comment       0x00000049       0x4a ./gecko_sdk_4.1.0/platform/service/sleeptimer/src/sl_sleeptimer.o
 .comment       0x00000049       0x4a ./gecko_sdk_4.1.0/platform/service/sleeptimer/src/sl_sleeptimer_hal_rtcc.o
 .comment       0x00000049       0x4a ./gecko_sdk_4.1.0/platform/service/system/src/sl_system_init.o
 .comment       0x00000049       0x4a ./gecko_sdk_4.1.0/platform/service/system/src/sl_system_process_action.o
 .comment       0x00000049       0x4a ./gecko_sdk_4.1.0/platform/service/udelay/src/sl_udelay.o

.debug_info     0x00000000    0x1bd57
 .debug_info    0x00000000      0x343 ./app.o
 .debug_info    0x00000343       0xb1 ./main.o
 .debug_info    0x000003f4       0xa7 ./autogen/sl_board_default_init.o
 .debug_info    0x0000049b      0x36f ./autogen/sl_device_init_clocks.o
 .debug_info    0x0000080a      0xf9d ./autogen/sl_event_handler.o
 .debug_info    0x000017a7      0x855 ./autogen/sl_spidrv_init.o
 .debug_info    0x00001ffc      0x56c ./gecko_sdk_4.1.0/hardware/board/src/sl_board_control_gpio.o
 .debug_info    0x00002568      0x2d0 ./gecko_sdk_4.1.0/hardware/board/src/sl_board_init.o
 .debug_info    0x00002838      0x3e6 ./gecko_sdk_4.1.0/hardware/driver/configuration_over_swo/src/sl_cos.o
 .debug_info    0x00002c1e      0xdb6 ./gecko_sdk_4.1.0/hardware/driver/mx25_flash_shutdown/src/sl_mx25_flash_shutdown_usart/sl_mx25_flash_shutdown.o
 .debug_info    0x000039d4      0x32b ./gecko_sdk_4.1.0/platform/Device/SiliconLabs/EFR32MG12P/Source/startup_efr32mg12p.o
 .debug_info    0x00003cff      0x9c9 ./gecko_sdk_4.1.0/platform/Device/SiliconLabs/EFR32MG12P/Source/system_efr32mg12p.o
 .debug_info    0x000046c8       0x8a ./gecko_sdk_4.1.0/platform/common/src/sl_assert.o
 .debug_info    0x00004752      0x209 ./gecko_sdk_4.1.0/platform/common/toolchain/src/sl_memory.o
 .debug_info    0x0000495b      0xf56 ./gecko_sdk_4.1.0/platform/driver/debug/src/sl_debug_swo.o
 .debug_info    0x000058b1     0x19b8 ./gecko_sdk_4.1.0/platform/emdrv/dmadrv/src/dmadrv.o
 .debug_info    0x00007269     0x3608 ./gecko_sdk_4.1.0/platform/emdrv/spidrv/src/spidrv.o
 .debug_info    0x0000a871     0x40c3 ./gecko_sdk_4.1.0/platform/emlib/src/em_cmu.o
 .debug_info    0x0000e934     0x11a2 ./gecko_sdk_4.1.0/platform/emlib/src/em_core.o
 .debug_info    0x0000fad6     0x3813 ./gecko_sdk_4.1.0/platform/emlib/src/em_emu.o
 .debug_info    0x000132e9      0xf9e ./gecko_sdk_4.1.0/platform/emlib/src/em_gpio.o
 .debug_info    0x00014287     0x17c9 ./gecko_sdk_4.1.0/platform/emlib/src/em_ldma.o
 .debug_info    0x00015a50      0xc81 ./gecko_sdk_4.1.0/platform/emlib/src/em_rtcc.o
 .debug_info    0x000166d1     0x1546 ./gecko_sdk_4.1.0/platform/emlib/src/em_usart.o
 .debug_info    0x00017c17      0x273 ./gecko_sdk_4.1.0/platform/service/device_init/src/sl_device_init_dcdc_s1.o
 .debug_info    0x00017e8a      0x1e3 ./gecko_sdk_4.1.0/platform/service/device_init/src/sl_device_init_emu_s1.o
 .debug_info    0x0001806d      0x89c ./gecko_sdk_4.1.0/platform/service/device_init/src/sl_device_init_hfxo_s1.o
 .debug_info    0x00018909      0x1b4 ./gecko_sdk_4.1.0/platform/service/device_init/src/sl_device_init_lfxo_s1.o
 .debug_info    0x00018abd      0x60d ./gecko_sdk_4.1.0/platform/service/device_init/src/sl_device_init_nvic.o
 .debug_info    0x000190ca     0x15ee ./gecko_sdk_4.1.0/platform/service/sleeptimer/src/sl_sleeptimer.o
 .debug_info    0x0001a6b8     0x13b4 ./gecko_sdk_4.1.0/platform/service/sleeptimer/src/sl_sleeptimer_hal_rtcc.o
 .debug_info    0x0001ba6c       0xbe ./gecko_sdk_4.1.0/platform/service/system/src/sl_system_init.o
 .debug_info    0x0001bb2a       0xa7 ./gecko_sdk_4.1.0/platform/service/system/src/sl_system_process_action.o
 .debug_info    0x0001bbd1      0x160 ./gecko_sdk_4.1.0/platform/service/udelay/src/sl_udelay.o
 .debug_info    0x0001bd31       0x26 ./gecko_sdk_4.1.0/platform/service/udelay/src/sl_udelay_armv6m_gcc.o

.debug_abbrev   0x00000000     0x478f
 .debug_abbrev  0x00000000       0xd6 ./app.o
 .debug_abbrev  0x000000d6       0x61 ./main.o
 .debug_abbrev  0x00000137       0x6d ./autogen/sl_board_default_init.o
 .debug_abbrev  0x000001a4       0xd3 ./autogen/sl_device_init_clocks.o
 .debug_abbrev  0x00000277      0x180 ./autogen/sl_event_handler.o
 .debug_abbrev  0x000003f7      0x1be ./autogen/sl_spidrv_init.o
 .debug_abbrev  0x000005b5      0x182 ./gecko_sdk_4.1.0/hardware/board/src/sl_board_control_gpio.o
 .debug_abbrev  0x00000737       0xff ./gecko_sdk_4.1.0/hardware/board/src/sl_board_init.o
 .debug_abbrev  0x00000836      0x1fd ./gecko_sdk_4.1.0/hardware/driver/configuration_over_swo/src/sl_cos.o
 .debug_abbrev  0x00000a33      0x26a ./gecko_sdk_4.1.0/hardware/driver/mx25_flash_shutdown/src/sl_mx25_flash_shutdown_usart/sl_mx25_flash_shutdown.o
 .debug_abbrev  0x00000c9d      0x1cc ./gecko_sdk_4.1.0/platform/Device/SiliconLabs/EFR32MG12P/Source/startup_efr32mg12p.o
 .debug_abbrev  0x00000e69      0x234 ./gecko_sdk_4.1.0/platform/Device/SiliconLabs/EFR32MG12P/Source/system_efr32mg12p.o
 .debug_abbrev  0x0000109d       0x6f ./gecko_sdk_4.1.0/platform/common/src/sl_assert.o
 .debug_abbrev  0x0000110c      0x121 ./gecko_sdk_4.1.0/platform/common/toolchain/src/sl_memory.o
 .debug_abbrev  0x0000122d      0x2cb ./gecko_sdk_4.1.0/platform/driver/debug/src/sl_debug_swo.o
 .debug_abbrev  0x000014f8      0x37b ./gecko_sdk_4.1.0/platform/emdrv/dmadrv/src/dmadrv.o
 .debug_abbrev  0x00001873      0x4b8 ./gecko_sdk_4.1.0/platform/emdrv/spidrv/src/spidrv.o
 .debug_abbrev  0x00001d2b      0x572 ./gecko_sdk_4.1.0/platform/emlib/src/em_cmu.o
 .debug_abbrev  0x0000229d      0x31b ./gecko_sdk_4.1.0/platform/emlib/src/em_core.o
 .debug_abbrev  0x000025b8      0x58f ./gecko_sdk_4.1.0/platform/emlib/src/em_emu.o
 .debug_abbrev  0x00002b47      0x32a ./gecko_sdk_4.1.0/platform/emlib/src/em_gpio.o
 .debug_abbrev  0x00002e71      0x412 ./gecko_sdk_4.1.0/platform/emlib/src/em_ldma.o
 .debug_abbrev  0x00003283      0x272 ./gecko_sdk_4.1.0/platform/emlib/src/em_rtcc.o
 .debug_abbrev  0x000034f5      0x32e ./gecko_sdk_4.1.0/platform/emlib/src/em_usart.o
 .debug_abbrev  0x00003823       0xf6 ./gecko_sdk_4.1.0/platform/service/device_init/src/sl_device_init_dcdc_s1.o
 .debug_abbrev  0x00003919       0xf6 ./gecko_sdk_4.1.0/platform/service/device_init/src/sl_device_init_emu_s1.o
 .debug_abbrev  0x00003a0f      0x16b ./gecko_sdk_4.1.0/platform/service/device_init/src/sl_device_init_hfxo_s1.o
 .debug_abbrev  0x00003b7a       0xf2 ./gecko_sdk_4.1.0/platform/service/device_init/src/sl_device_init_lfxo_s1.o
 .debug_abbrev  0x00003c6c      0x156 ./gecko_sdk_4.1.0/platform/service/device_init/src/sl_device_init_nvic.o
 .debug_abbrev  0x00003dc2      0x3ee ./gecko_sdk_4.1.0/platform/service/sleeptimer/src/sl_sleeptimer.o
 .debug_abbrev  0x000041b0      0x43c ./gecko_sdk_4.1.0/platform/service/sleeptimer/src/sl_sleeptimer_hal_rtcc.o
 .debug_abbrev  0x000045ec       0x62 ./gecko_sdk_4.1.0/platform/service/system/src/sl_system_init.o
 .debug_abbrev  0x0000464e       0x62 ./gecko_sdk_4.1.0/platform/service/system/src/sl_system_process_action.o
 .debug_abbrev  0x000046b0       0xcb ./gecko_sdk_4.1.0/platform/service/udelay/src/sl_udelay.o
 .debug_abbrev  0x0000477b       0x14 ./gecko_sdk_4.1.0/platform/service/udelay/src/sl_udelay_armv6m_gcc.o

.debug_loc      0x00000000     0xe023
 .debug_loc     0x00000000       0x20 ./app.o
 .debug_loc     0x00000020       0x20 ./main.o
 .debug_loc     0x00000040       0x20 ./autogen/sl_device_init_clocks.o
 .debug_loc     0x00000060       0x9d ./autogen/sl_event_handler.o
 .debug_loc     0x000000fd       0x2c ./autogen/sl_spidrv_init.o
 .debug_loc     0x00000129      0x2ee ./gecko_sdk_4.1.0/hardware/board/src/sl_board_control_gpio.o
 .debug_loc     0x00000417       0x2c ./gecko_sdk_4.1.0/hardware/board/src/sl_board_init.o
 .debug_loc     0x00000443      0x265 ./gecko_sdk_4.1.0/hardware/driver/configuration_over_swo/src/sl_cos.o
 .debug_loc     0x000006a8      0x124 ./gecko_sdk_4.1.0/hardware/driver/mx25_flash_shutdown/src/sl_mx25_flash_shutdown_usart/sl_mx25_flash_shutdown.o
 .debug_loc     0x000007cc       0x8e ./gecko_sdk_4.1.0/platform/Device/SiliconLabs/EFR32MG12P/Source/startup_efr32mg12p.o
 .debug_loc     0x0000085a       0xd8 ./gecko_sdk_4.1.0/platform/Device/SiliconLabs/EFR32MG12P/Source/system_efr32mg12p.o
 .debug_loc     0x00000932       0x2a ./gecko_sdk_4.1.0/platform/common/src/sl_assert.o
 .debug_loc     0x0000095c       0x9c ./gecko_sdk_4.1.0/platform/common/toolchain/src/sl_memory.o
 .debug_loc     0x000009f8      0x23d ./gecko_sdk_4.1.0/platform/driver/debug/src/sl_debug_swo.o
 .debug_loc     0x00000c35     0x11ad ./gecko_sdk_4.1.0/platform/emdrv/dmadrv/src/dmadrv.o
 .debug_loc     0x00001de2     0x2461 ./gecko_sdk_4.1.0/platform/emdrv/spidrv/src/spidrv.o
 .debug_loc     0x00004243     0x33c7 ./gecko_sdk_4.1.0/platform/emlib/src/em_cmu.o
 .debug_loc     0x0000760a      0x8d6 ./gecko_sdk_4.1.0/platform/emlib/src/em_core.o
 .debug_loc     0x00007ee0     0x23cf ./gecko_sdk_4.1.0/platform/emlib/src/em_emu.o
 .debug_loc     0x0000a2af      0xdf2 ./gecko_sdk_4.1.0/platform/emlib/src/em_gpio.o
 .debug_loc     0x0000b0a1      0x63a ./gecko_sdk_4.1.0/platform/emlib/src/em_ldma.o
 .debug_loc     0x0000b6db      0x1a0 ./gecko_sdk_4.1.0/platform/emlib/src/em_rtcc.o
 .debug_loc     0x0000b87b      0xa54 ./gecko_sdk_4.1.0/platform/emlib/src/em_usart.o
 .debug_loc     0x0000c2cf       0x2c ./gecko_sdk_4.1.0/platform/service/device_init/src/sl_device_init_dcdc_s1.o
 .debug_loc     0x0000c2fb       0x2c ./gecko_sdk_4.1.0/platform/service/device_init/src/sl_device_init_emu_s1.o
 .debug_loc     0x0000c327       0x77 ./gecko_sdk_4.1.0/platform/service/device_init/src/sl_device_init_hfxo_s1.o
 .debug_loc     0x0000c39e       0x2c ./gecko_sdk_4.1.0/platform/service/device_init/src/sl_device_init_lfxo_s1.o
 .debug_loc     0x0000c3ca       0x6f ./gecko_sdk_4.1.0/platform/service/device_init/src/sl_device_init_nvic.o
 .debug_loc     0x0000c439     0x14f5 ./gecko_sdk_4.1.0/platform/service/sleeptimer/src/sl_sleeptimer.o
 .debug_loc     0x0000d92e      0x4f8 ./gecko_sdk_4.1.0/platform/service/sleeptimer/src/sl_sleeptimer_hal_rtcc.o
 .debug_loc     0x0000de26       0x2c ./gecko_sdk_4.1.0/platform/service/system/src/sl_system_init.o
 .debug_loc     0x0000de52       0x2c ./gecko_sdk_4.1.0/platform/service/system/src/sl_system_process_action.o
 .debug_loc     0x0000de7e      0x1a5 ./gecko_sdk_4.1.0/platform/service/udelay/src/sl_udelay.o

.debug_aranges  0x00000000      0xca8
 .debug_aranges
                0x00000000       0x28 ./app.o
 .debug_aranges
                0x00000028       0x20 ./main.o
 .debug_aranges
                0x00000048       0x20 ./autogen/sl_board_default_init.o
 .debug_aranges
                0x00000068       0x20 ./autogen/sl_device_init_clocks.o
 .debug_aranges
                0x00000088       0x38 ./autogen/sl_event_handler.o
 .debug_aranges
                0x000000c0       0x20 ./autogen/sl_spidrv_init.o
 .debug_aranges
                0x000000e0       0x70 ./gecko_sdk_4.1.0/hardware/board/src/sl_board_control_gpio.o
 .debug_aranges
                0x00000150       0x28 ./gecko_sdk_4.1.0/hardware/board/src/sl_board_init.o
 .debug_aranges
                0x00000178       0x38 ./gecko_sdk_4.1.0/hardware/driver/configuration_over_swo/src/sl_cos.o
 .debug_aranges
                0x000001b0       0x30 ./gecko_sdk_4.1.0/hardware/driver/mx25_flash_shutdown/src/sl_mx25_flash_shutdown_usart/sl_mx25_flash_shutdown.o
 .debug_aranges
                0x000001e0       0x28 ./gecko_sdk_4.1.0/platform/Device/SiliconLabs/EFR32MG12P/Source/startup_efr32mg12p.o
 .debug_aranges
                0x00000208       0x68 ./gecko_sdk_4.1.0/platform/Device/SiliconLabs/EFR32MG12P/Source/system_efr32mg12p.o
 .debug_aranges
                0x00000270       0x20 ./gecko_sdk_4.1.0/platform/common/src/sl_assert.o
 .debug_aranges
                0x00000290       0x30 ./gecko_sdk_4.1.0/platform/common/toolchain/src/sl_memory.o
 .debug_aranges
                0x000002c0       0x48 ./gecko_sdk_4.1.0/platform/driver/debug/src/sl_debug_swo.o
 .debug_aranges
                0x00000308       0xa8 ./gecko_sdk_4.1.0/platform/emdrv/dmadrv/src/dmadrv.o
 .debug_aranges
                0x000003b0      0x118 ./gecko_sdk_4.1.0/platform/emdrv/spidrv/src/spidrv.o
 .debug_aranges
                0x000004c8      0x168 ./gecko_sdk_4.1.0/platform/emlib/src/em_cmu.o
 .debug_aranges
                0x00000630       0xe8 ./gecko_sdk_4.1.0/platform/emlib/src/em_core.o
 .debug_aranges
                0x00000718      0x158 ./gecko_sdk_4.1.0/platform/emlib/src/em_emu.o
 .debug_aranges
                0x00000870       0x70 ./gecko_sdk_4.1.0/platform/emlib/src/em_gpio.o
 .debug_aranges
                0x000008e0       0x50 ./gecko_sdk_4.1.0/platform/emlib/src/em_ldma.o
 .debug_aranges
                0x00000930       0x40 ./gecko_sdk_4.1.0/platform/emlib/src/em_rtcc.o
 .debug_aranges
                0x00000970       0xb8 ./gecko_sdk_4.1.0/platform/emlib/src/em_usart.o
 .debug_aranges
                0x00000a28       0x20 ./gecko_sdk_4.1.0/platform/service/device_init/src/sl_device_init_dcdc_s1.o
 .debug_aranges
                0x00000a48       0x20 ./gecko_sdk_4.1.0/platform/service/device_init/src/sl_device_init_emu_s1.o
 .debug_aranges
                0x00000a68       0x20 ./gecko_sdk_4.1.0/platform/service/device_init/src/sl_device_init_hfxo_s1.o
 .debug_aranges
                0x00000a88       0x20 ./gecko_sdk_4.1.0/platform/service/device_init/src/sl_device_init_lfxo_s1.o
 .debug_aranges
                0x00000aa8       0x20 ./gecko_sdk_4.1.0/platform/service/device_init/src/sl_device_init_nvic.o
 .debug_aranges
                0x00000ac8       0xf0 ./gecko_sdk_4.1.0/platform/service/sleeptimer/src/sl_sleeptimer.o
 .debug_aranges
                0x00000bb8       0x70 ./gecko_sdk_4.1.0/platform/service/sleeptimer/src/sl_sleeptimer_hal_rtcc.o
 .debug_aranges
                0x00000c28       0x20 ./gecko_sdk_4.1.0/platform/service/system/src/sl_system_init.o
 .debug_aranges
                0x00000c48       0x20 ./gecko_sdk_4.1.0/platform/service/system/src/sl_system_process_action.o
 .debug_aranges
                0x00000c68       0x20 ./gecko_sdk_4.1.0/platform/service/udelay/src/sl_udelay.o
 .debug_aranges
                0x00000c88       0x20 ./gecko_sdk_4.1.0/platform/service/udelay/src/sl_udelay_armv6m_gcc.o

.debug_ranges   0x00000000     0x1540
 .debug_ranges  0x00000000       0x18 ./app.o
 .debug_ranges  0x00000018       0x10 ./main.o
 .debug_ranges  0x00000028       0x10 ./autogen/sl_board_default_init.o
 .debug_ranges  0x00000038       0x10 ./autogen/sl_device_init_clocks.o
 .debug_ranges  0x00000048       0x40 ./autogen/sl_event_handler.o
 .debug_ranges  0x00000088       0x10 ./autogen/sl_spidrv_init.o
 .debug_ranges  0x00000098       0x60 ./gecko_sdk_4.1.0/hardware/board/src/sl_board_control_gpio.o
 .debug_ranges  0x000000f8       0x18 ./gecko_sdk_4.1.0/hardware/board/src/sl_board_init.o
 .debug_ranges  0x00000110       0x40 ./gecko_sdk_4.1.0/hardware/driver/configuration_over_swo/src/sl_cos.o
 .debug_ranges  0x00000150       0x50 ./gecko_sdk_4.1.0/hardware/driver/mx25_flash_shutdown/src/sl_mx25_flash_shutdown_usart/sl_mx25_flash_shutdown.o
 .debug_ranges  0x000001a0       0x80 ./gecko_sdk_4.1.0/platform/Device/SiliconLabs/EFR32MG12P/Source/startup_efr32mg12p.o
 .debug_ranges  0x00000220       0x58 ./gecko_sdk_4.1.0/platform/Device/SiliconLabs/EFR32MG12P/Source/system_efr32mg12p.o
 .debug_ranges  0x00000278       0x10 ./gecko_sdk_4.1.0/platform/common/src/sl_assert.o
 .debug_ranges  0x00000288       0x20 ./gecko_sdk_4.1.0/platform/common/toolchain/src/sl_memory.o
 .debug_ranges  0x000002a8       0x38 ./gecko_sdk_4.1.0/platform/driver/debug/src/sl_debug_swo.o
 .debug_ranges  0x000002e0       0x98 ./gecko_sdk_4.1.0/platform/emdrv/dmadrv/src/dmadrv.o
 .debug_ranges  0x00000378      0x248 ./gecko_sdk_4.1.0/platform/emdrv/spidrv/src/spidrv.o
 .debug_ranges  0x000005c0      0x430 ./gecko_sdk_4.1.0/platform/emlib/src/em_cmu.o
 .debug_ranges  0x000009f0      0x1a0 ./gecko_sdk_4.1.0/platform/emlib/src/em_core.o
 .debug_ranges  0x00000b90      0x3c8 ./gecko_sdk_4.1.0/platform/emlib/src/em_emu.o
 .debug_ranges  0x00000f58       0xd0 ./gecko_sdk_4.1.0/platform/emlib/src/em_gpio.o
 .debug_ranges  0x00001028       0x70 ./gecko_sdk_4.1.0/platform/emlib/src/em_ldma.o
 .debug_ranges  0x00001098       0x48 ./gecko_sdk_4.1.0/platform/emlib/src/em_rtcc.o
 .debug_ranges  0x000010e0       0xa8 ./gecko_sdk_4.1.0/platform/emlib/src/em_usart.o
 .debug_ranges  0x00001188       0x10 ./gecko_sdk_4.1.0/platform/service/device_init/src/sl_device_init_dcdc_s1.o
 .debug_ranges  0x00001198       0x10 ./gecko_sdk_4.1.0/platform/service/device_init/src/sl_device_init_emu_s1.o
 .debug_ranges  0x000011a8       0x10 ./gecko_sdk_4.1.0/platform/service/device_init/src/sl_device_init_hfxo_s1.o
 .debug_ranges  0x000011b8       0x10 ./gecko_sdk_4.1.0/platform/service/device_init/src/sl_device_init_lfxo_s1.o
 .debug_ranges  0x000011c8       0x58 ./gecko_sdk_4.1.0/platform/service/device_init/src/sl_device_init_nvic.o
 .debug_ranges  0x00001220      0x1a0 ./gecko_sdk_4.1.0/platform/service/sleeptimer/src/sl_sleeptimer.o
 .debug_ranges  0x000013c0      0x150 ./gecko_sdk_4.1.0/platform/service/sleeptimer/src/sl_sleeptimer_hal_rtcc.o
 .debug_ranges  0x00001510       0x10 ./gecko_sdk_4.1.0/platform/service/system/src/sl_system_init.o
 .debug_ranges  0x00001520       0x10 ./gecko_sdk_4.1.0/platform/service/system/src/sl_system_process_action.o
 .debug_ranges  0x00001530       0x10 ./gecko_sdk_4.1.0/platform/service/udelay/src/sl_udelay.o

.debug_macro    0x00000000    0x38161
 .debug_macro   0x00000000      0x31e ./app.o
 .debug_macro   0x0000031e      0xa84 ./app.o
 .debug_macro   0x00000da2       0x10 ./app.o
 .debug_macro   0x00000db2      0x4d2 ./app.o
 .debug_macro   0x00001284       0x22 ./app.o
 .debug_macro   0x000012a6       0x56 ./app.o
 .debug_macro   0x000012fc       0x51 ./app.o
 .debug_macro   0x0000134d      0x103 ./app.o
 .debug_macro   0x00001450       0x6a ./app.o
 .debug_macro   0x000014ba      0x1df ./app.o
 .debug_macro   0x00001699       0x1c ./app.o
 .debug_macro   0x000016b5       0x22 ./app.o
 .debug_macro   0x000016d7       0xfb ./app.o
 .debug_macro   0x000017d2     0x1011 ./app.o
 .debug_macro   0x000027e3      0x11f ./app.o
 .debug_macro   0x00002902      0xe1c ./app.o
 .debug_macro   0x0000371e     0x2275 ./app.o
 .debug_macro   0x00005993      0x329 ./app.o
 .debug_macro   0x00005cbc     0x3119 ./app.o
 .debug_macro   0x00008dd5     0x1bba ./app.o
 .debug_macro   0x0000a98f     0x2674 ./app.o
 .debug_macro   0x0000d003     0x1b19 ./app.o
 .debug_macro   0x0000eb1c      0xe2b ./app.o
 .debug_macro   0x0000f947      0x344 ./app.o
 .debug_macro   0x0000fc8b      0x29d ./app.o
 .debug_macro   0x0000ff28     0x2763 ./app.o
 .debug_macro   0x0001268b     0x31cc ./app.o
 .debug_macro   0x00015857     0x136b ./app.o
 .debug_macro   0x00016bc2      0xde2 ./app.o
 .debug_macro   0x000179a4      0x249 ./app.o
 .debug_macro   0x00017bed     0x1042 ./app.o
 .debug_macro   0x00018c2f     0x1605 ./app.o
 .debug_macro   0x0001a234     0x3cb7 ./app.o
 .debug_macro   0x0001deeb     0x23fc ./app.o
 .debug_macro   0x000202e7      0x70c ./app.o
 .debug_macro   0x000209f3     0x26ef ./app.o
 .debug_macro   0x000230e2     0x1700 ./app.o
 .debug_macro   0x000247e2     0x2efb ./app.o
 .debug_macro   0x000276dd      0xfaf ./app.o
 .debug_macro   0x0002868c      0x6c3 ./app.o
 .debug_macro   0x00028d4f     0x1021 ./app.o
 .debug_macro   0x00029d70      0x888 ./app.o
 .debug_macro   0x0002a5f8      0x4ff ./app.o
 .debug_macro   0x0002aaf7     0x1dee ./app.o
 .debug_macro   0x0002c8e5       0x40 ./app.o
 .debug_macro   0x0002c925      0x2ce ./app.o
 .debug_macro   0x0002cbf3      0x381 ./app.o
 .debug_macro   0x0002cf74      0x190 ./app.o
 .debug_macro   0x0002d104     0x27bf ./app.o
 .debug_macro   0x0002f8c3      0x303 ./app.o
 .debug_macro   0x0002fbc6      0x303 ./app.o
 .debug_macro   0x0002fec9       0x22 ./app.o
 .debug_macro   0x0002feeb       0x10 ./app.o
 .debug_macro   0x0002fefb       0x8d ./app.o
 .debug_macro   0x0002ff88       0x22 ./app.o
 .debug_macro   0x0002ffaa       0x10 ./app.o
 .debug_macro   0x0002ffba       0xf6 ./app.o
 .debug_macro   0x000300b0       0x16 ./app.o
 .debug_macro   0x000300c6       0xe4 ./app.o
 .debug_macro   0x000301aa      0x35a ./app.o
 .debug_macro   0x00030504       0xf1 ./app.o
 .debug_macro   0x000305f5       0x64 ./app.o
 .debug_macro   0x00030659       0x41 ./main.o
 .debug_macro   0x0003069a       0x8e ./autogen/sl_board_default_init.o
 .debug_macro   0x00030728      0x72f ./autogen/sl_board_default_init.o
 .debug_macro   0x00030e57      0x301 ./autogen/sl_device_init_clocks.o
 .debug_macro   0x00031158      0x4a1 ./autogen/sl_event_handler.o
 .debug_macro   0x000315f9      0x735 ./autogen/sl_event_handler.o
 .debug_macro   0x00031d2e      0x16d ./autogen/sl_event_handler.o
 .debug_macro   0x00031e9b       0x4c ./autogen/sl_event_handler.o
 .debug_macro   0x00031ee7       0x10 ./autogen/sl_event_handler.o
 .debug_macro   0x00031ef7       0x11 ./autogen/sl_event_handler.o
 .debug_macro   0x00031f08       0x4c ./autogen/sl_event_handler.o
 .debug_macro   0x00031f54       0x10 ./autogen/sl_event_handler.o
 .debug_macro   0x00031f64       0x1e ./autogen/sl_event_handler.o
 .debug_macro   0x00031f82       0x64 ./autogen/sl_event_handler.o
 .debug_macro   0x00031fe6       0x35 ./autogen/sl_event_handler.o
 .debug_macro   0x0003201b       0x34 ./autogen/sl_event_handler.o
 .debug_macro   0x0003204f       0x16 ./autogen/sl_event_handler.o
 .debug_macro   0x00032065       0x35 ./autogen/sl_event_handler.o
 .debug_macro   0x0003209a       0x16 ./autogen/sl_event_handler.o
 .debug_macro   0x000320b0       0x43 ./autogen/sl_event_handler.o
 .debug_macro   0x000320f3       0x34 ./autogen/sl_event_handler.o
 .debug_macro   0x00032127       0x10 ./autogen/sl_event_handler.o
 .debug_macro   0x00032137       0x58 ./autogen/sl_event_handler.o
 .debug_macro   0x0003218f      0x182 ./autogen/sl_event_handler.o
 .debug_macro   0x00032311      0x35d ./autogen/sl_event_handler.o
 .debug_macro   0x0003266e       0x22 ./autogen/sl_event_handler.o
 .debug_macro   0x00032690       0x1c ./autogen/sl_event_handler.o
 .debug_macro   0x000326ac       0x16 ./autogen/sl_event_handler.o
 .debug_macro   0x000326c2       0xce ./autogen/sl_event_handler.o
 .debug_macro   0x00032790       0x1c ./autogen/sl_event_handler.o
 .debug_macro   0x000327ac       0x3b ./autogen/sl_event_handler.o
 .debug_macro   0x000327e7       0x78 ./autogen/sl_event_handler.o
 .debug_macro   0x0003285f      0x429 ./autogen/sl_spidrv_init.o
 .debug_macro   0x00032c88       0x88 ./autogen/sl_spidrv_init.o
 .debug_macro   0x00032d10      0x2f1 ./gecko_sdk_4.1.0/hardware/board/src/sl_board_control_gpio.o
 .debug_macro   0x00033001       0x46 ./gecko_sdk_4.1.0/hardware/board/src/sl_board_control_gpio.o
 .debug_macro   0x00033047      0x317 ./gecko_sdk_4.1.0/hardware/board/src/sl_board_init.o
 .debug_macro   0x0003335e       0xea ./gecko_sdk_4.1.0/hardware/board/src/sl_board_init.o
 .debug_macro   0x00033448       0x58 ./gecko_sdk_4.1.0/hardware/board/src/sl_board_init.o
 .debug_macro   0x000334a0      0x1ae ./gecko_sdk_4.1.0/hardware/driver/configuration_over_swo/src/sl_cos.o
 .debug_macro   0x0003364e      0x32a ./gecko_sdk_4.1.0/hardware/driver/mx25_flash_shutdown/src/sl_mx25_flash_shutdown_usart/sl_mx25_flash_shutdown.o
 .debug_macro   0x00033978      0x276 ./gecko_sdk_4.1.0/platform/Device/SiliconLabs/EFR32MG12P/Source/startup_efr32mg12p.o
 .debug_macro   0x00033bee      0x28b ./gecko_sdk_4.1.0/platform/Device/SiliconLabs/EFR32MG12P/Source/system_efr32mg12p.o
 .debug_macro   0x00033e79       0x2c ./gecko_sdk_4.1.0/platform/common/src/sl_assert.o
 .debug_macro   0x00033ea5       0x92 ./gecko_sdk_4.1.0/platform/common/toolchain/src/sl_memory.o
 .debug_macro   0x00033f37       0x16 ./gecko_sdk_4.1.0/platform/common/toolchain/src/sl_memory.o
 .debug_macro   0x00033f4d      0x30f ./gecko_sdk_4.1.0/platform/driver/debug/src/sl_debug_swo.o
 .debug_macro   0x0003425c       0x3a ./gecko_sdk_4.1.0/platform/driver/debug/src/sl_debug_swo.o
 .debug_macro   0x00034296      0x324 ./gecko_sdk_4.1.0/platform/emdrv/dmadrv/src/dmadrv.o
 .debug_macro   0x000345ba       0x10 ./gecko_sdk_4.1.0/platform/emdrv/dmadrv/src/dmadrv.o
 .debug_macro   0x000345ca      0x45c ./gecko_sdk_4.1.0/platform/emdrv/spidrv/src/spidrv.o
 .debug_macro   0x00034a26       0x16 ./gecko_sdk_4.1.0/platform/emdrv/spidrv/src/spidrv.o
 .debug_macro   0x00034a3c      0x419 ./gecko_sdk_4.1.0/platform/emlib/src/em_cmu.o
 .debug_macro   0x00034e55       0x7c ./gecko_sdk_4.1.0/platform/emlib/src/em_cmu.o
 .debug_macro   0x00034ed1       0x17 ./gecko_sdk_4.1.0/platform/emlib/src/em_cmu.o
 .debug_macro   0x00034ee8       0xee ./gecko_sdk_4.1.0/platform/emlib/src/em_cmu.o
 .debug_macro   0x00034fd6       0x93 ./gecko_sdk_4.1.0/platform/emlib/src/em_cmu.o
 .debug_macro   0x00035069       0x34 ./gecko_sdk_4.1.0/platform/emlib/src/em_cmu.o
 .debug_macro   0x0003509d       0x34 ./gecko_sdk_4.1.0/platform/emlib/src/em_cmu.o
 .debug_macro   0x000350d1      0x2bb ./gecko_sdk_4.1.0/platform/emlib/src/em_core.o
 .debug_macro   0x0003538c      0x40c ./gecko_sdk_4.1.0/platform/emlib/src/em_emu.o
 .debug_macro   0x00035798       0x8d ./gecko_sdk_4.1.0/platform/emlib/src/em_emu.o
 .debug_macro   0x00035825      0x2db ./gecko_sdk_4.1.0/platform/emlib/src/em_gpio.o
 .debug_macro   0x00035b00      0x308 ./gecko_sdk_4.1.0/platform/emlib/src/em_ldma.o
 .debug_macro   0x00035e08       0xc8 ./gecko_sdk_4.1.0/platform/emlib/src/em_ldma.o
 .debug_macro   0x00035ed0      0x2c6 ./gecko_sdk_4.1.0/platform/emlib/src/em_rtcc.o
 .debug_macro   0x00036196       0x87 ./gecko_sdk_4.1.0/platform/emlib/src/em_rtcc.o
 .debug_macro   0x0003621d      0x325 ./gecko_sdk_4.1.0/platform/emlib/src/em_usart.o
 .debug_macro   0x00036542       0xeb ./gecko_sdk_4.1.0/platform/emlib/src/em_usart.o
 .debug_macro   0x0003662d      0x2e8 ./gecko_sdk_4.1.0/platform/service/device_init/src/sl_device_init_dcdc_s1.o
 .debug_macro   0x00036915       0x22 ./gecko_sdk_4.1.0/platform/service/device_init/src/sl_device_init_dcdc_s1.o
 .debug_macro   0x00036937      0x2ee ./gecko_sdk_4.1.0/platform/service/device_init/src/sl_device_init_emu_s1.o
 .debug_macro   0x00036c25       0x28 ./gecko_sdk_4.1.0/platform/service/device_init/src/sl_device_init_emu_s1.o
 .debug_macro   0x00036c4d      0x316 ./gecko_sdk_4.1.0/platform/service/device_init/src/sl_device_init_hfxo_s1.o
 .debug_macro   0x00036f63       0x28 ./gecko_sdk_4.1.0/platform/service/device_init/src/sl_device_init_hfxo_s1.o
 .debug_macro   0x00036f8b      0x30a ./gecko_sdk_4.1.0/platform/service/device_init/src/sl_device_init_lfxo_s1.o
 .debug_macro   0x00037295       0x22 ./gecko_sdk_4.1.0/platform/service/device_init/src/sl_device_init_lfxo_s1.o
 .debug_macro   0x000372b7      0x2b8 ./gecko_sdk_4.1.0/platform/service/device_init/src/sl_device_init_nvic.o
 .debug_macro   0x0003756f      0x46e ./gecko_sdk_4.1.0/platform/service/sleeptimer/src/sl_sleeptimer.o
 .debug_macro   0x000379dd       0x10 ./gecko_sdk_4.1.0/platform/service/sleeptimer/src/sl_sleeptimer.o
 .debug_macro   0x000379ed       0x10 ./gecko_sdk_4.1.0/platform/service/sleeptimer/src/sl_sleeptimer.o
 .debug_macro   0x000379fd       0x10 ./gecko_sdk_4.1.0/platform/service/sleeptimer/src/sl_sleeptimer.o
 .debug_macro   0x00037a0d       0x10 ./gecko_sdk_4.1.0/platform/service/sleeptimer/src/sl_sleeptimer.o
 .debug_macro   0x00037a1d       0xb2 ./gecko_sdk_4.1.0/platform/service/sleeptimer/src/sl_sleeptimer.o
 .debug_macro   0x00037acf       0x2e ./gecko_sdk_4.1.0/platform/service/sleeptimer/src/sl_sleeptimer.o
 .debug_macro   0x00037afd       0x16 ./gecko_sdk_4.1.0/platform/service/sleeptimer/src/sl_sleeptimer.o
 .debug_macro   0x00037b13       0x10 ./gecko_sdk_4.1.0/platform/service/sleeptimer/src/sl_sleeptimer.o
 .debug_macro   0x00037b23       0x16 ./gecko_sdk_4.1.0/platform/service/sleeptimer/src/sl_sleeptimer.o
 .debug_macro   0x00037b39      0x357 ./gecko_sdk_4.1.0/platform/service/sleeptimer/src/sl_sleeptimer_hal_rtcc.o
 .debug_macro   0x00037e90       0x24 ./gecko_sdk_4.1.0/platform/service/system/src/sl_system_init.o
 .debug_macro   0x00037eb4       0x24 ./gecko_sdk_4.1.0/platform/service/system/src/sl_system_process_action.o
 .debug_macro   0x00037ed8      0x289 ./gecko_sdk_4.1.0/platform/service/udelay/src/sl_udelay.o

.debug_line     0x00000000    0x1cb79
 .debug_line    0x00000000      0xa89 ./app.o
 .debug_line    0x00000a89      0x1b0 ./main.o
 .debug_line    0x00000c39      0x391 ./autogen/sl_board_default_init.o
 .debug_line    0x00000fca      0xa84 ./autogen/sl_device_init_clocks.o
 .debug_line    0x00001a4e      0xfc5 ./autogen/sl_event_handler.o
 .debug_line    0x00002a13      0xca4 ./autogen/sl_spidrv_init.o
 .debug_line    0x000036b7      0xcbc ./gecko_sdk_4.1.0/hardware/board/src/sl_board_control_gpio.o
 .debug_line    0x00004373      0xb97 ./gecko_sdk_4.1.0/hardware/board/src/sl_board_init.o
 .debug_line    0x00004f0a      0x5f9 ./gecko_sdk_4.1.0/hardware/driver/configuration_over_swo/src/sl_cos.o
 .debug_line    0x00005503      0xc7a ./gecko_sdk_4.1.0/hardware/driver/mx25_flash_shutdown/src/sl_mx25_flash_shutdown_usart/sl_mx25_flash_shutdown.o
 .debug_line    0x0000617d      0x93d ./gecko_sdk_4.1.0/platform/Device/SiliconLabs/EFR32MG12P/Source/startup_efr32mg12p.o
 .debug_line    0x00006aba      0xa24 ./gecko_sdk_4.1.0/platform/Device/SiliconLabs/EFR32MG12P/Source/system_efr32mg12p.o
 .debug_line    0x000074de      0x1e2 ./gecko_sdk_4.1.0/platform/common/src/sl_assert.o
 .debug_line    0x000076c0      0x3f9 ./gecko_sdk_4.1.0/platform/common/toolchain/src/sl_memory.o
 .debug_line    0x00007ab9      0xd25 ./gecko_sdk_4.1.0/platform/driver/debug/src/sl_debug_swo.o
 .debug_line    0x000087de     0x12c8 ./gecko_sdk_4.1.0/platform/emdrv/dmadrv/src/dmadrv.o
 .debug_line    0x00009aa6     0x2903 ./gecko_sdk_4.1.0/platform/emdrv/spidrv/src/spidrv.o
 .debug_line    0x0000c3a9     0x2af1 ./gecko_sdk_4.1.0/platform/emlib/src/em_cmu.o
 .debug_line    0x0000ee9a     0x112e ./gecko_sdk_4.1.0/platform/emlib/src/em_core.o
 .debug_line    0x0000ffc8     0x23d2 ./gecko_sdk_4.1.0/platform/emlib/src/em_emu.o
 .debug_line    0x0001239a      0xff0 ./gecko_sdk_4.1.0/platform/emlib/src/em_gpio.o
 .debug_line    0x0001338a      0xe6c ./gecko_sdk_4.1.0/platform/emlib/src/em_ldma.o
 .debug_line    0x000141f6      0xc70 ./gecko_sdk_4.1.0/platform/emlib/src/em_rtcc.o
 .debug_line    0x00014e66     0x1326 ./gecko_sdk_4.1.0/platform/emlib/src/em_usart.o
 .debug_line    0x0001618c      0xabf ./gecko_sdk_4.1.0/platform/service/device_init/src/sl_device_init_dcdc_s1.o
 .debug_line    0x00016c4b      0xada ./gecko_sdk_4.1.0/platform/service/device_init/src/sl_device_init_emu_s1.o
 .debug_line    0x00017725      0xb36 ./gecko_sdk_4.1.0/platform/service/device_init/src/sl_device_init_hfxo_s1.o
 .debug_line    0x0001825b      0xafd ./gecko_sdk_4.1.0/platform/service/device_init/src/sl_device_init_lfxo_s1.o
 .debug_line    0x00018d58      0xa80 ./gecko_sdk_4.1.0/platform/service/device_init/src/sl_device_init_nvic.o
 .debug_line    0x000197d8     0x16df ./gecko_sdk_4.1.0/platform/service/sleeptimer/src/sl_sleeptimer.o
 .debug_line    0x0001aeb7      0xfbd ./gecko_sdk_4.1.0/platform/service/sleeptimer/src/sl_sleeptimer_hal_rtcc.o
 .debug_line    0x0001be74      0x165 ./gecko_sdk_4.1.0/platform/service/system/src/sl_system_init.o
 .debug_line    0x0001bfd9      0x16e ./gecko_sdk_4.1.0/platform/service/system/src/sl_system_process_action.o
 .debug_line    0x0001c147      0x999 ./gecko_sdk_4.1.0/platform/service/udelay/src/sl_udelay.o
 .debug_line    0x0001cae0       0x99 ./gecko_sdk_4.1.0/platform/service/udelay/src/sl_udelay_armv6m_gcc.o

.debug_str      0x00000000   0x1673d3
 .debug_str     0x00000000   0x151dd9 ./app.o
                             0x152cc2 (size before relaxing)
 .debug_str     0x00151dd9       0x6c ./main.o
                               0x2e8a (size before relaxing)
 .debug_str     0x00151e45     0x3cab ./autogen/sl_board_default_init.o
                               0x7903 (size before relaxing)
 .debug_str     0x00155af0      0x43f ./autogen/sl_device_init_clocks.o
                             0x156553 (size before relaxing)
 .debug_str     0x00155f2f     0x7790 ./autogen/sl_event_handler.o
                             0x15da28 (size before relaxing)
 .debug_str     0x0015d6bf      0x82f ./autogen/sl_spidrv_init.o
                             0x15da5c (size before relaxing)
 .debug_str     0x0015deee      0x5da ./gecko_sdk_4.1.0/hardware/board/src/sl_board_control_gpio.o
                             0x1559e4 (size before relaxing)
 .debug_str     0x0015e4c8      0x283 ./gecko_sdk_4.1.0/hardware/board/src/sl_board_init.o
                             0x1567fb (size before relaxing)
 .debug_str     0x0015e74b      0x77c ./gecko_sdk_4.1.0/hardware/driver/configuration_over_swo/src/sl_cos.o
                               0x84d7 (size before relaxing)
 .debug_str     0x0015eec7      0x49c ./gecko_sdk_4.1.0/hardware/driver/mx25_flash_shutdown/src/sl_mx25_flash_shutdown_usart/sl_mx25_flash_shutdown.o
                             0x1536f9 (size before relaxing)
 .debug_str     0x0015f363      0x16f ./gecko_sdk_4.1.0/platform/Device/SiliconLabs/EFR32MG12P/Source/startup_efr32mg12p.o
                             0x1503e6 (size before relaxing)
 .debug_str     0x0015f4d2      0x282 ./gecko_sdk_4.1.0/platform/Device/SiliconLabs/EFR32MG12P/Source/system_efr32mg12p.o
                             0x1507ad (size before relaxing)
 .debug_str     0x0015f754       0x59 ./gecko_sdk_4.1.0/platform/common/src/sl_assert.o
                               0x2e52 (size before relaxing)
 .debug_str     0x0015f7ad      0x14b ./gecko_sdk_4.1.0/platform/common/toolchain/src/sl_memory.o
                               0x4042 (size before relaxing)
 .debug_str     0x0015f8f8      0x3fc ./gecko_sdk_4.1.0/platform/driver/debug/src/sl_debug_swo.o
                             0x156bcc (size before relaxing)
 .debug_str     0x0015fcf4      0xa7f ./gecko_sdk_4.1.0/platform/emdrv/dmadrv/src/dmadrv.o
                             0x15674b (size before relaxing)
 .debug_str     0x00160773     0x1189 ./gecko_sdk_4.1.0/platform/emdrv/spidrv/src/spidrv.o
                             0x15f6c6 (size before relaxing)
 .debug_str     0x001618fc     0x1b4f ./gecko_sdk_4.1.0/platform/emlib/src/em_cmu.o
                             0x156624 (size before relaxing)
 .debug_str     0x0016344b      0x37c ./gecko_sdk_4.1.0/platform/emlib/src/em_core.o
                             0x151657 (size before relaxing)
 .debug_str     0x001637c7     0x1308 ./gecko_sdk_4.1.0/platform/emlib/src/em_emu.o
                             0x15684d (size before relaxing)
 .debug_str     0x00164acf      0x210 ./gecko_sdk_4.1.0/platform/emlib/src/em_gpio.o
                             0x151e5c (size before relaxing)
 .debug_str     0x00164cdf       0x70 ./gecko_sdk_4.1.0/platform/emlib/src/em_ldma.o
                             0x15629b (size before relaxing)
 .debug_str     0x00164d4f      0x80e ./gecko_sdk_4.1.0/platform/emlib/src/em_rtcc.o
                             0x1519f9 (size before relaxing)
 .debug_str     0x0016555d      0x6f4 ./gecko_sdk_4.1.0/platform/emlib/src/em_usart.o
                             0x15378d (size before relaxing)
 .debug_str     0x00165c51      0x12e ./gecko_sdk_4.1.0/platform/service/device_init/src/sl_device_init_dcdc_s1.o
                             0x1552af (size before relaxing)
 .debug_str     0x00165d7f      0x1a6 ./gecko_sdk_4.1.0/platform/service/device_init/src/sl_device_init_emu_s1.o
                             0x15523f (size before relaxing)
 .debug_str     0x00165f25      0x18e ./gecko_sdk_4.1.0/platform/service/device_init/src/sl_device_init_hfxo_s1.o
                             0x15683c (size before relaxing)
 .debug_str     0x001660b3      0x131 ./gecko_sdk_4.1.0/platform/service/device_init/src/sl_device_init_lfxo_s1.o
                             0x156341 (size before relaxing)
 .debug_str     0x001661e4       0x6b ./gecko_sdk_4.1.0/platform/service/device_init/src/sl_device_init_nvic.o
                             0x154f6b (size before relaxing)
 .debug_str     0x0016624f      0xdb5 ./gecko_sdk_4.1.0/platform/service/sleeptimer/src/sl_sleeptimer.o
                             0x15897f (size before relaxing)
 .debug_str     0x00167004      0x1f3 ./gecko_sdk_4.1.0/platform/service/sleeptimer/src/sl_sleeptimer_hal_rtcc.o
                             0x157910 (size before relaxing)
 .debug_str     0x001671f7       0x61 ./gecko_sdk_4.1.0/platform/service/system/src/sl_system_init.o
                               0x2e23 (size before relaxing)
 .debug_str     0x00167258       0x6b ./gecko_sdk_4.1.0/platform/service/system/src/sl_system_process_action.o
                               0x2e50 (size before relaxing)
 .debug_str     0x001672c3       0x9b ./gecko_sdk_4.1.0/platform/service/udelay/src/sl_udelay.o
                             0x150371 (size before relaxing)
 .debug_str     0x0016735e       0x75 ./gecko_sdk_4.1.0/platform/service/udelay/src/sl_udelay_armv6m_gcc.o
                                 0xc3 (size before relaxing)

.debug_frame    0x00000000     0x2238
 .debug_frame   0x00000000       0x38 ./app.o
 .debug_frame   0x00000038       0x28 ./main.o
 .debug_frame   0x00000060       0x20 ./autogen/sl_board_default_init.o
 .debug_frame   0x00000080       0x28 ./autogen/sl_device_init_clocks.o
 .debug_frame   0x000000a8       0xc8 ./autogen/sl_event_handler.o
 .debug_frame   0x00000170       0x2c ./autogen/sl_spidrv_init.o